<html>
<body>
<pre>
<h1>礦ision Build Log</h1>
<h2>Tool Versions:</h2>
IDE-Version: μVision V5.36.0.0
Copyright (C) 2021 ARM Ltd and ARM Germany GmbH. All rights reserved.
License Information: as XS, as, LIC=ATTQ1-CQUEB-EVK1R-KP87C-76GJG-EHQ72
 
Tool Versions:
Toolchain:       MDK-ARM Plus  Version: 5.36.0.0
Toolchain Path:  D:\Keil_v5\ARM\ARMCC\Bin
C Compiler:      Armcc.exe V5.06 update 7 (build 960)
Assembler:       Armasm.exe V5.06 update 7 (build 960)
Linker/Locator:  ArmLink.exe V5.06 update 7 (build 960)
Library Manager: ArmAr.exe V5.06 update 7 (build 960)
Hex Converter:   FromElf.exe V5.06 update 7 (build 960)
CPU DLL:         SARMCM3.DLL V5.36.0.0
Dialog DLL:      DCM.DLL V1.17.3.0
Target DLL:      Segger\JL2CM3.dll V2.99.40.0
Dialog DLL:      TCM.DLL V1.53.0.0
 
<h2>Project:</h2>
D:\TI\F407\DSS\AD9854模块+STM32&51驱动+原理图 V0.3\DDS开发板-STM32-点频9854(ok)\USER\VirtualCOMPort.uvprojx
Project File Date:  05/05/2022

<h2>Output:</h2>
*** Using Compiler 'V5.06 update 7 (build 960)', folder: 'D:\Keil_v5\ARM\ARMCC\Bin'
Rebuild target 'VirtualCOMPort'
assembling startup_stm32f10x_md.s...
compiling core_cm3.c...
compiling system_stm32f10x.c...
compiling stm32f10x_exti.c...
compiling misc.c...
compiling stm32f10x_it.c...
compiling stm32f10x_gpio.c...
compiling stm32f10x_fsmc.c...
compiling stm32f10x_crc.c...
compiling stm32f10x_bkp.c...
compiling stm32f10x_cec.c...
compiling stm32f10x_rcc.c...
compiling stm32f10x_dac.c...
compiling stm32f10x_adc.c...
compiling stm32f10x_usart.c...
compiling stm32f10x_can.c...
compiling stm32f10x_dbgmcu.c...
compiling stm32f10x_dma.c...
compiling stm32f10x_flash.c...
compiling stm32f10x_iwdg.c...
compiling stm32f10x_i2c.c...
compiling stm32f10x_pwr.c...
compiling stm32f10x_rtc.c...
compiling stm32f10x_sdio.c...
compiling stm32f10x_wwdg.c...
compiling delay.c...
compiling stm32f10x_spi.c...
compiling usart.c...
compiling main.c...
compiling stm32f10x_tim.c...
compiling sys.c...
compiling task_manage.c...
..\Soft\Task\task_manage.c(47): warning:  #167-D: argument of type "u8 *" is incompatible with parameter of type "const char *"
  	len = strlen(source);
..\Soft\Task\task_manage.c(117): warning:  #167-D: argument of type "u8 *" is incompatible with parameter of type "char *restrict"
  		sprintf(fre_buf, "%9d", SinFre);//第一次 进入
..\Soft\Task\task_manage.c(125): warning:  #223-D: function "atol" declared implicitly
  		SinFre = atol(fre_buf);//字符转换数字，判断上下限
..\Soft\Task\task_manage.c(127): warning:  #186-D: pointless comparison of unsigned integer with zero
  		if(SinFre<0) SinFre=0;
..\Soft\Task\task_manage.c(128): warning:  #167-D: argument of type "u8 *" is incompatible with parameter of type "char *restrict"
  		sprintf(fre_buf, "%9d", SinFre);//字符转换
..\Soft\Task\task_manage.c(130): warning:  #167-D: argument of type "u8 *" is incompatible with parameter of type "char *restrict"
  		sprintf(showstr, "%9d", SinFre);//字符转换
..\Soft\Task\task_manage.c(157): warning:  #167-D: argument of type "u8 *" is incompatible with parameter of type "char *restrict"
  		if(Param_Mode == 0) sprintf(fre_buf, "%9d", SweepMinFre);
..\Soft\Task\task_manage.c(158): warning:  #167-D: argument of type "u8 *" is incompatible with parameter of type "char *restrict"
  		if(Param_Mode == 1) sprintf(fre_buf, "%9d", SweepMaxFre);
..\Soft\Task\task_manage.c(159): warning:  #167-D: argument of type "u8 *" is incompatible with parameter of type "char *restrict"
  		if(Param_Mode == 2) sprintf(fre_buf, "%4d", SweepStepFre);
..\Soft\Task\task_manage.c(160): warning:  #167-D: argument of type "u8 *" is incompatible with parameter of type "char *restrict"
  		if(Param_Mode == 3) sprintf(fre_buf, "%3d", SweepTime);
..\Soft\Task\task_manage.c(169): warning:  #223-D: function "atol" declared implicitly
  			SweepMinFre = atol(fre_buf);//字符转换
..\Soft\Task\task_manage.c(171): warning:  #186-D: pointless comparison of unsigned integer with zero
  			if(SweepMinFre<0) SweepMinFre=0;
..\Soft\Task\task_manage.c(172): warning:  #167-D: argument of type "u8 *" is incompatible with parameter of type "char *restrict"
  			sprintf(fre_buf, "%9d", SweepMinFre);//数据重新写入
..\Soft\Task\task_manage.c(175): warning:  #167-D: argument of type "u8 *" is incompatible with parameter of type "char *restrict"
  		sprintf(showstr, "%9d", SweepMinFre);//重新申请缓存显示
..\Soft\Task\task_manage.c(186): warning:  #223-D: function "atol" declared implicitly
  			SweepMaxFre = atol(fre_buf);//字符转换
..\Soft\Task\task_manage.c(188): warning:  #186-D: pointless comparison of unsigned integer with zero
  			if(SweepMaxFre<0) SweepMaxFre=0;
..\Soft\Task\task_manage.c(189): warning:  #167-D: argument of type "u8 *" is incompatible with parameter of type "char *restrict"
  			sprintf(fre_buf, "%9d", SweepMaxFre);//数据重新写入
..\Soft\Task\task_manage.c(192): warning:  #167-D: argument of type "u8 *" is incompatible with parameter of type "char *restrict"
  		sprintf(showstr, "%9d", SweepMaxFre);//重新申请缓存显示
..\Soft\Task\task_manage.c(203): warning:  #223-D: function "atol" declared implicitly
  			SweepStepFre = atol(fre_buf);//字符转换
..\Soft\Task\task_manage.c(205): warning:  #186-D: pointless comparison of unsigned integer with zero
  			if(SweepStepFre<0) SweepStepFre=0;
..\Soft\Task\task_manage.c(206): warning:  #167-D: argument of type "u8 *" is incompatible with parameter of type "char *restrict"
  			sprintf(fre_buf, "%5d", SweepStepFre);//数据重新写入
..\Soft\Task\task_manage.c(209): warning:  #167-D: argument of type "u8 *" is incompatible with parameter of type "char *restrict"
  		sprintf(showstr, "%5d", SweepStepFre);//重新申请缓存显示
..\Soft\Task\task_manage.c(220): warning:  #223-D: function "atol" declared implicitly
  			SweepTime = atol(fre_buf);//字符转换
..\Soft\Task\task_manage.c(222): warning:  #186-D: pointless comparison of unsigned integer with zero
  			if(SweepTime<0) SweepTime=0;
..\Soft\Task\task_manage.c(223): warning:  #167-D: argument of type "u8 *" is incompatible with parameter of type "char *restrict"
  			sprintf(fre_buf, "%7d", SweepTime);//数据重新写入
..\Soft\Task\task_manage.c(226): warning:  #167-D: argument of type "u8 *" is incompatible with parameter of type "char *restrict"
  		sprintf(showstr, "%7d", SweepTime);//重新申请缓存显示
..\Soft\Task\task_manage.c(244): warning:  #167-D: argument of type "u8 *" is incompatible with parameter of type "const char *"
  	for (i = 0 ; i < strlen(strbuf); i++)
..\Soft\Task\task_manage.c(246): warning:  #167-D: argument of type "u8 *" is incompatible with parameter of type "const char *"
  	for (i = 0 ; i < strlen(fre_buf); i++)
..\Soft\Task\task_manage.c: 28 warnings, 0 errors
compiling led.c...
compiling key.c...
compiling AD9854.c...
..\HARDWARE\AD9854\AD9854.c(280): warning:  #1134-D: literal treated as "long long"
  	High16 =(int)(Freq/4294967295);                  //2^32 = 4294967295
..\HARDWARE\AD9854\AD9854.c(281): warning:  #1134-D: literal treated as "long long"
  	Freq -= (double)High16*4294967295;
..\HARDWARE\AD9854\AD9854.c: 2 warnings, 0 errors
compiling timer.c...
compiling lcd.c...
linking...
Program Size: Code=19868 RO-data=3260 RW-data=2468 ZI-data=2740  
FromELF: creating hex file...
"..\OBJ\VirtualCOMPort.axf" - 0 Error(s), 30 Warning(s).

<h2>Software Packages used:</h2>

Package Vendor: Keil
                http://www.keil.com/pack/Keil.STM32F1xx_DFP.2.4.0.pack
                Keil.STM32F1xx_DFP.2.4.0
                STMicroelectronics STM32F1 Series Device Support, Drivers and Examples

<h2>Collection of Component include folders:</h2>
  D:\Keil_v5\Packs\Keil\STM32F1xx_DFP\2.4.0\Device\Include

<h2>Collection of Component Files used:</h2>
Build Time Elapsed:  00:00:03
</pre>
</body>
</html>
