<html>
<body>
<pre>
<h1>礦ision Build Log</h1>
<h2>Tool Versions:</h2>
IDE-Version: μVision V5.27.0.0
Copyright (C) 2018 ARM Ltd and ARM Germany GmbH. All rights reserved.
License Information: aa a, aa, LIC=9N0AE-5LEVI-YDXK5-GKK7Z-51IV7-1IPR8
 
Tool Versions:
Toolchain:       MDK-ARM Professional  Version: 5.27.0.0
Toolchain Path:  D:\Keil_v5\ARM\ARMCC\Bin
C Compiler:      Armcc.exe V5.06 update 6 (build 750)
Assembler:       Armasm.exe V5.06 update 6 (build 750)
Linker/Locator:  ArmLink.exe V5.06 update 6 (build 750)
Library Manager: ArmAr.exe V5.06 update 6 (build 750)
Hex Converter:   FromElf.exe V5.06 update 6 (build 750)
CPU DLL:         SARMCM3.DLL V5.27.0.0
Dialog DLL:      DCM.DLL V1.17.2.0
Target DLL:      Segger\JL2CM3.dll V2.99.34.0
Dialog DLL:      TCM.DLL V1.36.1.0
 
<h2>Project:</h2>
D:\下载\AD5933源程序+PDFV0.5(1)\AD5933源程序+PDF  V0.5(1)\AD5933源程序+PDF\AD5933负阻抗测试0.4\USER\VirtualCOMPort.uvprojx
Project File Date:  07/20/2023

<h2>Output:</h2>
*** Using Compiler 'V5.06 update 6 (build 750)', folder: 'D:\Keil_v5\ARM\ARMCC\Bin'
Build target 'VirtualCOMPort'
assembling startup_stm32f10x_md.s...
compiling core_cm3.c...
compiling system_stm32f10x.c...
compiling stm32f10x_exti.c...
compiling stm32f10x_it.c...
compiling stm32f10x_usart.c...
compiling stm32f10x_crc.c...
compiling misc.c...
compiling stm32f10x_cec.c...
compiling stm32f10x_bkp.c...
compiling stm32f10x_dac.c...
compiling stm32f10x_gpio.c...
compiling stm32f10x_rcc.c...
compiling stm32f10x_adc.c...
compiling stm32f10x_fsmc.c...
compiling stm32f10x_can.c...
compiling stm32f10x_dbgmcu.c...
compiling stm32f10x_dma.c...
compiling stm32f10x_flash.c...
compiling stm32f10x_iwdg.c...
compiling stm32f10x_i2c.c...
compiling stm32f10x_pwr.c...
compiling stm32f10x_rtc.c...
compiling stm32f10x_spi.c...
compiling delay.c...
compiling stm32f10x_wwdg.c...
compiling stm32f10x_sdio.c...
compiling usart.c...
compiling main.c...
compiling led.c...
compiling stm32f10x_tim.c...
compiling sys.c...
compiling lcd.c...
compiling I2C.c...
..\HARDWARE\AD5933\I2C.c(402): warning:  #550-D: variable "re"  was set but never used
  	float Rs,re,im;
..\HARDWARE\AD5933\I2C.c(402): warning:  #550-D: variable "im"  was set but never used
  	float Rs,re,im;
..\HARDWARE\AD5933\I2C.c(431): warning:  #177-D: variable "re"  was declared but never referenced
  	float Rs,re,im,cap;
..\HARDWARE\AD5933\I2C.c(446): warning:  #177-D: variable "re"  was declared but never referenced
  	float Rs,re,im;
..\HARDWARE\AD5933\I2C.c: 4 warnings, 0 errors
compiling key.c...
compiling task_manage.c...
..\Soft\Task\task_manage.c(186): warning:  #225-D: the format string ends before this argument
  		sprintf(str,"   0LΩ  ",Rs/1000000);
..\Soft\Task\task_manage.c(197): warning:  #167-D: argument of type "char *" is incompatible with parameter of type "u8 *"
  	LCD_Show_CEStr(20,2,str);
..\Soft\Task\task_manage.c(227): warning:  #167-D: argument of type "char *" is incompatible with parameter of type "u8 *"
  	LCD_Show_CEStr(20,2,str);
..\Soft\Task\task_manage.c(257): warning:  #167-D: argument of type "char *" is incompatible with parameter of type "u8 *"
  	LCD_Show_CEStr(20,2,str);
..\Soft\Task\task_manage.c: 4 warnings, 0 errors
linking...
Program Size: Code=28910 RO-data=3610 RW-data=792 ZI-data=5952  
FromELF: creating hex file...
"..\OBJ\VirtualCOMPort.axf" - 0 Error(s), 8 Warning(s).

<h2>Software Packages used:</h2>

Package Vendor: Keil
                http://www.keil.com/pack/Keil.STM32F1xx_DFP.2.4.0.pack
                Keil.STM32F1xx_DFP.2.4.0
                STMicroelectronics STM32F1 Series Device Support, Drivers and Examples

<h2>Collection of Component include folders:</h2>
  .\RTE\_VirtualCOMPort
  D:\Keil_v5\ARM\PACK\Keil\STM32F1xx_DFP\2.4.0\Device\Include

<h2>Collection of Component Files used:</h2>
Build Time Elapsed:  00:00:02
</pre>
</body>
</html>
