Component: ARM Compiler 6.11 Tool: armlink [5d3b3900]

==============================================================================

Section Cross References

    startup_stm32h743xx.o(RESET) refers to startup_stm32h743xx.o(STACK) for __initial_sp
    startup_stm32h743xx.o(RESET) refers to startup_stm32h743xx.o(.text) for Reset_Handler
    startup_stm32h743xx.o(RESET) refers to stm32h7xx_it.o(.text.NMI_Handler) for NMI_Handler
    startup_stm32h743xx.o(RESET) refers to stm32h7xx_it.o(.text.HardFault_Handler) for HardFault_Handler
    startup_stm32h743xx.o(RESET) refers to stm32h7xx_it.o(.text.MemManage_Handler) for MemManage_Handler
    startup_stm32h743xx.o(RESET) refers to stm32h7xx_it.o(.text.BusFault_Handler) for BusFault_Handler
    startup_stm32h743xx.o(RESET) refers to stm32h7xx_it.o(.text.UsageFault_Handler) for UsageFault_Handler
    startup_stm32h743xx.o(RESET) refers to stm32h7xx_it.o(.text.SVC_Handler) for SVC_Handler
    startup_stm32h743xx.o(RESET) refers to stm32h7xx_it.o(.text.DebugMon_Handler) for DebugMon_Handler
    startup_stm32h743xx.o(RESET) refers to stm32h7xx_it.o(.text.PendSV_Handler) for PendSV_Handler
    startup_stm32h743xx.o(RESET) refers to stm32h7xx_it.o(.text.SysTick_Handler) for SysTick_Handler
    startup_stm32h743xx.o(RESET) refers to stm32h7xx_it.o(.text.TIM8_TRG_COM_TIM14_IRQHandler) for TIM8_TRG_COM_TIM14_IRQHandler
    startup_stm32h743xx.o(RESET) refers to stm32h7xx_it.o(.text.TIM6_DAC_IRQHandler) for TIM6_DAC_IRQHandler
    startup_stm32h743xx.o(RESET) refers to stm32h7xx_it.o(.text.TIM15_IRQHandler) for TIM15_IRQHandler
    startup_stm32h743xx.o(.text) refers to system_stm32h7xx.o(.text.SystemInit) for SystemInit
    startup_stm32h743xx.o(.text) refers to entry.o(.ARM.Collect$$$$00000000) for __main
    main.o(.text.adc_init) refers to stm32h7xx_hal_adc.o(.text.HAL_ADC_DeInit) for HAL_ADC_DeInit
    main.o(.text.adc_init) refers to adc.o(.text.MX_ADC1_Init) for MX_ADC1_Init
    main.o(.text.adc_init) refers to stm32h7xx_hal.o(.text.HAL_Delay) for HAL_Delay
    main.o(.text.adc_init) refers to stm32h7xx_hal_adc_ex.o(.text.HAL_ADCEx_Calibration_Start) for HAL_ADCEx_Calibration_Start
    main.o(.text.adc_init) refers to puts.o(i.puts) for puts
    main.o(.text.adc_init) refers to stm32h7xx_hal_adc.o(.text.HAL_ADC_Start_DMA) for HAL_ADC_Start_DMA
    main.o(.text.adc_init) refers to stm32h7xx_hal_tim.o(.text.HAL_TIM_Base_Start) for HAL_TIM_Base_Start
    main.o(.text.adc_init) refers to adc.o(.bss.hadc1) for hadc1
    main.o(.text.adc_init) refers to main.o(.data.ADC1_BUFFER_SIZE) for ADC1_BUFFER_SIZE
    main.o(.text.adc_init) refers to main.o(.ARM.__at_0x30000000) for adc1_data
    main.o(.text.adc_init) refers to tim.o(.bss.htim15) for htim15
    main.o(.text.adc_init) refers to main.o(.bss.AdcConvEnd) for AdcConvEnd
    main.o(.ARM.exidx.text.adc_init) refers to main.o(.text.adc_init) for [Anonymous Symbol]
    main.o(.ARM.exidx.text.Error_Handler) refers to main.o(.text.Error_Handler) for [Anonymous Symbol]
    main.o(.text.SineWave) refers to sin.o(i.__hardfp_sin) for __hardfp_sin
    main.o(.text.SineWave) refers to main.o(.ARM.__at_0x38000000) for Dat
    main.o(.ARM.exidx.text.SineWave) refers to main.o(.text.SineWave) for [Anonymous Symbol]
    main.o(.text.main) refers to stm32h7xx_hal_cortex.o(.text.HAL_MPU_Disable) for HAL_MPU_Disable
    main.o(.text.main) refers to stm32h7xx_hal_cortex.o(.text.HAL_MPU_Enable) for HAL_MPU_Enable
    main.o(.text.main) refers to stm32h7xx_hal.o(.text.HAL_Init) for HAL_Init
    main.o(.text.main) refers to main.o(.text.SystemClock_Config) for SystemClock_Config
    main.o(.text.main) refers to gpio.o(.text.MX_GPIO_Init) for MX_GPIO_Init
    main.o(.text.main) refers to usart.o(.text.MX_USART1_UART_Init) for MX_USART1_UART_Init
    main.o(.text.main) refers to tim.o(.text.MX_TIM7_Init) for MX_TIM7_Init
    main.o(.text.main) refers to tim.o(.text.MX_TIM6_Init) for MX_TIM6_Init
    main.o(.text.main) refers to adc.o(.text.MX_ADC1_Init) for MX_ADC1_Init
    main.o(.text.main) refers to tim.o(.text.MX_TIM15_Init) for MX_TIM15_Init
    main.o(.text.main) refers to tim.o(.text.MX_TIM14_Init) for MX_TIM14_Init
    main.o(.text.main) refers to hc595.o(.text.HC595_Init) for HC595_Init
    main.o(.text.main) refers to stm32h7xx_hal_adc.o(.text.HAL_ADC_GetValue) for HAL_ADC_GetValue
    main.o(.text.main) refers to stm32h7xx_hal_cortex.o(.text.HAL_MPU_ConfigRegion) for HAL_MPU_ConfigRegion
    main.o(.text.main) refers to tim.o(.bss.htim15) for htim15
    main.o(.text.main) refers to stm32h7xx_hal_tim.o(.text.HAL_TIM_Base_Start_IT) for HAL_TIM_Base_Start_IT
    main.o(.text.main) refers to tim.o(.bss.htim6) for htim6
    main.o(.text.main) refers to tim.o(.bss.htim14) for htim14
    main.o(.text.main) refers to adc.o(.bss.hadc1) for hadc1
    main.o(.text.main) refers to main.o(.data.ADC1_BUFFER_SIZE) for ADC1_BUFFER_SIZE
    main.o(.ARM.exidx.text.main) refers to main.o(.text.main) for [Anonymous Symbol]
[...]
    [Anonymous Symbol]                       0x08001768   Section        0  stm32h7xx_hal_cortex.o(.text.HAL_NVIC_EnableIRQ)
    __arm_cp.3_0                             0x08001780   Number         4  stm32h7xx_hal_cortex.o(.text.HAL_NVIC_EnableIRQ)
    [Anonymous Symbol]                       0x08001784   Section        0  stm32h7xx_hal_cortex.o(.text.HAL_NVIC_SetPriority)
    [Anonymous Symbol]                       0x080017c4   Section        0  stm32h7xx_hal_cortex.o(.text.HAL_NVIC_SetPriorityGrouping)
    __arm_cp.0_0                             0x080017dc   Number         4  stm32h7xx_hal_cortex.o(.text.HAL_NVIC_SetPriorityGrouping)
    __arm_cp.0_1                             0x080017e0   Number         4  stm32h7xx_hal_cortex.o(.text.HAL_NVIC_SetPriorityGrouping)
    [Anonymous Symbol]                       0x080017e4   Section        0  stm32h7xx_hal_pwr_ex.o(.text.HAL_PWREx_ConfigSupply)
    __arm_cp.0_0                             0x08001828   Number         4  stm32h7xx_hal_pwr_ex.o(.text.HAL_PWREx_ConfigSupply)
    [Anonymous Symbol]                       0x0800182c   Section        0  stm32h7xx_hal_rcc_ex.o(.text.HAL_RCCEx_GetD3PCLK1Freq)
    __arm_cp.8_0                             0x08001848   Number         4  stm32h7xx_hal_rcc_ex.o(.text.HAL_RCCEx_GetD3PCLK1Freq)
    __arm_cp.8_1                             0x0800184c   Number         4  stm32h7xx_hal_rcc_ex.o(.text.HAL_RCCEx_GetD3PCLK1Freq)
    [Anonymous Symbol]                       0x08001850   Section        0  stm32h7xx_hal_rcc_ex.o(.text.HAL_RCCEx_GetPLL1ClockFreq)
    __arm_cp.5_0                             0x08001948   Number         4  stm32h7xx_hal_rcc_ex.o(.text.HAL_RCCEx_GetPLL1ClockFreq)
    __arm_cp.5_4                             0x08001958   Number         4  stm32h7xx_hal_rcc_ex.o(.text.HAL_RCCEx_GetPLL1ClockFreq)
    [Anonymous Symbol]                       0x08001960   Section        0  stm32h7xx_hal_rcc_ex.o(.text.HAL_RCCEx_GetPLL2ClockFreq)
    __arm_cp.6_0                             0x08001a54   Number         4  stm32h7xx_hal_rcc_ex.o(.text.HAL_RCCEx_GetPLL2ClockFreq)
    __arm_cp.6_4                             0x08001a64   Number         4  stm32h7xx_hal_rcc_ex.o(.text.HAL_RCCEx_GetPLL2ClockFreq)
    [Anonymous Symbol]                       0x08001a6c   Section        0  stm32h7xx_hal_rcc_ex.o(.text.HAL_RCCEx_GetPLL3ClockFreq)
    __arm_cp.7_0                             0x08001b60   Number         4  stm32h7xx_hal_rcc_ex.o(.text.HAL_RCCEx_GetPLL3ClockFreq)
    __arm_cp.7_4                             0x08001b70   Number         4  stm32h7xx_hal_rcc_ex.o(.text.HAL_RCCEx_GetPLL3ClockFreq)
    [Anonymous Symbol]                       0x08001b78   Section        0  stm32h7xx_hal_rcc_ex.o(.text.HAL_RCCEx_GetPeriphCLKFreq)
    __arm_cp.4_0                             0x08001df4   Number         4  stm32h7xx_hal_rcc_ex.o(.text.HAL_RCCEx_GetPeriphCLKFreq)
    __arm_cp.4_1                             0x08001df8   Number         4  stm32h7xx_hal_rcc_ex.o(.text.HAL_RCCEx_GetPeriphCLKFreq)
    __arm_cp.4_2                             0x08001dfc   Number         4  stm32h7xx_hal_rcc_ex.o(.text.HAL_RCCEx_GetPeriphCLKFreq)
    __arm_cp.4_3                             0x08001e00   Number         4  stm32h7xx_hal_rcc_ex.o(.text.HAL_RCCEx_GetPeriphCLKFreq)
    __arm_cp.4_4                             0x08001e04   Number         4  stm32h7xx_hal_rcc_ex.o(.text.HAL_RCCEx_GetPeriphCLKFreq)
    [Anonymous Symbol]                       0x08001e08   Section        0  stm32h7xx_hal_rcc_ex.o(.text.HAL_RCCEx_PeriphCLKConfig)
    __arm_cp.0_18                            0x080020d4   Number         4  stm32h7xx_hal_rcc_ex.o(.text.HAL_RCCEx_PeriphCLKConfig)
    __arm_cp.0_1                             0x0800279c   Number         4  stm32h7xx_hal_rcc_ex.o(.text.HAL_RCCEx_PeriphCLKConfig)
    [Anonymous Symbol]                       0x080027a0   Section        0  stm32h7xx_hal_rcc.o(.text.HAL_RCC_ClockConfig)
    __arm_cp.2_0                             0x080029b0   Number         4  stm32h7xx_hal_rcc.o(.text.HAL_RCC_ClockConfig)
    __arm_cp.2_5                             0x080029b4   Number         4  stm32h7xx_hal_rcc.o(.text.HAL_RCC_ClockConfig)
    [Anonymous Symbol]                       0x080029b8   Section        0  stm32h7xx_hal_rcc.o(.text.HAL_RCC_GetHCLKFreq)
    __arm_cp.7_0                             0x080029ec   Number         4  stm32h7xx_hal_rcc.o(.text.HAL_RCC_GetHCLKFreq)
    __arm_cp.7_2                             0x080029f0   Number         4  stm32h7xx_hal_rcc.o(.text.HAL_RCC_GetHCLKFreq)
    __arm_cp.7_3                             0x080029f4   Number         4  stm32h7xx_hal_rcc.o(.text.HAL_RCC_GetHCLKFreq)
    [Anonymous Symbol]                       0x080029f8   Section        0  stm32h7xx_hal_rcc.o(.text.HAL_RCC_GetPCLK1Freq)
    [Anonymous Symbol]                       0x08002a14   Section        0  stm32h7xx_hal_rcc.o(.text.HAL_RCC_GetPCLK2Freq)
    __arm_cp.9_0                             0x08002a30   Number         4  stm32h7xx_hal_rcc.o(.text.HAL_RCC_GetPCLK2Freq)
    __arm_cp.9_1                             0x08002a34   Number         4  stm32h7xx_hal_rcc.o(.text.HAL_RCC_GetPCLK2Freq)
    [Anonymous Symbol]                       0x08002a38   Section        0  stm32h7xx_hal_rcc.o(.text.HAL_RCC_GetSysClockFreq)
    __arm_cp.3_0                             0x08002b14   Number         4  stm32h7xx_hal_rcc.o(.text.HAL_RCC_GetSysClockFreq)
    __arm_cp.3_1                             0x08002b18   Number         4  stm32h7xx_hal_rcc.o(.text.HAL_RCC_GetSysClockFreq)
    __arm_cp.3_2                             0x08002b1c   Number         4  stm32h7xx_hal_rcc.o(.text.HAL_RCC_GetSysClockFreq)
    __arm_cp.3_6                             0x08002b2c   Number         4  stm32h7xx_hal_rcc.o(.text.HAL_RCC_GetSysClockFreq)
    [Anonymous Symbol]                       0x08002b34   Section        0  stm32h7xx_hal_rcc.o(.text.HAL_RCC_OscConfig)
    __arm_cp.1_1                             0x08002e04   Number         4  stm32h7xx_hal_rcc.o(.text.HAL_RCC_OscConfig)
    [Anonymous Symbol]                       0x08003060   Section        0  stm32h7xx_hal_cortex.o(.text.HAL_SYSTICK_Config)
    __arm_cp.7_0                             0x08003080   Number         4  stm32h7xx_hal_cortex.o(.text.HAL_SYSTICK_Config)
    __arm_cp.7_1                             0x08003084   Number         4  stm32h7xx_hal_cortex.o(.text.HAL_SYSTICK_Config)
    [Anonymous Symbol]                       0x08003088   Section        0  stm32h7xx_hal_tim_ex.o(.text.HAL_TIMEx_Break2Callback)
    [Anonymous Symbol]                       0x0800308a   Section        0  stm32h7xx_hal_tim_ex.o(.text.HAL_TIMEx_BreakCallback)
    [Anonymous Symbol]                       0x0800308c   Section        0  stm32h7xx_hal_tim_ex.o(.text.HAL_TIMEx_CommutCallback)
    [Anonymous Symbol]                       0x08003090   Section        0  stm32h7xx_hal_tim_ex.o(.text.HAL_TIMEx_MasterConfigSynchronization)
    [Anonymous Symbol]                       0x0800311c   Section        0  stm32h7xx_hal_tim.o(.text.HAL_TIM_Base_Init)
    [Anonymous Symbol]                       0x0800317c   Section        0  tim.o(.text.HAL_TIM_Base_MspInit)
    __arm_cp.4_1                             0x08003228   Number         4  tim.o(.text.HAL_TIM_Base_MspInit)
    __arm_cp.4_2                             0x0800322c   Number         4  tim.o(.text.HAL_TIM_Base_MspInit)
    __arm_cp.4_3                             0x08003230   Number         4  tim.o(.text.HAL_TIM_Base_MspInit)
    __arm_cp.4_4                             0x08003234   Number         4  tim.o(.text.HAL_TIM_Base_MspInit)
    [Anonymous Symbol]                       0x08003238   Section        0  stm32h7xx_hal_tim.o(.text.HAL_TIM_Base_Start)
    [Anonymous Symbol]                       0x080032a0   Section        0  stm32h7xx_hal_tim.o(.text.HAL_TIM_Base_Start_IT)
    __arm_cp.7_0                             0x08003310   Number         4  stm32h7xx_hal_tim.o(.text.HAL_TIM_Base_Start_IT)
    __arm_cp.7_1                             0x08003314   Number         4  stm32h7xx_hal_tim.o(.text.HAL_TIM_Base_Start_IT)
    __arm_cp.7_2                             0x08003318   Number         4  stm32h7xx_hal_tim.o(.text.HAL_TIM_Base_Start_IT)
    __arm_cp.7_3                             0x0800331c   Number         4  stm32h7xx_hal_tim.o(.text.HAL_TIM_Base_Start_IT)
    __arm_cp.7_4                             0x08003320   Number         4  stm32h7xx_hal_tim.o(.text.HAL_TIM_Base_Start_IT)
    __arm_cp.7_5                             0x08003324   Number         4  stm32h7xx_hal_tim.o(.text.HAL_TIM_Base_Start_IT)
    __arm_cp.7_6                             0x08003328   Number         4  stm32h7xx_hal_tim.o(.text.HAL_TIM_Base_Start_IT)
    __arm_cp.7_7                             0x0800332c   Number         4  stm32h7xx_hal_tim.o(.text.HAL_TIM_Base_Start_IT)
    [Anonymous Symbol]                       0x08003330   Section        0  stm32h7xx_hal_tim.o(.text.HAL_TIM_Base_Stop)
    [Anonymous Symbol]                       0x0800335c   Section        0  stm32h7xx_hal_tim.o(.text.HAL_TIM_ConfigClockSource)
    __arm_cp.96_0                            0x08003470   Number         4  stm32h7xx_hal_tim.o(.text.HAL_TIM_ConfigClockSource)
    __arm_cp.96_1                            0x08003474   Number         4  stm32h7xx_hal_tim.o(.text.HAL_TIM_ConfigClockSource)
    __arm_cp.96_2                            0x08003478   Number         4  stm32h7xx_hal_tim.o(.text.HAL_TIM_ConfigClockSource)
    __arm_cp.96_3                            0x0800347c   Number         4  stm32h7xx_hal_tim.o(.text.HAL_TIM_ConfigClockSource)
    __arm_cp.96_4                            0x08003480   Number         4  stm32h7xx_hal_tim.o(.text.HAL_TIM_ConfigClockSource)
    [Anonymous Symbol]                       0x08003484   Section        0  stm32h7xx_hal_tim.o(.text.HAL_TIM_IC_CaptureCallback)
    [Anonymous Symbol]                       0x08003488   Section        0  stm32h7xx_hal_tim.o(.text.HAL_TIM_IRQHandler)
    __arm_cp.67_0                            0x08003610   Number         4  stm32h7xx_hal_tim.o(.text.HAL_TIM_IRQHandler)
    [Anonymous Symbol]                       0x08003614   Section        0  stm32h7xx_hal_tim.o(.text.HAL_TIM_OC_DelayElapsedCallback)
    [Anonymous Symbol]                       0x08003616   Section        0  stm32h7xx_hal_tim.o(.text.HAL_TIM_PWM_PulseFinishedCallback)
    [Anonymous Symbol]                       0x08003618   Section        0  stm32h7xx_hal_tim.o(.text.HAL_TIM_PeriodElapsedCallback)
    [Anonymous Symbol]                       0x0800361a   Section        0  stm32h7xx_hal_tim.o(.text.HAL_TIM_TriggerCallback)
    [Anonymous Symbol]                       0x0800361c   Section        0  stm32h7xx_hal_uart_ex.o(.text.HAL_UARTEx_DisableFifoMode)
    [Anonymous Symbol]                       0x08003652   Section        0  stm32h7xx_hal_uart_ex.o(.text.HAL_UARTEx_SetRxFifoThreshold)
    [Anonymous Symbol]                       0x0800369c   Section        0  stm32h7xx_hal_uart_ex.o(.text.HAL_UARTEx_SetTxFifoThreshold)
    [Anonymous Symbol]                       0x080036e6   Section        0  stm32h7xx_hal_uart.o(.text.HAL_UART_Init)
    [Anonymous Symbol]                       0x0800374c   Section        0  usart.o(.text.HAL_UART_MspInit)
    __arm_cp.1_0                             0x080037c4   Number         4  usart.o(.text.HAL_UART_MspInit)
    __arm_cp.1_2                             0x080037c8   Number         4  usart.o(.text.HAL_UART_MspInit)
    [Anonymous Symbol]                       0x080037cc   Section        0  stm32h7xx_hal_uart.o(.text.HAL_UART_Transmit)
    [Anonymous Symbol]                       0x08003888   Section        0  hc595.o(.text.HC595_Init)
    [Anonymous Symbol]                       0x0800391c   Section        0  stm32h7xx_it.o(.text.HardFault_Handler)
    [Anonymous Symbol]                       0x08003920   Section        0  hc595.o(.text.LED8_Display)
    __arm_cp.1_0                             0x0800395c   Number         4  hc595.o(.text.LED8_Display)
    [Anonymous Symbol]                       0x08003960   Section        0  hc595.o(.text.LED_OUT)
    LL_ADC_SetChannelSamplingTime            0x080039a1   Thumb Code    34  stm32h7xx_hal_adc.o(.text.LL_ADC_SetChannelSamplingTime)
    [Anonymous Symbol]                       0x080039a0   Section        0  stm32h7xx_hal_adc.o(.text.LL_ADC_SetChannelSamplingTime)
    [Anonymous Symbol]                       0x080039c4   Section        0  adc.o(.text.MX_ADC1_Init)
    __arm_cp.0_1                             0x08003a44   Number         4  adc.o(.text.MX_ADC1_Init)
    __arm_cp.0_2                             0x08003a48   Number         4  adc.o(.text.MX_ADC1_Init)
    [Anonymous Symbol]                       0x08003a4c   Section        0  gpio.o(.text.MX_GPIO_Init)
    __arm_cp.0_0                             0x08003af8   Number         4  gpio.o(.text.MX_GPIO_Init)
    __arm_cp.0_1                             0x08003afc   Number         4  gpio.o(.text.MX_GPIO_Init)
    __arm_cp.0_2                             0x08003b00   Number         4  gpio.o(.text.MX_GPIO_Init)
    [Anonymous Symbol]                       0x08003b04   Section        0  tim.o(.text.MX_TIM14_Init)
    __arm_cp.2_0                             0x08003b30   Number         4  tim.o(.text.MX_TIM14_Init)
    __arm_cp.2_1                             0x08003b34   Number         4  tim.o(.text.MX_TIM14_Init)
    [Anonymous Symbol]                       0x08003b38   Section        0  tim.o(.text.MX_TIM15_Init)
    __arm_cp.3_0                             0x08003b9c   Number         4  tim.o(.text.MX_TIM15_Init)
    __arm_cp.3_1                             0x08003ba0   Number         4  tim.o(.text.MX_TIM15_Init)
    [Anonymous Symbol]                       0x08003ba4   Section        0  tim.o(.text.MX_TIM6_Init)
    __arm_cp.0_0                             0x08003be4   Number         4  tim.o(.text.MX_TIM6_Init)
    __arm_cp.0_1                             0x08003be8   Number         4  tim.o(.text.MX_TIM6_Init)
    [Anonymous Symbol]                       0x08003bec   Section        0  tim.o(.text.MX_TIM7_Init)
    __arm_cp.1_0                             0x08003c28   Number         4  tim.o(.text.MX_TIM7_Init)
    __arm_cp.1_1                             0x08003c2c   Number         4  tim.o(.text.MX_TIM7_Init)
    [Anonymous Symbol]                       0x08003c30   Section        0  usart.o(.text.MX_USART1_UART_Init)
    __arm_cp.0_0                             0x08003c90   Number         4  usart.o(.text.MX_USART1_UART_Init)
    __arm_cp.0_1                             0x08003c94   Number         4  usart.o(.text.MX_USART1_UART_Init)
    [Anonymous Symbol]                       0x08003c98   Section        0  stm32h7xx_it.o(.text.MemManage_Handler)
    [Anonymous Symbol]                       0x08003c9a   Section        0  stm32h7xx_it.o(.text.NMI_Handler)
    [Anonymous Symbol]                       0x08003c9c   Section        0  stm32h7xx_it.o(.text.PendSV_Handler)
    [Anonymous Symbol]                       0x08003ca0   Section        0  adc.o(.text.Pinread)
    __arm_cp.3_0                             0x08003cd4   Number         4  adc.o(.text.Pinread)
    __arm_cp.3_1                             0x08003cd8   Number         4  adc.o(.text.Pinread)
    RCCEx_PLL2_Config                        0x08003cdd   Thumb Code   260  stm32h7xx_hal_rcc_ex.o(.text.RCCEx_PLL2_Config)
    [Anonymous Symbol]                       0x08003cdc   Section        0  stm32h7xx_hal_rcc_ex.o(.text.RCCEx_PLL2_Config)
    RCCEx_PLL3_Config                        0x08003ddd   Thumb Code   260  stm32h7xx_hal_rcc_ex.o(.text.RCCEx_PLL3_Config)
    [Anonymous Symbol]                       0x08003ddc   Section        0  stm32h7xx_hal_rcc_ex.o(.text.RCCEx_PLL3_Config)
    [Anonymous Symbol]                       0x08003edc   Section        0  stm32h7xx_it.o(.text.SVC_Handler)
    [Anonymous Symbol]                       0x08003ede   Section        0  stm32h7xx_it.o(.text.SysTick_Handler)
    [Anonymous Symbol]                       0x08003ee4   Section        0  main.o(.text.SystemClock_Config)
    __arm_cp.4_0                             0x08003fd8   Number         4  main.o(.text.SystemClock_Config)
    __arm_cp.4_1                             0x08003fdc   Number         4  main.o(.text.SystemClock_Config)
    __arm_cp.4_2                             0x08003fe0   Number         4  main.o(.text.SystemClock_Config)
    [Anonymous Symbol]                       0x08003fe4   Section        0  system_stm32h7xx.o(.text.SystemInit)
    __arm_cp.0_0                             0x08004070   Number         4  system_stm32h7xx.o(.text.SystemInit)
    __arm_cp.0_1                             0x08004074   Number         4  system_stm32h7xx.o(.text.SystemInit)
    __arm_cp.0_2                             0x08004078   Number         4  system_stm32h7xx.o(.text.SystemInit)
    __arm_cp.0_3                             0x0800407c   Number         4  system_stm32h7xx.o(.text.SystemInit)
    __arm_cp.0_4                             0x08004080   Number         4  system_stm32h7xx.o(.text.SystemInit)
    __arm_cp.0_5                             0x08004084   Number         4  system_stm32h7xx.o(.text.SystemInit)
    __arm_cp.0_6                             0x08004088   Number         4  system_stm32h7xx.o(.text.SystemInit)
    __arm_cp.0_7                             0x0800408c   Number         4  system_stm32h7xx.o(.text.SystemInit)
    __arm_cp.0_8                             0x08004090   Number         4  system_stm32h7xx.o(.text.SystemInit)
    __arm_cp.0_9                             0x08004094   Number         4  system_stm32h7xx.o(.text.SystemInit)
    [Anonymous Symbol]                       0x08004098   Section        0  stm32h7xx_it.o(.text.TIM15_IRQHandler)
    __arm_cp.11_0                            0x080041b0   Number         4  stm32h7xx_it.o(.text.TIM15_IRQHandler)
    __arm_cp.11_1                            0x080041b4   Number         4  stm32h7xx_it.o(.text.TIM15_IRQHandler)
    __arm_cp.11_2                            0x080041b8   Number         4  stm32h7xx_it.o(.text.TIM15_IRQHandler)
    __arm_cp.11_3                            0x080041bc   Number         4  stm32h7xx_it.o(.text.TIM15_IRQHandler)
    __arm_cp.11_4                            0x080041c0   Number         4  stm32h7xx_it.o(.text.TIM15_IRQHandler)
    [Anonymous Symbol]                       0x080041cc   Section        0  stm32h7xx_it.o(.text.TIM6_DAC_IRQHandler)
    __arm_cp.10_1                            0x08004208   Number         4  stm32h7xx_it.o(.text.TIM6_DAC_IRQHandler)
    [Anonymous Symbol]                       0x0800420c   Section        0  stm32h7xx_it.o(.text.TIM8_TRG_COM_TIM14_IRQHandler)
    __arm_cp.9_0                             0x08004238   Number         4  stm32h7xx_it.o(.text.TIM8_TRG_COM_TIM14_IRQHandler)
    __arm_cp.9_1                             0x0800423c   Number         4  stm32h7xx_it.o(.text.TIM8_TRG_COM_TIM14_IRQHandler)
    [Anonymous Symbol]                       0x08004240   Section        0  stm32h7xx_hal_tim.o(.text.TIM_Base_SetConfig)
    __arm_cp.2_0                             0x08004318   Number         4  stm32h7xx_hal_tim.o(.text.TIM_Base_SetConfig)
    __arm_cp.2_1                             0x0800431c   Number         4  stm32h7xx_hal_tim.o(.text.TIM_Base_SetConfig)
    __arm_cp.2_2                             0x08004320   Number         4  stm32h7xx_hal_tim.o(.text.TIM_Base_SetConfig)
    __arm_cp.2_3                             0x08004324   Number         4  stm32h7xx_hal_tim.o(.text.TIM_Base_SetConfig)
    __arm_cp.2_4                             0x08004328   Number         4  stm32h7xx_hal_tim.o(.text.TIM_Base_SetConfig)
    __arm_cp.2_5                             0x0800432c   Number         4  stm32h7xx_hal_tim.o(.text.TIM_Base_SetConfig)
    __arm_cp.2_6                             0x08004330   Number         4  stm32h7xx_hal_tim.o(.text.TIM_Base_SetConfig)
    __arm_cp.2_7                             0x08004334   Number         4  stm32h7xx_hal_tim.o(.text.TIM_Base_SetConfig)
    TIM_TI1_ConfigInputStage                 0x08004339   Thumb Code    34  stm32h7xx_hal_tim.o(.text.TIM_TI1_ConfigInputStage)
    [Anonymous Symbol]                       0x08004338   Section        0  stm32h7xx_hal_tim.o(.text.TIM_TI1_ConfigInputStage)
    TIM_TI2_ConfigInputStage                 0x0800435b   Thumb Code    36  stm32h7xx_hal_tim.o(.text.TIM_TI2_ConfigInputStage)
    [Anonymous Symbol]                       0x0800435a   Section        0  stm32h7xx_hal_tim.o(.text.TIM_TI2_ConfigInputStage)
    UARTEx_SetNbDataToProcess                0x08004381   Thumb Code    84  stm32h7xx_hal_uart_ex.o(.text.UARTEx_SetNbDataToProcess)
    [Anonymous Symbol]                       0x08004380   Section        0  stm32h7xx_hal_uart_ex.o(.text.UARTEx_SetNbDataToProcess)
    __arm_cp.9_0                             0x080043cc   Number         4  stm32h7xx_hal_uart_ex.o(.text.UARTEx_SetNbDataToProcess)
    __arm_cp.9_1                             0x080043d0   Number         4  stm32h7xx_hal_uart_ex.o(.text.UARTEx_SetNbDataToProcess)
    [Anonymous Symbol]                       0x080043d4   Section        0  stm32h7xx_hal_uart.o(.text.UART_AdvFeatureConfig)
    [Anonymous Symbol]                       0x0800449c   Section        0  stm32h7xx_hal_uart.o(.text.UART_CheckIdleState)
    __arm_cp.4_0                             0x0800454c   Number         4  stm32h7xx_hal_uart.o(.text.UART_CheckIdleState)
    UART_EndRxTransfer                       0x08004551   Thumb Code    92  stm32h7xx_hal_uart.o(.text.UART_EndRxTransfer)
    [Anonymous Symbol]                       0x08004550   Section        0  stm32h7xx_hal_uart.o(.text.UART_EndRxTransfer)
    __arm_cp.30_0                            0x080045a8   Number         4  stm32h7xx_hal_uart.o(.text.UART_EndRxTransfer)
    [Anonymous Symbol]                       0x080045ac   Section        0  stm32h7xx_hal_uart.o(.text.UART_SetConfig)
    __arm_cp.2_28                            0x080047e8   Number         4  stm32h7xx_hal_uart.o(.text.UART_SetConfig)
    __arm_cp.2_39                            0x080047ec   Number         4  stm32h7xx_hal_uart.o(.text.UART_SetConfig)
    __arm_cp.2_29                            0x08004840   Number         4  stm32h7xx_hal_uart.o(.text.UART_SetConfig)
    __arm_cp.2_30                            0x08004844   Number         4  stm32h7xx_hal_uart.o(.text.UART_SetConfig)
    __arm_cp.2_31                            0x08004848   Number         4  stm32h7xx_hal_uart.o(.text.UART_SetConfig)
    __arm_cp.2_32                            0x0800484c   Number         4  stm32h7xx_hal_uart.o(.text.UART_SetConfig)
    __arm_cp.2_33                            0x08004850   Number         4  stm32h7xx_hal_uart.o(.text.UART_SetConfig)
    __arm_cp.2_34                            0x08004854   Number         4  stm32h7xx_hal_uart.o(.text.UART_SetConfig)
    __arm_cp.2_35                            0x08004858   Number         4  stm32h7xx_hal_uart.o(.text.UART_SetConfig)
    __arm_cp.2_36                            0x0800485c   Number         4  stm32h7xx_hal_uart.o(.text.UART_SetConfig)
    __arm_cp.2_37                            0x08004860   Number         4  stm32h7xx_hal_uart.o(.text.UART_SetConfig)
    __arm_cp.2_38                            0x08004864   Number         4  stm32h7xx_hal_uart.o(.text.UART_SetConfig)
    __arm_cp.2_12                            0x08004938   Number         4  stm32h7xx_hal_uart.o(.text.UART_SetConfig)
    __arm_cp.2_13                            0x0800493c   Number         4  stm32h7xx_hal_uart.o(.text.UART_SetConfig)
    __arm_cp.2_14                            0x08004940   Number         4  stm32h7xx_hal_uart.o(.text.UART_SetConfig)
    __arm_cp.2_15                            0x08004944   Number         4  stm32h7xx_hal_uart.o(.text.UART_SetConfig)
    [Anonymous Symbol]                       0x08004948   Section        0  stm32h7xx_hal_uart.o(.text.UART_WaitOnFlagUntilTimeout)
    [Anonymous Symbol]                       0x080049da   Section        0  stm32h7xx_it.o(.text.UsageFault_Handler)
    __NVIC_SetPriority                       0x080049dd   Thumb Code    36  stm32h7xx_hal_cortex.o(.text.__NVIC_SetPriority)
    [Anonymous Symbol]                       0x080049dc   Section        0  stm32h7xx_hal_cortex.o(.text.__NVIC_SetPriority)
    __arm_cp.2_1                             0x080049f8   Number         4  stm32h7xx_hal_cortex.o(.text.__NVIC_SetPriority)
    [Anonymous Symbol]                       0x080049fc   Section        0  usart.o(.text.fputc)
    __arm_cp.4_0                             0x08004a14   Number         4  usart.o(.text.fputc)
    [Anonymous Symbol]                       0x08004a18   Section        0  main.o(.text.main)
    __arm_cp.3_0                             0x08004b58   Number         4  main.o(.text.main)
    __arm_cp.3_1                             0x08004b5c   Number         4  main.o(.text.main)
    __arm_cp.3_2                             0x08004b60   Number         4  main.o(.text.main)
    __arm_cp.3_3                             0x08004b64   Number         4  main.o(.text.main)
    __arm_cp.3_4                             0x08004b68   Number         4  main.o(.text.main)
    __arm_cp.3_5                             0x08004b6c   Number         4  main.o(.text.main)
    __arm_cp.3_6                             0x08004b70   Number         4  main.o(.text.main)
    __arm_cp.3_7                             0x08004b74   Number         4  main.o(.text.main)
    __arm_cp.3_8                             0x08004b78   Number         4  main.o(.text.main)
    __arm_cp.3_9                             0x08004b7c   Number         4  main.o(.text.main)
    __arm_cp.3_10                            0x08004b80   Number         4  main.o(.text.main)
    i.__0printf                              0x08004b84   Section        0  printfa.o(i.__0printf)
    i.__scatterload_copy                     0x08004ba4   Section       14  handlers.o(i.__scatterload_copy)
    i.__scatterload_null                     0x08004bb2   Section        2  handlers.o(i.__scatterload_null)
    i.__scatterload_zeroinit                 0x08004bb4   Section       14  handlers.o(i.__scatterload_zeroinit)
    _fp_digits                               0x08004bc5   Thumb Code   366  printfa.o(i._fp_digits)
    i._fp_digits                             0x08004bc4   Section        0  printfa.o(i._fp_digits)
    _printf_core                             0x08004d49   Thumb Code  1744  printfa.o(i._printf_core)
    i._printf_core                           0x08004d48   Section        0  printfa.o(i._printf_core)
    _printf_post_padding                     0x08005425   Thumb Code    36  printfa.o(i._printf_post_padding)
    i._printf_post_padding                   0x08005424   Section        0  printfa.o(i._printf_post_padding)
    _printf_pre_padding                      0x08005449   Thumb Code    46  printfa.o(i._printf_pre_padding)
    i._printf_pre_padding                    0x08005448   Section        0  printfa.o(i._printf_pre_padding)
    UARTEx_SetNbDataToProcess.numerator      0x0800549e   Data           8  stm32h7xx_hal_uart_ex.o(.rodata.cst8)
    UARTEx_SetNbDataToProcess.denominator    0x080054a6   Data           8  stm32h7xx_hal_uart_ex.o(.rodata.cst8)
    .data                                    0x20000000   Section        4  stdout.o(.data)
    [Anonymous Symbol]                       0x20000004   Section        0  stm32h7xx_hal.o(.data..L_MergedGlobals)
    [Anonymous Symbol]                       0x2000000c   Section        0  system_stm32h7xx.o(.data..L_MergedGlobals)
    [Anonymous Symbol]                       0x20000014   Section        0  hc595.o(.data..L_MergedGlobals)
    [Anonymous Symbol]                       0x20000050   Section        0  stm32h7xx_it.o(.bss..L_MergedGlobals)
    STACK                                    0x20000378   Section     1024  startup_stm32h743xx.o(STACK)

    Global Symbols

    Symbol Name                              Value     Ov Type        Size  Object(Section)

    BuildAttributes$$THM_ISAv4$E$P$D$K$B$S$7EM$VFPv5_D16$PE$PLD8$A:L22UL41UL21$X:L11$S22US41US21$IEEE1$IW$~IW$USESV6$~STKCKD$USESV7$~SHL$OTIME$ROPI$IEEEX$EBA8$MICROLIB$REQ8$PRES8$EABIv2 0x00000000   Number         0  anon$$obj.o ABSOLUTE
    _printf_a                                0x00000000   Number         0  stubs.o ABSOLUTE
    _printf_c                                0x00000000   Number         0  stubs.o ABSOLUTE
    _printf_charcount                        0x00000000   Number         0  stubs.o ABSOLUTE
    _printf_d                                0x00000000   Number         0  stubs.o ABSOLUTE
    _printf_e                                0x00000000   Number         0  stubs.o ABSOLUTE
    _printf_f                                0x00000000   Number         0  stubs.o ABSOLUTE
    _printf_flags                            0x00000000   Number         0  stubs.o ABSOLUTE
    _printf_fp_dec                           0x00000000   Number         0  stubs.o ABSOLUTE
    _printf_fp_hex                           0x00000000   Number         0  stubs.o ABSOLUTE
    _printf_g                                0x00000000   Number         0  stubs.o ABSOLUTE
    _printf_i                                0x00000000   Number         0  stubs.o ABSOLUTE
    _printf_int_dec                          0x00000000   Number         0  stubs.o ABSOLUTE
    _printf_l                                0x00000000   Number         0  stubs.o ABSOLUTE
    _printf_lc                               0x00000000   Number         0  stubs.o ABSOLUTE
    _printf_ll                               0x00000000   Number         0  stubs.o ABSOLUTE
    _printf_lld                              0x00000000   Number         0  stubs.o ABSOLUTE
    _printf_lli                              0x00000000   Number         0  stubs.o ABSOLUTE
    _printf_llo                              0x00000000   Number         0  stubs.o ABSOLUTE
    _printf_llu                              0x00000000   Number         0  stubs.o ABSOLUTE
    _printf_llx                              0x00000000   Number         0  stubs.o ABSOLUTE
    _printf_longlong_dec                     0x00000000   Number         0  stubs.o ABSOLUTE
    _printf_longlong_hex                     0x00000000   Number         0  stubs.o ABSOLUTE
    _printf_longlong_oct                     0x00000000   Number         0  stubs.o ABSOLUTE
    _printf_ls                               0x00000000   Number         0  stubs.o ABSOLUTE
    _printf_mbtowc                           0x00000000   Number         0  stubs.o ABSOLUTE
    _printf_n                                0x00000000   Number         0  stubs.o ABSOLUTE
    _printf_o                                0x00000000   Number         0  stubs.o ABSOLUTE
    _printf_p                                0x00000000   Number         0  stubs.o ABSOLUTE
    _printf_percent                          0x00000000   Number         0  stubs.o ABSOLUTE
    _printf_pre_padding                      0x00000000   Number         0  stubs.o ABSOLUTE
    _printf_return_value                     0x00000000   Number         0  stubs.o ABSOLUTE
    _printf_s                                0x00000000   Number         0  stubs.o ABSOLUTE
    _printf_sizespec                         0x00000000   Number         0  stubs.o ABSOLUTE
    _printf_str                              0x00000000   Number         0  stubs.o ABSOLUTE
    _printf_truncate_signed                  0x00000000   Number         0  stubs.o ABSOLUTE
    _printf_truncate_unsigned                0x00000000   Number         0  stubs.o ABSOLUTE
    _printf_u                                0x00000000   Number         0  stubs.o ABSOLUTE
    _printf_wc                               0x00000000   Number         0  stubs.o ABSOLUTE
    _printf_wctomb                           0x00000000   Number         0  stubs.o ABSOLUTE
    _printf_widthprec                        0x00000000   Number         0  stubs.o ABSOLUTE
    _printf_x                                0x00000000   Number         0  stubs.o ABSOLUTE
    __cpp_initialize__aeabi_                  - Undefined Weak Reference
    __cxa_finalize                            - Undefined Weak Reference
    __decompress                              - Undefined Weak Reference
    _clock_init                               - Undefined Weak Reference
    _microlib_exit                            - Undefined Weak Reference
    __Vectors_Size                           0x00000298   Number         0  startup_stm32h743xx.o ABSOLUTE
    __Vectors                                0x08000000   Data           4  startup_stm32h743xx.o(RESET)
    __Vectors_End                            0x08000298   Data           0  startup_stm32h743xx.o(RESET)
    __main                                   0x08000299   Thumb Code     0  entry.o(.ARM.Collect$$$$00000000)
    _main_stk                                0x08000299   Thumb Code     0  entry2.o(.ARM.Collect$$$$00000001)
    _main_scatterload                        0x0800029d   Thumb Code     0  entry5.o(.ARM.Collect$$$$00000004)
    __main_after_scatterload                 0x080002a1   Thumb Code     0  entry5.o(.ARM.Collect$$$$00000004)
    _main_clock                              0x080002a1   Thumb Code     0  entry7b.o(.ARM.Collect$$$$00000008)
    _main_cpp_init                           0x080002a1   Thumb Code     0  entry8b.o(.ARM.Collect$$$$0000000A)
    _main_init                               0x080002a1   Thumb Code     0  entry9a.o(.ARM.Collect$$$$0000000B)
    __rt_final_cpp                           0x080002a9   Thumb Code     0  entry10a.o(.ARM.Collect$$$$0000000D)
    __rt_final_exit                          0x080002a9   Thumb Code     0  entry11a.o(.ARM.Collect$$$$0000000F)
    Reset_Handler                            0x080002ad   Thumb Code     8  startup_stm32h743xx.o(.text)
    ADC3_IRQHandler                          0x080002c7   Thumb Code     0  startup_stm32h743xx.o(.text)
    ADC_IRQHandler                           0x080002c7   Thumb Code     0  startup_stm32h743xx.o(.text)
    BDMA_Channel0_IRQHandler                 0x080002c7   Thumb Code     0  startup_stm32h743xx.o(.text)
    BDMA_Channel1_IRQHandler                 0x080002c7   Thumb Code     0  startup_stm32h743xx.o(.text)
    BDMA_Channel2_IRQHandler                 0x080002c7   Thumb Code     0  startup_stm32h743xx.o(.text)
    BDMA_Channel3_IRQHandler                 0x080002c7   Thumb Code     0  startup_stm32h743xx.o(.text)
    BDMA_Channel4_IRQHandler                 0x080002c7   Thumb Code     0  startup_stm32h743xx.o(.text)
    BDMA_Channel5_IRQHandler                 0x080002c7   Thumb Code     0  startup_stm32h743xx.o(.text)
    BDMA_Channel6_IRQHandler                 0x080002c7   Thumb Code     0  startup_stm32h743xx.o(.text)
    BDMA_Channel7_IRQHandler                 0x080002c7   Thumb Code     0  startup_stm32h743xx.o(.text)
    CEC_IRQHandler                           0x080002c7   Thumb Code     0  startup_stm32h743xx.o(.text)
    COMP1_IRQHandler                         0x080002c7   Thumb Code     0  startup_stm32h743xx.o(.text)
    CRS_IRQHandler                           0x080002c7   Thumb Code     0  startup_stm32h743xx.o(.text)
    DCMI_IRQHandler                          0x080002c7   Thumb Code     0  startup_stm32h743xx.o(.text)
    DFSDM1_FLT0_IRQHandler                   0x080002c7   Thumb Code     0  startup_stm32h743xx.o(.text)
    DFSDM1_FLT1_IRQHandler                   0x080002c7   Thumb Code     0  startup_stm32h743xx.o(.text)
    DFSDM1_FLT2_IRQHandler                   0x080002c7   Thumb Code     0  startup_stm32h743xx.o(.text)
    DFSDM1_FLT3_IRQHandler                   0x080002c7   Thumb Code     0  startup_stm32h743xx.o(.text)
    DMA1_Stream0_IRQHandler                  0x080002c7   Thumb Code     0  startup_stm32h743xx.o(.text)
    DMA1_Stream1_IRQHandler                  0x080002c7   Thumb Code     0  startup_stm32h743xx.o(.text)
    DMA1_Stream2_IRQHandler                  0x080002c7   Thumb Code     0  startup_stm32h743xx.o(.text)
    DMA1_Stream3_IRQHandler                  0x080002c7   Thumb Code     0  startup_stm32h743xx.o(.text)
    DMA1_Stream4_IRQHandler                  0x080002c7   Thumb Code     0  startup_stm32h743xx.o(.text)
    DMA1_Stream5_IRQHandler                  0x080002c7   Thumb Code     0  startup_stm32h743xx.o(.text)
    DMA1_Stream6_IRQHandler                  0x080002c7   Thumb Code     0  startup_stm32h743xx.o(.text)
    DMA1_Stream7_IRQHandler                  0x080002c7   Thumb Code     0  startup_stm32h743xx.o(.text)
    DMA2D_IRQHandler                         0x080002c7   Thumb Code     0  startup_stm32h743xx.o(.text)
    DMA2_Stream0_IRQHandler                  0x080002c7   Thumb Code     0  startup_stm32h743xx.o(.text)
    DMA2_Stream1_IRQHandler                  0x080002c7   Thumb Code     0  startup_stm32h743xx.o(.text)
    DMA2_Stream2_IRQHandler                  0x080002c7   Thumb Code     0  startup_stm32h743xx.o(.text)
    DMA2_Stream3_IRQHandler                  0x080002c7   Thumb Code     0  startup_stm32h743xx.o(.text)
    DMA2_Stream4_IRQHandler                  0x080002c7   Thumb Code     0  startup_stm32h743xx.o(.text)
    DMA2_Stream5_IRQHandler                  0x080002c7   Thumb Code     0  startup_stm32h743xx.o(.text)
    DMA2_Stream6_IRQHandler                  0x080002c7   Thumb Code     0  startup_stm32h743xx.o(.text)
    DMA2_Stream7_IRQHandler                  0x080002c7   Thumb Code     0  startup_stm32h743xx.o(.text)
    DMAMUX1_OVR_IRQHandler                   0x080002c7   Thumb Code     0  startup_stm32h743xx.o(.text)
    DMAMUX2_OVR_IRQHandler                   0x080002c7   Thumb Code     0  startup_stm32h743xx.o(.text)
    ECC_IRQHandler                           0x080002c7   Thumb Code     0  startup_stm32h743xx.o(.text)
    ETH_IRQHandler                           0x080002c7   Thumb Code     0  startup_stm32h743xx.o(.text)
    ETH_WKUP_IRQHandler                      0x080002c7   Thumb Code     0  startup_stm32h743xx.o(.text)
    EXTI0_IRQHandler                         0x080002c7   Thumb Code     0  startup_stm32h743xx.o(.text)
    EXTI15_10_IRQHandler                     0x080002c7   Thumb Code     0  startup_stm32h743xx.o(.text)
    EXTI1_IRQHandler                         0x080002c7   Thumb Code     0  startup_stm32h743xx.o(.text)
    EXTI2_IRQHandler                         0x080002c7   Thumb Code     0  startup_stm32h743xx.o(.text)
    EXTI3_IRQHandler                         0x080002c7   Thumb Code     0  startup_stm32h743xx.o(.text)
    EXTI4_IRQHandler                         0x080002c7   Thumb Code     0  startup_stm32h743xx.o(.text)
    EXTI9_5_IRQHandler                       0x080002c7   Thumb Code     0  startup_stm32h743xx.o(.text)
    FDCAN1_IT0_IRQHandler                    0x080002c7   Thumb Code     0  startup_stm32h743xx.o(.text)
    FDCAN1_IT1_IRQHandler                    0x080002c7   Thumb Code     0  startup_stm32h743xx.o(.text)
    FDCAN2_IT0_IRQHandler                    0x080002c7   Thumb Code     0  startup_stm32h743xx.o(.text)
    FDCAN2_IT1_IRQHandler                    0x080002c7   Thumb Code     0  startup_stm32h743xx.o(.text)
    FDCAN_CAL_IRQHandler                     0x080002c7   Thumb Code     0  startup_stm32h743xx.o(.text)
    FLASH_IRQHandler                         0x080002c7   Thumb Code     0  startup_stm32h743xx.o(.text)
    FMC_IRQHandler                           0x080002c7   Thumb Code     0  startup_stm32h743xx.o(.text)
    FPU_IRQHandler                           0x080002c7   Thumb Code     0  startup_stm32h743xx.o(.text)
    HRTIM1_FLT_IRQHandler                    0x080002c7   Thumb Code     0  startup_stm32h743xx.o(.text)
    HRTIM1_Master_IRQHandler                 0x080002c7   Thumb Code     0  startup_stm32h743xx.o(.text)
    HRTIM1_TIMA_IRQHandler                   0x080002c7   Thumb Code     0  startup_stm32h743xx.o(.text)
    HRTIM1_TIMB_IRQHandler                   0x080002c7   Thumb Code     0  startup_stm32h743xx.o(.text)
    HRTIM1_TIMC_IRQHandler                   0x080002c7   Thumb Code     0  startup_stm32h743xx.o(.text)
    HRTIM1_TIMD_IRQHandler                   0x080002c7   Thumb Code     0  startup_stm32h743xx.o(.text)
    HRTIM1_TIME_IRQHandler                   0x080002c7   Thumb Code     0  startup_stm32h743xx.o(.text)
    HSEM1_IRQHandler                         0x080002c7   Thumb Code     0  startup_stm32h743xx.o(.text)
    I2C1_ER_IRQHandler                       0x080002c7   Thumb Code     0  startup_stm32h743xx.o(.text)
    I2C1_EV_IRQHandler                       0x080002c7   Thumb Code     0  startup_stm32h743xx.o(.text)
    I2C2_ER_IRQHandler                       0x080002c7   Thumb Code     0  startup_stm32h743xx.o(.text)
    I2C2_EV_IRQHandler                       0x080002c7   Thumb Code     0  startup_stm32h743xx.o(.text)
    I2C3_ER_IRQHandler                       0x080002c7   Thumb Code     0  startup_stm32h743xx.o(.text)
    I2C3_EV_IRQHandler                       0x080002c7   Thumb Code     0  startup_stm32h743xx.o(.text)
    I2C4_ER_IRQHandler                       0x080002c7   Thumb Code     0  startup_stm32h743xx.o(.text)
    I2C4_EV_IRQHandler                       0x080002c7   Thumb Code     0  startup_stm32h743xx.o(.text)
    JPEG_IRQHandler                          0x080002c7   Thumb Code     0  startup_stm32h743xx.o(.text)
    LPTIM1_IRQHandler                        0x080002c7   Thumb Code     0  startup_stm32h743xx.o(.text)
    LPTIM2_IRQHandler                        0x080002c7   Thumb Code     0  startup_stm32h743xx.o(.text)
    LPTIM3_IRQHandler                        0x080002c7   Thumb Code     0  startup_stm32h743xx.o(.text)
    LPTIM4_IRQHandler                        0x080002c7   Thumb Code     0  startup_stm32h743xx.o(.text)
    LPTIM5_IRQHandler                        0x080002c7   Thumb Code     0  startup_stm32h743xx.o(.text)
    LPUART1_IRQHandler                       0x080002c7   Thumb Code     0  startup_stm32h743xx.o(.text)
    LTDC_ER_IRQHandler                       0x080002c7   Thumb Code     0  startup_stm32h743xx.o(.text)
    LTDC_IRQHandler                          0x080002c7   Thumb Code     0  startup_stm32h743xx.o(.text)
    MDIOS_IRQHandler                         0x080002c7   Thumb Code     0  startup_stm32h743xx.o(.text)
    MDIOS_WKUP_IRQHandler                    0x080002c7   Thumb Code     0  startup_stm32h743xx.o(.text)
    MDMA_IRQHandler                          0x080002c7   Thumb Code     0  startup_stm32h743xx.o(.text)
    OTG_FS_EP1_IN_IRQHandler                 0x080002c7   Thumb Code     0  startup_stm32h743xx.o(.text)
    OTG_FS_EP1_OUT_IRQHandler                0x080002c7   Thumb Code     0  startup_stm32h743xx.o(.text)
    OTG_FS_IRQHandler                        0x080002c7   Thumb Code     0  startup_stm32h743xx.o(.text)
    OTG_FS_WKUP_IRQHandler                   0x080002c7   Thumb Code     0  startup_stm32h743xx.o(.text)
    OTG_HS_EP1_IN_IRQHandler                 0x080002c7   Thumb Code     0  startup_stm32h743xx.o(.text)
    OTG_HS_EP1_OUT_IRQHandler                0x080002c7   Thumb Code     0  startup_stm32h743xx.o(.text)
    OTG_HS_IRQHandler                        0x080002c7   Thumb Code     0  startup_stm32h743xx.o(.text)
    OTG_HS_WKUP_IRQHandler                   0x080002c7   Thumb Code     0  startup_stm32h743xx.o(.text)
    PVD_AVD_IRQHandler                       0x080002c7   Thumb Code     0  startup_stm32h743xx.o(.text)
    QUADSPI_IRQHandler                       0x080002c7   Thumb Code     0  startup_stm32h743xx.o(.text)
    RCC_IRQHandler                           0x080002c7   Thumb Code     0  startup_stm32h743xx.o(.text)
    RNG_IRQHandler                           0x080002c7   Thumb Code     0  startup_stm32h743xx.o(.text)
    RTC_Alarm_IRQHandler                     0x080002c7   Thumb Code     0  startup_stm32h743xx.o(.text)
    RTC_WKUP_IRQHandler                      0x080002c7   Thumb Code     0  startup_stm32h743xx.o(.text)
    SAI1_IRQHandler                          0x080002c7   Thumb Code     0  startup_stm32h743xx.o(.text)
    SAI2_IRQHandler                          0x080002c7   Thumb Code     0  startup_stm32h743xx.o(.text)
    SAI3_IRQHandler                          0x080002c7   Thumb Code     0  startup_stm32h743xx.o(.text)
    SAI4_IRQHandler                          0x080002c7   Thumb Code     0  startup_stm32h743xx.o(.text)
    SDMMC1_IRQHandler                        0x080002c7   Thumb Code     0  startup_stm32h743xx.o(.text)
    SDMMC2_IRQHandler                        0x080002c7   Thumb Code     0  startup_stm32h743xx.o(.text)
    SPDIF_RX_IRQHandler                      0x080002c7   Thumb Code     0  startup_stm32h743xx.o(.text)
    SPI1_IRQHandler                          0x080002c7   Thumb Code     0  startup_stm32h743xx.o(.text)
    SPI2_IRQHandler                          0x080002c7   Thumb Code     0  startup_stm32h743xx.o(.text)
    SPI3_IRQHandler                          0x080002c7   Thumb Code     0  startup_stm32h743xx.o(.text)
    SPI4_IRQHandler                          0x080002c7   Thumb Code     0  startup_stm32h743xx.o(.text)
    SPI5_IRQHandler                          0x080002c7   Thumb Code     0  startup_stm32h743xx.o(.text)
    SPI6_IRQHandler                          0x080002c7   Thumb Code     0  startup_stm32h743xx.o(.text)
    SWPMI1_IRQHandler                        0x080002c7   Thumb Code     0  startup_stm32h743xx.o(.text)
    TAMP_STAMP_IRQHandler                    0x080002c7   Thumb Code     0  startup_stm32h743xx.o(.text)
    TIM16_IRQHandler                         0x080002c7   Thumb Code     0  startup_stm32h743xx.o(.text)
    TIM17_IRQHandler                         0x080002c7   Thumb Code     0  startup_stm32h743xx.o(.text)
    TIM1_BRK_IRQHandler                      0x080002c7   Thumb Code     0  startup_stm32h743xx.o(.text)
    TIM1_CC_IRQHandler                       0x080002c7   Thumb Code     0  startup_stm32h743xx.o(.text)
    TIM1_TRG_COM_IRQHandler                  0x080002c7   Thumb Code     0  startup_stm32h743xx.o(.text)
    TIM1_UP_IRQHandler                       0x080002c7   Thumb Code     0  startup_stm32h743xx.o(.text)
    TIM2_IRQHandler                          0x080002c7   Thumb Code     0  startup_stm32h743xx.o(.text)
    TIM3_IRQHandler                          0x080002c7   Thumb Code     0  startup_stm32h743xx.o(.text)
    TIM4_IRQHandler                          0x080002c7   Thumb Code     0  startup_stm32h743xx.o(.text)
    TIM5_IRQHandler                          0x080002c7   Thumb Code     0  startup_stm32h743xx.o(.text)
    TIM7_IRQHandler                          0x080002c7   Thumb Code     0  startup_stm32h743xx.o(.text)
    TIM8_BRK_TIM12_IRQHandler                0x080002c7   Thumb Code     0  startup_stm32h743xx.o(.text)
    TIM8_CC_IRQHandler                       0x080002c7   Thumb Code     0  startup_stm32h743xx.o(.text)
    TIM8_UP_TIM13_IRQHandler                 0x080002c7   Thumb Code     0  startup_stm32h743xx.o(.text)
    UART4_IRQHandler                         0x080002c7   Thumb Code     0  startup_stm32h743xx.o(.text)
    UART5_IRQHandler                         0x080002c7   Thumb Code     0  startup_stm32h743xx.o(.text)
    UART7_IRQHandler                         0x080002c7   Thumb Code     0  startup_stm32h743xx.o(.text)
    UART8_IRQHandler                         0x080002c7   Thumb Code     0  startup_stm32h743xx.o(.text)
    USART1_IRQHandler                        0x080002c7   Thumb Code     0  startup_stm32h743xx.o(.text)
    USART2_IRQHandler                        0x080002c7   Thumb Code     0  startup_stm32h743xx.o(.text)
    USART3_IRQHandler                        0x080002c7   Thumb Code     0  startup_stm32h743xx.o(.text)
    USART6_IRQHandler                        0x080002c7   Thumb Code     0  startup_stm32h743xx.o(.text)
    WAKEUP_PIN_IRQHandler                    0x080002c7   Thumb Code     0  startup_stm32h743xx.o(.text)
    WWDG_IRQHandler                          0x080002c7   Thumb Code     0  startup_stm32h743xx.o(.text)
    __aeabi_uldivmod                         0x080002d1   Thumb Code    98  uldiv.o(.text)
    __aeabi_memset                           0x08000333   Thumb Code    14  memseta.o(.text)
    __aeabi_memset4                          0x08000333   Thumb Code     0  memseta.o(.text)
    __aeabi_memset8                          0x08000333   Thumb Code     0  memseta.o(.text)
    __aeabi_memclr                           0x08000341   Thumb Code     4  memseta.o(.text)
    __aeabi_memclr4                          0x08000341   Thumb Code     0  memseta.o(.text)
    __aeabi_memclr8                          0x08000341   Thumb Code     0  memseta.o(.text)
    _memset$wrapper                          0x08000345   Thumb Code    18  memseta.o(.text)
    __aeabi_uidiv                            0x08000357   Thumb Code     0  uidiv.o(.text)
    __aeabi_uidivmod                         0x08000357   Thumb Code    44  uidiv.o(.text)
    __aeabi_llsl                             0x08000383   Thumb Code    30  llshl.o(.text)
    _ll_shift_l                              0x08000383   Thumb Code     0  llshl.o(.text)
    __aeabi_llsr                             0x080003a1   Thumb Code    32  llushr.o(.text)
    _ll_ushift_r                             0x080003a1   Thumb Code     0  llushr.o(.text)
    __I$use$fp                               0x080003c1   Thumb Code     0  iusefp.o(.text)
    __aeabi_dadd                             0x080003c1   Thumb Code   322  dadd.o(.text)
    __aeabi_dsub                             0x08000503   Thumb Code     6  dadd.o(.text)
    __aeabi_drsub                            0x08000509   Thumb Code     6  dadd.o(.text)
    __aeabi_dmul                             0x0800050f   Thumb Code   228  dmul.o(.text)
    __aeabi_ddiv                             0x080005f3   Thumb Code   222  ddiv.o(.text)
    __aeabi_d2ulz                            0x080006d1   Thumb Code    48  dfixul.o(.text)
    __aeabi_cdrcmple                         0x08000701   Thumb Code    48  cdrcmple.o(.text)
    __scatterload                            0x08000731   Thumb Code    28  init.o(.text)
    __scatterload_rt2                        0x08000731   Thumb Code     0  init.o(.text)
    __aeabi_lasr                             0x08000755   Thumb Code    36  llsshr.o(.text)
    _ll_sshift_r                             0x08000755   Thumb Code     0  llsshr.o(.text)
    _double_round                            0x08000779   Thumb Code    30  depilogue.o(.text)
    _double_epilogue                         0x08000797   Thumb Code   156  depilogue.o(.text)
    ADC_ConfigureBoostMode                   0x08000835   Thumb Code   248  stm32h7xx_hal_adc.o(.text.ADC_ConfigureBoostMode)
    ADC_ConversionStop                       0x0800092d   Thumb Code   204  stm32h7xx_hal_adc.o(.text.ADC_ConversionStop)
    ADC_Disable                              0x080009f5   Thumb Code   108  stm32h7xx_hal_adc.o(.text.ADC_Disable)
    ADC_Enable                               0x08000a5d   Thumb Code   172  stm32h7xx_hal_adc.o(.text.ADC_Enable)
    BusFault_Handler                         0x08000b05   Thumb Code     2  stm32h7xx_it.o(.text.BusFault_Handler)
    DebugMon_Handler                         0x08000b07   Thumb Code     2  stm32h7xx_it.o(.text.DebugMon_Handler)
    Delay_Ms                                 0x08000b09   Thumb Code    22  tim.o(.text.Delay_Ms)
    Delay_Us                                 0x08000b21   Thumb Code    52  tim.o(.text.Delay_Us)
    Display_Four_num                         0x08000b55   Thumb Code    44  hc595.o(.text.Display_Four_num)
    Error_Handler                            0x08000b81   Thumb Code     8  main.o(.text.Error_Handler)
    HAL_ADCEx_MultiModeConfigChannel         0x08000b89   Thumb Code   168  stm32h7xx_hal_adc_ex.o(.text.HAL_ADCEx_MultiModeConfigChannel)
    HAL_ADC_ConfigChannel                    0x08000c31   Thumb Code   848  stm32h7xx_hal_adc.o(.text.HAL_ADC_ConfigChannel)
    HAL_ADC_GetValue                         0x08000f75   Thumb Code     6  stm32h7xx_hal_adc.o(.text.HAL_ADC_GetValue)
    HAL_ADC_Init                             0x08000f7d   Thumb Code   500  stm32h7xx_hal_adc.o(.text.HAL_ADC_Init)
    HAL_ADC_MspInit                          0x0800116d   Thumb Code   152  adc.o(.text.HAL_ADC_MspInit)
    HAL_ADC_PollForConversion                0x08001205   Thumb Code   320  stm32h7xx_hal_adc.o(.text.HAL_ADC_PollForConversion)
    HAL_ADC_Start                            0x0800133d   Thumb Code   236  stm32h7xx_hal_adc.o(.text.HAL_ADC_Start)
    HAL_ADC_Stop                             0x08001429   Thumb Code    62  stm32h7xx_hal_adc.o(.text.HAL_ADC_Stop)
    HAL_GPIO_Init                            0x08001469   Thumb Code   400  stm32h7xx_hal_gpio.o(.text.HAL_GPIO_Init)
    HAL_GPIO_WritePin                        0x080015f5   Thumb Code    10  stm32h7xx_hal_gpio.o(.text.HAL_GPIO_WritePin)
    HAL_GetREVID                             0x08001601   Thumb Code    12  stm32h7xx_hal.o(.text.HAL_GetREVID)
    HAL_GetTick                              0x0800160d   Thumb Code    12  stm32h7xx_hal.o(.text.HAL_GetTick)
    HAL_IncTick                              0x08001615   Thumb Code    24  stm32h7xx_hal.o(.text.HAL_IncTick)
    HAL_Init                                 0x08001629   Thumb Code    92  stm32h7xx_hal.o(.text.HAL_Init)
    HAL_InitTick                             0x0800167d   Thumb Code    72  stm32h7xx_hal.o(.text.HAL_InitTick)
    HAL_MPU_ConfigRegion                     0x080016c5   Thumb Code    80  stm32h7xx_hal_cortex.o(.text.HAL_MPU_ConfigRegion)
    HAL_MPU_Disable                          0x08001715   Thumb Code    24  stm32h7xx_hal_cortex.o(.text.HAL_MPU_Disable)
    HAL_MPU_Enable                           0x08001729   Thumb Code    32  stm32h7xx_hal_cortex.o(.text.HAL_MPU_Enable)
    HAL_MspInit                              0x08001749   Thumb Code    32  stm32h7xx_hal_msp.o(.text.HAL_MspInit)
    HAL_NVIC_EnableIRQ                       0x08001769   Thumb Code    28  stm32h7xx_hal_cortex.o(.text.HAL_NVIC_EnableIRQ)
    HAL_NVIC_SetPriority                     0x08001785   Thumb Code    68  stm32h7xx_hal_cortex.o(.text.HAL_NVIC_SetPriority)
    HAL_NVIC_SetPriorityGrouping             0x080017c5   Thumb Code    32  stm32h7xx_hal_cortex.o(.text.HAL_NVIC_SetPriorityGrouping)
    HAL_PWREx_ConfigSupply                   0x080017e5   Thumb Code    72  stm32h7xx_hal_pwr_ex.o(.text.HAL_PWREx_ConfigSupply)
    HAL_RCCEx_GetD3PCLK1Freq                 0x0800182d   Thumb Code    36  stm32h7xx_hal_rcc_ex.o(.text.HAL_RCCEx_GetD3PCLK1Freq)
    HAL_RCCEx_GetPLL1ClockFreq               0x08001851   Thumb Code   272  stm32h7xx_hal_rcc_ex.o(.text.HAL_RCCEx_GetPLL1ClockFreq)
    HAL_RCCEx_GetPLL2ClockFreq               0x08001961   Thumb Code   268  stm32h7xx_hal_rcc_ex.o(.text.HAL_RCCEx_GetPLL2ClockFreq)
    HAL_RCCEx_GetPLL3ClockFreq               0x08001a6d   Thumb Code   268  stm32h7xx_hal_rcc_ex.o(.text.HAL_RCCEx_GetPLL3ClockFreq)
    HAL_RCCEx_GetPeriphCLKFreq               0x08001b79   Thumb Code   656  stm32h7xx_hal_rcc_ex.o(.text.HAL_RCCEx_GetPeriphCLKFreq)
    HAL_RCCEx_PeriphCLKConfig                0x08001e09   Thumb Code  2456  stm32h7xx_hal_rcc_ex.o(.text.HAL_RCCEx_PeriphCLKConfig)
    HAL_RCC_ClockConfig                      0x080027a1   Thumb Code   552  stm32h7xx_hal_rcc.o(.text.HAL_RCC_ClockConfig)
    HAL_RCC_GetHCLKFreq                      0x080029b9   Thumb Code    68  stm32h7xx_hal_rcc.o(.text.HAL_RCC_GetHCLKFreq)
    HAL_RCC_GetPCLK1Freq                     0x080029f9   Thumb Code    36  stm32h7xx_hal_rcc.o(.text.HAL_RCC_GetPCLK1Freq)
    HAL_RCC_GetPCLK2Freq                     0x08002a15   Thumb Code    36  stm32h7xx_hal_rcc.o(.text.HAL_RCC_GetPCLK2Freq)
    HAL_RCC_GetSysClockFreq                  0x08002a39   Thumb Code   252  stm32h7xx_hal_rcc.o(.text.HAL_RCC_GetSysClockFreq)
    HAL_RCC_OscConfig                        0x08002b35   Thumb Code  1322  stm32h7xx_hal_rcc.o(.text.HAL_RCC_OscConfig)
    HAL_SYSTICK_Config                       0x08003061   Thumb Code    40  stm32h7xx_hal_cortex.o(.text.HAL_SYSTICK_Config)
    HAL_TIMEx_Break2Callback                 0x08003089   Thumb Code     2  stm32h7xx_hal_tim_ex.o(.text.HAL_TIMEx_Break2Callback)
    HAL_TIMEx_BreakCallback                  0x0800308b   Thumb Code     2  stm32h7xx_hal_tim_ex.o(.text.HAL_TIMEx_BreakCallback)
    HAL_TIMEx_CommutCallback                 0x0800308d   Thumb Code     2  stm32h7xx_hal_tim_ex.o(.text.HAL_TIMEx_CommutCallback)
    HAL_TIMEx_MasterConfigSynchronization    0x08003091   Thumb Code   168  stm32h7xx_hal_tim_ex.o(.text.HAL_TIMEx_MasterConfigSynchronization)
    HAL_TIM_Base_Init                        0x0800311d   Thumb Code    96  stm32h7xx_hal_tim.o(.text.HAL_TIM_Base_Init)
    HAL_TIM_Base_MspInit                     0x0800317d   Thumb Code   192  tim.o(.text.HAL_TIM_Base_MspInit)
    HAL_TIM_Base_Start                       0x08003239   Thumb Code   136  stm32h7xx_hal_tim.o(.text.HAL_TIM_Base_Start)
    HAL_TIM_Base_Start_IT                    0x080032a1   Thumb Code   144  stm32h7xx_hal_tim.o(.text.HAL_TIM_Base_Start_IT)
    HAL_TIM_Base_Stop                        0x08003331   Thumb Code    42  stm32h7xx_hal_tim.o(.text.HAL_TIM_Base_Stop)
    HAL_TIM_ConfigClockSource                0x0800335d   Thumb Code   296  stm32h7xx_hal_tim.o(.text.HAL_TIM_ConfigClockSource)
    HAL_TIM_IC_CaptureCallback               0x08003485   Thumb Code     2  stm32h7xx_hal_tim.o(.text.HAL_TIM_IC_CaptureCallback)
    HAL_TIM_IRQHandler                       0x08003489   Thumb Code   396  stm32h7xx_hal_tim.o(.text.HAL_TIM_IRQHandler)
    HAL_TIM_OC_DelayElapsedCallback          0x08003615   Thumb Code     2  stm32h7xx_hal_tim.o(.text.HAL_TIM_OC_DelayElapsedCallback)
    HAL_TIM_PWM_PulseFinishedCallback        0x08003617   Thumb Code     2  stm32h7xx_hal_tim.o(.text.HAL_TIM_PWM_PulseFinishedCallback)
    HAL_TIM_PeriodElapsedCallback            0x08003619   Thumb Code     2  stm32h7xx_hal_tim.o(.text.HAL_TIM_PeriodElapsedCallback)
    HAL_TIM_TriggerCallback                  0x0800361b   Thumb Code     2  stm32h7xx_hal_tim.o(.text.HAL_TIM_TriggerCallback)
    HAL_UARTEx_DisableFifoMode               0x0800361d   Thumb Code    54  stm32h7xx_hal_uart_ex.o(.text.HAL_UARTEx_DisableFifoMode)
    HAL_UARTEx_SetRxFifoThreshold            0x08003653   Thumb Code    74  stm32h7xx_hal_uart_ex.o(.text.HAL_UARTEx_SetRxFifoThreshold)
    HAL_UARTEx_SetTxFifoThreshold            0x0800369d   Thumb Code    74  stm32h7xx_hal_uart_ex.o(.text.HAL_UARTEx_SetTxFifoThreshold)
    HAL_UART_Init                            0x080036e7   Thumb Code   100  stm32h7xx_hal_uart.o(.text.HAL_UART_Init)
    HAL_UART_MspInit                         0x0800374d   Thumb Code   132  usart.o(.text.HAL_UART_MspInit)
    HAL_UART_Transmit                        0x080037cd   Thumb Code   188  stm32h7xx_hal_uart.o(.text.HAL_UART_Transmit)
    HC595_Init                               0x08003889   Thumb Code   156  hc595.o(.text.HC595_Init)
    HardFault_Handler                        0x0800391d   Thumb Code     2  stm32h7xx_it.o(.text.HardFault_Handler)
    LED8_Display                             0x08003921   Thumb Code    68  hc595.o(.text.LED8_Display)
    LED_OUT                                  0x08003961   Thumb Code    68  hc595.o(.text.LED_OUT)
    MX_ADC1_Init                             0x080039c5   Thumb Code   140  adc.o(.text.MX_ADC1_Init)
    MX_GPIO_Init                             0x08003a4d   Thumb Code   184  gpio.o(.text.MX_GPIO_Init)
    MX_TIM14_Init                            0x08003b05   Thumb Code    52  tim.o(.text.MX_TIM14_Init)
    MX_TIM15_Init                            0x08003b39   Thumb Code   108  tim.o(.text.MX_TIM15_Init)
    MX_TIM6_Init                             0x08003ba5   Thumb Code    72  tim.o(.text.MX_TIM6_Init)
    MX_TIM7_Init                             0x08003bed   Thumb Code    68  tim.o(.text.MX_TIM7_Init)
    MX_USART1_UART_Init                      0x08003c31   Thumb Code   104  usart.o(.text.MX_USART1_UART_Init)
    MemManage_Handler                        0x08003c99   Thumb Code     2  stm32h7xx_it.o(.text.MemManage_Handler)
    NMI_Handler                              0x08003c9b   Thumb Code     2  stm32h7xx_it.o(.text.NMI_Handler)
    PendSV_Handler                           0x08003c9d   Thumb Code     2  stm32h7xx_it.o(.text.PendSV_Handler)
    Pinread                                  0x08003ca1   Thumb Code    60  adc.o(.text.Pinread)
    SVC_Handler                              0x08003edd   Thumb Code     2  stm32h7xx_it.o(.text.SVC_Handler)
    SysTick_Handler                          0x08003edf   Thumb Code     4  stm32h7xx_it.o(.text.SysTick_Handler)
    SystemClock_Config                       0x08003ee5   Thumb Code   256  main.o(.text.SystemClock_Config)
    SystemInit                               0x08003fe5   Thumb Code   180  system_stm32h7xx.o(.text.SystemInit)
    TIM15_IRQHandler                         0x08004099   Thumb Code   308  stm32h7xx_it.o(.text.TIM15_IRQHandler)
    TIM6_DAC_IRQHandler                      0x080041cd   Thumb Code    68  stm32h7xx_it.o(.text.TIM6_DAC_IRQHandler)
    TIM8_TRG_COM_TIM14_IRQHandler            0x0800420d   Thumb Code    52  stm32h7xx_it.o(.text.TIM8_TRG_COM_TIM14_IRQHandler)
    TIM_Base_SetConfig                       0x08004241   Thumb Code   248  stm32h7xx_hal_tim.o(.text.TIM_Base_SetConfig)
    UART_AdvFeatureConfig                    0x080043d5   Thumb Code   198  stm32h7xx_hal_uart.o(.text.UART_AdvFeatureConfig)
    UART_CheckIdleState                      0x0800449d   Thumb Code   180  stm32h7xx_hal_uart.o(.text.UART_CheckIdleState)
    UART_SetConfig                           0x080045ad   Thumb Code   924  stm32h7xx_hal_uart.o(.text.UART_SetConfig)
    UART_WaitOnFlagUntilTimeout              0x08004949   Thumb Code   146  stm32h7xx_hal_uart.o(.text.UART_WaitOnFlagUntilTimeout)
    UsageFault_Handler                       0x080049db   Thumb Code     2  stm32h7xx_it.o(.text.UsageFault_Handler)
    fputc                                    0x080049fd   Thumb Code    28  usart.o(.text.fputc)
    main                                     0x08004a19   Thumb Code   364  main.o(.text.main)
    __0printf                                0x08004b85   Thumb Code    22  printfa.o(i.__0printf)
    __1printf                                0x08004b85   Thumb Code     0  printfa.o(i.__0printf)
    __2printf                                0x08004b85   Thumb Code     0  printfa.o(i.__0printf)
    __c89printf                              0x08004b85   Thumb Code     0  printfa.o(i.__0printf)
    printf                                   0x08004b85   Thumb Code     0  printfa.o(i.__0printf)
    __scatterload_copy                       0x08004ba5   Thumb Code    14  handlers.o(i.__scatterload_copy)
    __scatterload_null                       0x08004bb3   Thumb Code     2  handlers.o(i.__scatterload_null)
    __scatterload_zeroinit                   0x08004bb5   Thumb Code    14  handlers.o(i.__scatterload_zeroinit)
    D1CorePrescTable                         0x08005476   Data          16  system_stm32h7xx.o(.rodata.D1CorePrescTable)
    UARTPrescTable                           0x08005486   Data          24  stm32h7xx_hal_uart.o(.rodata.UARTPrescTable)
    Region$$Table$$Base                      0x080054b0   Number         0  anon$$obj.o(Region$$Table)
    Region$$Table$$Limit                     0x080054d0   Number         0  anon$$obj.o(Region$$Table)
    __stdout                                 0x20000000   Data           4  stdout.o(.data)
    uwTickFreq                               0x20000004   Data           1  stm32h7xx_hal.o(.data..L_MergedGlobals)
    uwTickPrio                               0x20000008   Data           4  stm32h7xx_hal.o(.data..L_MergedGlobals)
    SystemCoreClock                          0x2000000c   Data           4  system_stm32h7xx.o(.data..L_MergedGlobals)
    SystemD2Clock                            0x20000010   Data           4  system_stm32h7xx.o(.data..L_MergedGlobals)
    wei_table                                0x20000014   Data          16  hc595.o(.data..L_MergedGlobals)
    LED_table                                0x20000024   Data          36  hc595.o(.data..L_MergedGlobals)
    ADC1_BUFFER_SIZE                         0x20000048   Data           4  main.o(.data.ADC1_BUFFER_SIZE)
    mask_num_max                             0x2000004c   Data           2  stm32h7xx_it.o(.data.mask_num_max)
    rec_num                                  0x20000050   Data           2  stm32h7xx_it.o(.bss..L_MergedGlobals)
    find_start                               0x20000052   Data           2  stm32h7xx_it.o(.bss..L_MergedGlobals)
    find_start_ready                         0x20000054   Data           2  stm32h7xx_it.o(.bss..L_MergedGlobals)
    find_start_flag                          0x20000056   Data           2  stm32h7xx_it.o(.bss..L_MergedGlobals)
    mask_window                              0x20000058   Data           2  stm32h7xx_it.o(.bss..L_MergedGlobals)
    mask_num                                 0x2000005a   Data           2  stm32h7xx_it.o(.bss..L_MergedGlobals)
    temp                                     0x2000005c   Data           2  stm32h7xx_it.o(.bss..L_MergedGlobals)
    wait_start                               0x2000005e   Data           2  stm32h7xx_it.o(.bss..L_MergedGlobals)
    DATA_order                               0x20000060   Data           4  stm32h7xx_it.o(.bss..L_MergedGlobals)
    shut_down_led4_flag                      0x20000064   Data           4  stm32h7xx_it.o(.bss..L_MergedGlobals)
    refresh_times                            0x20000068   Data           4  stm32h7xx_it.o(.bss..L_MergedGlobals)
    shut_down_led4                           0x2000006c   Data           4  stm32h7xx_it.o(.bss..L_MergedGlobals)
    overtime                                 0x20000070   Data           4  stm32h7xx_it.o(.bss..L_MergedGlobals)
    AJcode                                   0x20000074   Data          16  hc595.o(.bss.AJcode)
    DATA_Array                               0x20000084   Data         200  stm32h7xx_it.o(.bss.DATA_Array)
    hadc1                                    0x2000014c   Data         100  adc.o(.bss.hadc1)
    htim14                                   0x200001b0   Data          76  tim.o(.bss.htim14)
    htim15                                   0x200001fc   Data          76  tim.o(.bss.htim15)
    htim6                                    0x20000248   Data          76  tim.o(.bss.htim6)
    htim7                                    0x20000294   Data          76  tim.o(.bss.htim7)
    huart1                                   0x200002e0   Data         148  usart.o(.bss.huart1)
    uwTick                                   0x20000374   Data           4  stm32h7xx_hal.o(.bss.uwTick)
    __initial_sp                             0x20000778   Data           0  startup_stm32h743xx.o(STACK)
    q                                        0x24000000   Data       40000  xfft.o(.ARM.__at_0x24000000)
    q1                                       0x24040000   Data       40000  xfft.o(.ARM.__at_0x24040000)
    adc1_data                                0x30000000   Data       10000  main.o(.ARM.__at_0x30000000)
    Dat                                      0x38000000   Data          40  main.o(.ARM.__at_0x38000000)



==============================================================================

Memory Map of the image

  Image Entry point : 0x08000299

  Load Region LR_IROM1 (Base: 0x08000000, Size: 0x00005520, Max: 0x00200000, ABSOLUTE)

    Execution Region ER_IROM1 (Exec base: 0x08000000, Load base: 0x08000000, Size: 0x000054d0, Max: 0x00200000, ABSOLUTE)

    Exec Addr    Load Addr    Size         Type   Attr      Idx    E Section Name        Object

    0x08000000   0x08000000   0x00000298   Data   RO            3    RESET               startup_stm32h743xx.o
    0x08000298   0x08000298   0x00000000   Code   RO         1784  * .ARM.Collect$$$$00000000  mc_w.l(entry.o)
    0x08000298   0x08000298   0x00000004   Code   RO         2112    .ARM.Collect$$$$00000001  mc_w.l(entry2.o)
    0x0800029c   0x0800029c   0x00000004   Code   RO         2115    .ARM.Collect$$$$00000004  mc_w.l(entry5.o)
    0x080002a0   0x080002a0   0x00000000   Code   RO         2117    .ARM.Collect$$$$00000008  mc_w.l(entry7b.o)
    0x080002a0   0x080002a0   0x00000000   Code   RO         2119    .ARM.Collect$$$$0000000A  mc_w.l(entry8b.o)
    0x080002a0   0x080002a0   0x00000008   Code   RO         2120    .ARM.Collect$$$$0000000B  mc_w.l(entry9a.o)
    0x080002a8   0x080002a8   0x00000000   Code   RO         2122    .ARM.Collect$$$$0000000D  mc_w.l(entry10a.o)
    0x080002a8   0x080002a8   0x00000000   Code   RO         2124    .ARM.Collect$$$$0000000F  mc_w.l(entry11a.o)
    0x080002a8   0x080002a8   0x00000004   Code   RO         2113    .ARM.Collect$$$$00002712  mc_w.l(entry2.o)
    0x080002ac   0x080002ac   0x00000024   Code   RO            4    .text               startup_stm32h743xx.o
    0x080002d0   0x080002d0   0x00000062   Code   RO         1791    .text               mc_w.l(uldiv.o)
    0x08000332   0x08000332   0x00000024   Code   RO         1793    .text               mc_w.l(memseta.o)
    0x08000356   0x08000356   0x0000002c   Code   RO         2127    .text               mc_w.l(uidiv.o)
    0x08000382   0x08000382   0x0000001e   Code   RO         2129    .text               mc_w.l(llshl.o)
    0x080003a0   0x080003a0   0x00000020   Code   RO         2131    .text               mc_w.l(llushr.o)
    0x080003c0   0x080003c0   0x00000000   Code   RO         2146    .text               mc_w.l(iusefp.o)
    0x080003c0   0x080003c0   0x0000014e   Code   RO         2147    .text               mf_w.l(dadd.o)
    0x0800050e   0x0800050e   0x000000e4   Code   RO         2149    .text               mf_w.l(dmul.o)
    0x080005f2   0x080005f2   0x000000de   Code   RO         2151    .text               mf_w.l(ddiv.o)
    0x080006d0   0x080006d0   0x00000030   Code   RO         2153    .text               mf_w.l(dfixul.o)
    0x08000700   0x08000700   0x00000030   Code   RO         2155    .text               mf_w.l(cdrcmple.o)
    0x08000730   0x08000730   0x00000024   Code   RO         2167    .text               mc_w.l(init.o)
    0x08000754   0x08000754   0x00000024   Code   RO         2169    .text               mc_w.l(llsshr.o)
    0x08000778   0x08000778   0x000000ba   Code   RO         2171    .text               mf_w.l(depilogue.o)
    0x08000832   0x08000832   0x00000002   PAD
    0x08000834   0x08000834   0x000000f8   Code   RO          166    .text.ADC_ConfigureBoostMode  stm32h7xx_hal_adc.o
    0x0800092c   0x0800092c   0x000000c8   Code   RO          170    .text.ADC_ConversionStop  stm32h7xx_hal_adc.o
    0x080009f4   0x080009f4   0x00000068   Code   RO          172    .text.ADC_Disable   stm32h7xx_hal_adc.o
    0x08000a5c   0x08000a5c   0x000000a8   Code   RO          178    .text.ADC_Enable    stm32h7xx_hal_adc.o
    0x08000b04   0x08000b04   0x00000002   Code   RO          123    .text.BusFault_Handler  stm32h7xx_it.o
    0x08000b06   0x08000b06   0x00000002   Code   RO          129    .text.DebugMon_Handler  stm32h7xx_it.o
    0x08000b08   0x08000b08   0x00000016   Code   RO           80    .text.Delay_Ms      tim.o
    0x08000b1e   0x08000b1e   0x00000002   PAD
    0x08000b20   0x08000b20   0x00000034   Code   RO           78    .text.Delay_Us      tim.o
    0x08000b54   0x08000b54   0x0000002c   Code   RO         1734    .text.Display_Four_num  hc595.o
    0x08000b80   0x08000b80   0x00000008   Code   RO           13    .text.Error_Handler  main.o
    0x08000b88   0x08000b88   0x000000a8   Code   RO          285    .text.HAL_ADCEx_MultiModeConfigChannel  stm32h7xx_hal_adc_ex.o
    0x08000c30   0x08000c30   0x00000344   Code   RO          212    .text.HAL_ADC_ConfigChannel  stm32h7xx_hal_adc.o
    0x08000f74   0x08000f74   0x00000006   Code   RO          200    .text.HAL_ADC_GetValue  stm32h7xx_hal_adc.o
    0x08000f7a   0x08000f7a   0x00000002   PAD
    0x08000f7c   0x08000f7c   0x000001f0   Code   RO          162    .text.HAL_ADC_Init  stm32h7xx_hal_adc.o
    0x0800116c   0x0800116c   0x00000098   Code   RO           50    .text.HAL_ADC_MspInit  adc.o
    0x08001204   0x08001204   0x00000138   Code   RO          182    .text.HAL_ADC_PollForConversion  stm32h7xx_hal_adc.o
    0x0800133c   0x0800133c   0x000000ec   Code   RO          176    .text.HAL_ADC_Start  stm32h7xx_hal_adc.o
    0x08001428   0x08001428   0x0000003e   Code   RO          180    .text.HAL_ADC_Stop  stm32h7xx_hal_adc.o
    0x08001466   0x08001466   0x00000002   PAD
    0x08001468   0x08001468   0x0000018c   Code   RO          475    .text.HAL_GPIO_Init  stm32h7xx_hal_gpio.o
    0x080015f4   0x080015f4   0x0000000a   Code   RO          481    .text.HAL_GPIO_WritePin  stm32h7xx_hal_gpio.o
    0x080015fe   0x080015fe   0x00000002   PAD
    0x08001600   0x08001600   0x0000000c   Code   RO          860    .text.HAL_GetREVID  stm32h7xx_hal.o
    0x0800160c   0x0800160c   0x00000008   Code   RO          844    .text.HAL_GetTick   stm32h7xx_hal.o
    0x08001614   0x08001614   0x00000014   Code   RO          842    .text.HAL_IncTick   stm32h7xx_hal.o
    0x08001628   0x08001628   0x00000054   Code   RO          832    .text.HAL_Init      stm32h7xx_hal.o
    0x0800167c   0x0800167c   0x00000048   Code   RO          834    .text.HAL_InitTick  stm32h7xx_hal.o
    0x080016c4   0x080016c4   0x00000050   Code   RO          801    .text.HAL_MPU_ConfigRegion  stm32h7xx_hal_cortex.o
    0x08001714   0x08001714   0x00000014   Code   RO          797    .text.HAL_MPU_Disable  stm32h7xx_hal_cortex.o
    0x08001728   0x08001728   0x00000020   Code   RO          799    .text.HAL_MPU_Enable  stm32h7xx_hal_cortex.o
    0x08001748   0x08001748   0x00000020   Code   RO          153    .text.HAL_MspInit   stm32h7xx_hal_msp.o
    0x08001768   0x08001768   0x0000001c   Code   RO          787    .text.HAL_NVIC_EnableIRQ  stm32h7xx_hal_cortex.o
    0x08001784   0x08001784   0x00000040   Code   RO          783    .text.HAL_NVIC_SetPriority  stm32h7xx_hal_cortex.o
    0x080017c4   0x080017c4   0x00000020   Code   RO          781    .text.HAL_NVIC_SetPriorityGrouping  stm32h7xx_hal_cortex.o
    0x080017e4   0x080017e4   0x00000048   Code   RO          692    .text.HAL_PWREx_ConfigSupply  stm32h7xx_hal_pwr_ex.o
    0x0800182c   0x0800182c   0x00000024   Code   RO          357    .text.HAL_RCCEx_GetD3PCLK1Freq  stm32h7xx_hal_rcc_ex.o
    0x08001850   0x08001850   0x00000110   Code   RO          351    .text.HAL_RCCEx_GetPLL1ClockFreq  stm32h7xx_hal_rcc_ex.o
    0x08001960   0x08001960   0x0000010c   Code   RO          353    .text.HAL_RCCEx_GetPLL2ClockFreq  stm32h7xx_hal_rcc_ex.o
    0x08001a6c   0x08001a6c   0x0000010c   Code   RO          355    .text.HAL_RCCEx_GetPLL3ClockFreq  stm32h7xx_hal_rcc_ex.o
    0x08001b78   0x08001b78   0x00000290   Code   RO          349    .text.HAL_RCCEx_GetPeriphCLKFreq  stm32h7xx_hal_rcc_ex.o
    0x08001e08   0x08001e08   0x00000998   Code   RO          341    .text.HAL_RCCEx_PeriphCLKConfig  stm32h7xx_hal_rcc_ex.o
    0x080027a0   0x080027a0   0x00000218   Code   RO          308    .text.HAL_RCC_ClockConfig  stm32h7xx_hal_rcc.o
    0x080029b8   0x080029b8   0x00000040   Code   RO          318    .text.HAL_RCC_GetHCLKFreq  stm32h7xx_hal_rcc.o
    0x080029f8   0x080029f8   0x0000001c   Code   RO          320    .text.HAL_RCC_GetPCLK1Freq  stm32h7xx_hal_rcc.o
    0x08002a14   0x08002a14   0x00000024   Code   RO          322    .text.HAL_RCC_GetPCLK2Freq  stm32h7xx_hal_rcc.o
    0x08002a38   0x08002a38   0x000000fc   Code   RO          310    .text.HAL_RCC_GetSysClockFreq  stm32h7xx_hal_rcc.o
    0x08002b34   0x08002b34   0x0000052a   Code   RO          306    .text.HAL_RCC_OscConfig  stm32h7xx_hal_rcc.o
    0x0800305e   0x0800305e   0x00000002   PAD
    0x08003060   0x08003060   0x00000028   Code   RO          795    .text.HAL_SYSTICK_Config  stm32h7xx_hal_cortex.o
    0x08003088   0x08003088   0x00000002   Code   RO         1486    .text.HAL_TIMEx_Break2Callback  stm32h7xx_hal_tim_ex.o
    0x0800308a   0x0800308a   0x00000002   Code   RO         1484    .text.HAL_TIMEx_BreakCallback  stm32h7xx_hal_tim_ex.o
    0x0800308c   0x0800308c   0x00000002   Code   RO         1480    .text.HAL_TIMEx_CommutCallback  stm32h7xx_hal_tim_ex.o
    0x0800308e   0x0800308e   0x00000002   PAD
    0x08003090   0x08003090   0x0000008c   Code   RO         1468    .text.HAL_TIMEx_MasterConfigSynchronization  stm32h7xx_hal_tim_ex.o
    0x0800311c   0x0800311c   0x00000060   Code   RO         1154    .text.HAL_TIM_Base_Init  stm32h7xx_hal_tim.o
    0x0800317c   0x0800317c   0x000000bc   Code   RO           74    .text.HAL_TIM_Base_MspInit  tim.o
    0x08003238   0x08003238   0x00000068   Code   RO         1164    .text.HAL_TIM_Base_Start  stm32h7xx_hal_tim.o
    0x080032a0   0x080032a0   0x00000090   Code   RO         1168    .text.HAL_TIM_Base_Start_IT  stm32h7xx_hal_tim.o
    0x08003330   0x08003330   0x0000002a   Code   RO         1166    .text.HAL_TIM_Base_Stop  stm32h7xx_hal_tim.o
    0x0800335a   0x0800335a   0x00000002   PAD
    0x0800335c   0x0800335c   0x00000128   Code   RO         1346    .text.HAL_TIM_ConfigClockSource  stm32h7xx_hal_tim.o
    0x08003484   0x08003484   0x00000002   Code   RO         1290    .text.HAL_TIM_IC_CaptureCallback  stm32h7xx_hal_tim.o
    0x08003486   0x08003486   0x00000002   PAD
    0x08003488   0x08003488   0x0000018c   Code   RO         1288    .text.HAL_TIM_IRQHandler  stm32h7xx_hal_tim.o
    0x08003614   0x08003614   0x00000002   Code   RO         1292    .text.HAL_TIM_OC_DelayElapsedCallback  stm32h7xx_hal_tim.o
    0x08003616   0x08003616   0x00000002   Code   RO         1294    .text.HAL_TIM_PWM_PulseFinishedCallback  stm32h7xx_hal_tim.o
    0x08003618   0x08003618   0x00000002   Code   RO         1296    .text.HAL_TIM_PeriodElapsedCallback  stm32h7xx_hal_tim.o
    0x0800361a   0x0800361a   0x00000002   Code   RO         1298    .text.HAL_TIM_TriggerCallback  stm32h7xx_hal_tim.o
    0x0800361c   0x0800361c   0x00000036   Code   RO         1669    .text.HAL_UARTEx_DisableFifoMode  stm32h7xx_hal_uart_ex.o
    0x08003652   0x08003652   0x0000004a   Code   RO         1673    .text.HAL_UARTEx_SetRxFifoThreshold  stm32h7xx_hal_uart_ex.o
    0x0800369c   0x0800369c   0x0000004a   Code   RO         1671    .text.HAL_UARTEx_SetTxFifoThreshold  stm32h7xx_hal_uart_ex.o
    0x080036e6   0x080036e6   0x00000064   Code   RO         1501    .text.HAL_UART_Init  stm32h7xx_hal_uart.o
    0x0800374a   0x0800374a   0x00000002   PAD
    0x0800374c   0x0800374c   0x00000080   Code   RO           97    .text.HAL_UART_MspInit  usart.o
    0x080037cc   0x080037cc   0x000000bc   Code   RO         1521    .text.HAL_UART_Transmit  stm32h7xx_hal_uart.o
    0x08003888   0x08003888   0x00000094   Code   RO         1728    .text.HC595_Init    hc595.o
    0x0800391c   0x0800391c   0x00000002   Code   RO          119    .text.HardFault_Handler  stm32h7xx_it.o
    0x0800391e   0x0800391e   0x00000002   PAD
    0x08003920   0x08003920   0x00000040   Code   RO         1730    .text.LED8_Display  hc595.o
    0x08003960   0x08003960   0x00000040   Code   RO         1732    .text.LED_OUT       hc595.o
    0x080039a0   0x080039a0   0x00000022   Code   RO          214    .text.LL_ADC_SetChannelSamplingTime  stm32h7xx_hal_adc.o
    0x080039c2   0x080039c2   0x00000002   PAD
    0x080039c4   0x080039c4   0x00000088   Code   RO           48    .text.MX_ADC1_Init  adc.o
    0x08003a4c   0x08003a4c   0x000000b8   Code   RO           37    .text.MX_GPIO_Init  gpio.o
    0x08003b04   0x08003b04   0x00000034   Code   RO           70    .text.MX_TIM14_Init  tim.o
    0x08003b38   0x08003b38   0x0000006c   Code   RO           72    .text.MX_TIM15_Init  tim.o
    0x08003ba4   0x08003ba4   0x00000048   Code   RO           66    .text.MX_TIM6_Init  tim.o
    0x08003bec   0x08003bec   0x00000044   Code   RO           68    .text.MX_TIM7_Init  tim.o
    0x08003c30   0x08003c30   0x00000068   Code   RO           95    .text.MX_USART1_UART_Init  usart.o
    0x08003c98   0x08003c98   0x00000002   Code   RO          121    .text.MemManage_Handler  stm32h7xx_it.o
    0x08003c9a   0x08003c9a   0x00000002   Code   RO          117    .text.NMI_Handler   stm32h7xx_it.o
    0x08003c9c   0x08003c9c   0x00000002   Code   RO          131    .text.PendSV_Handler  stm32h7xx_it.o
    0x08003c9e   0x08003c9e   0x00000002   PAD
    0x08003ca0   0x08003ca0   0x0000003c   Code   RO           54    .text.Pinread       adc.o
    0x08003cdc   0x08003cdc   0x00000100   Code   RO          343    .text.RCCEx_PLL2_Config  stm32h7xx_hal_rcc_ex.o
    0x08003ddc   0x08003ddc   0x00000100   Code   RO          345    .text.RCCEx_PLL3_Config  stm32h7xx_hal_rcc_ex.o
    0x08003edc   0x08003edc   0x00000002   Code   RO          127    .text.SVC_Handler   stm32h7xx_it.o
    0x08003ede   0x08003ede   0x00000004   Code   RO          133    .text.SysTick_Handler  stm32h7xx_it.o
    0x08003ee2   0x08003ee2   0x00000002   PAD
    0x08003ee4   0x08003ee4   0x00000100   Code   RO           19    .text.SystemClock_Config  main.o
    0x08003fe4   0x08003fe4   0x000000b4   Code   RO         1693    .text.SystemInit    system_stm32h7xx.o
    0x08004098   0x08004098   0x00000134   Code   RO          139    .text.TIM15_IRQHandler  stm32h7xx_it.o
    0x080041cc   0x080041cc   0x00000040   Code   RO          137    .text.TIM6_DAC_IRQHandler  stm32h7xx_it.o
    0x0800420c   0x0800420c   0x00000034   Code   RO          135    .text.TIM8_TRG_COM_TIM14_IRQHandler  stm32h7xx_it.o
    0x08004240   0x08004240   0x000000f8   Code   RO         1158    .text.TIM_Base_SetConfig  stm32h7xx_hal_tim.o
    0x08004338   0x08004338   0x00000022   Code   RO         1348    .text.TIM_TI1_ConfigInputStage  stm32h7xx_hal_tim.o
    0x0800435a   0x0800435a   0x00000024   Code   RO         1350    .text.TIM_TI2_ConfigInputStage  stm32h7xx_hal_tim.o
    0x0800437e   0x0800437e   0x00000002   PAD
    0x08004380   0x08004380   0x00000054   Code   RO         1667    .text.UARTEx_SetNbDataToProcess  stm32h7xx_hal_uart_ex.o
    0x080043d4   0x080043d4   0x000000c6   Code   RO         1507    .text.UART_AdvFeatureConfig  stm32h7xx_hal_uart.o
    0x0800449a   0x0800449a   0x00000002   PAD
    0x0800449c   0x0800449c   0x000000b4   Code   RO         1509    .text.UART_CheckIdleState  stm32h7xx_hal_uart.o
    0x08004550   0x08004550   0x0000005c   Code   RO         1561    .text.UART_EndRxTransfer  stm32h7xx_hal_uart.o
    0x080045ac   0x080045ac   0x0000039c   Code   RO         1505    .text.UART_SetConfig  stm32h7xx_hal_uart.o
    0x08004948   0x08004948   0x00000092   Code   RO         1523    .text.UART_WaitOnFlagUntilTimeout  stm32h7xx_hal_uart.o
    0x080049da   0x080049da   0x00000002   Code   RO          125    .text.UsageFault_Handler  stm32h7xx_it.o
    0x080049dc   0x080049dc   0x00000020   Code   RO          785    .text.__NVIC_SetPriority  stm32h7xx_hal_cortex.o
    0x080049fc   0x080049fc   0x0000001c   Code   RO          103    .text.fputc         usart.o
    0x08004a18   0x08004a18   0x0000016c   Code   RO           17    .text.main          main.o
    0x08004b84   0x08004b84   0x00000020   Code   RO         2028    i.__0printf         mc_w.l(printfa.o)
    0x08004ba4   0x08004ba4   0x0000000e   Code   RO         2175    i.__scatterload_copy  mc_w.l(handlers.o)
    0x08004bb2   0x08004bb2   0x00000002   Code   RO         2176    i.__scatterload_null  mc_w.l(handlers.o)
    0x08004bb4   0x08004bb4   0x0000000e   Code   RO         2177    i.__scatterload_zeroinit  mc_w.l(handlers.o)
    0x08004bc2   0x08004bc2   0x00000002   PAD
    0x08004bc4   0x08004bc4   0x00000184   Code   RO         2035    i._fp_digits        mc_w.l(printfa.o)
    0x08004d48   0x08004d48   0x000006dc   Code   RO         2036    i._printf_core      mc_w.l(printfa.o)
    0x08005424   0x08005424   0x00000024   Code   RO         2037    i._printf_post_padding  mc_w.l(printfa.o)
    0x08005448   0x08005448   0x0000002e   Code   RO         2038    i._printf_pre_padding  mc_w.l(printfa.o)
    0x08005476   0x08005476   0x00000010   Data   RO         1697    .rodata.D1CorePrescTable  system_stm32h7xx.o
    0x08005486   0x08005486   0x00000018   Data   RO         1639    .rodata.UARTPrescTable  stm32h7xx_hal_uart.o
    0x0800549e   0x0800549e   0x00000010   Data   RO         1683    .rodata.cst8        stm32h7xx_hal_uart_ex.o
    0x080054ae   0x080054ae   0x00000002   PAD
    0x080054b0   0x080054b0   0x00000020   Data   RO         2174    Region$$Table       anon$$obj.o


    Execution Region RW_IRAM1 (Exec base: 0x20000000, Load base: 0x080054d0, Size: 0x00000778, Max: 0x00020000, ABSOLUTE)

    Exec Addr    Load Addr    Size         Type   Attr      Idx    E Section Name        Object

    0x20000000   0x080054d0   0x00000004   Data   RW         2126    .data               mc_w.l(stdout.o)
    0x20000004   0x080054d4   0x00000008   Data   RW          929    .data..L_MergedGlobals  stm32h7xx_hal.o
    0x2000000c   0x080054dc   0x00000008   Data   RW         1698    .data..L_MergedGlobals  system_stm32h7xx.o
    0x20000014   0x080054e4   0x00000034   Data   RW         1739    .data..L_MergedGlobals  hc595.o
    0x20000048   0x08005518   0x00000004   Data   RW           23    .data.ADC1_BUFFER_SIZE  main.o
    0x2000004c   0x0800551c   0x00000002   Data   RW          142    .data.mask_num_max  stm32h7xx_it.o
    0x2000004e   0x0800551e   0x00000002   PAD
    0x20000050        -       0x00000024   Zero   RW          144    .bss..L_MergedGlobals  stm32h7xx_it.o
    0x20000074        -       0x00000010   Zero   RW         1738    .bss.AJcode         hc595.o
    0x20000084        -       0x000000c8   Zero   RW          141    .bss.DATA_Array     stm32h7xx_it.o
    0x2000014c        -       0x00000064   Zero   RW           56    .bss.hadc1          adc.o
    0x200001b0        -       0x0000004c   Zero   RW           84    .bss.htim14         tim.o
    0x200001fc        -       0x0000004c   Zero   RW           85    .bss.htim15         tim.o
    0x20000248        -       0x0000004c   Zero   RW           82    .bss.htim6          tim.o
    0x20000294        -       0x0000004c   Zero   RW           83    .bss.htim7          tim.o
    0x200002e0        -       0x00000094   Zero   RW          107    .bss.huart1         usart.o
    0x20000374        -       0x00000004   Zero   RW          928    .bss.uwTick         stm32h7xx_hal.o
    0x20000378        -       0x00000400   Zero   RW            1    STACK               startup_stm32h743xx.o



  Load Region LR$$.ARM.__at_0x24000000 (Base: 0x24000000, Size: 0x00009c40, Max: 0x00009c40, ABSOLUTE)

    Execution Region ER$$.ARM.__at_0x24000000 (Exec base: 0x24000000, Load base: 0x24000000, Size: 0x00009c40, Max: 0x00009c40, ABSOLUTE, UNINIT)

    Exec Addr    Load Addr    Size         Type   Attr      Idx    E Section Name        Object

    0x24000000   0x24000000   0x00009c40   Data   RW         1717    .ARM.__at_0x24000000  xfft.o



  Load Region LR$$.ARM.__at_0x24040000 (Base: 0x24040000, Size: 0x00009c40, Max: 0x00009c40, ABSOLUTE)

    Execution Region ER$$.ARM.__at_0x24040000 (Exec base: 0x24040000, Load base: 0x24040000, Size: 0x00009c40, Max: 0x00009c40, ABSOLUTE, UNINIT)

    Exec Addr    Load Addr    Size         Type   Attr      Idx    E Section Name        Object

    0x24040000   0x24040000   0x00009c40   Data   RW         1715    .ARM.__at_0x24040000  xfft.o



  Load Region LR$$.ARM.__at_0x30000000 (Base: 0x30000000, Size: 0x00002710, Max: 0x00002710, ABSOLUTE)

    Execution Region ER$$.ARM.__at_0x30000000 (Exec base: 0x30000000, Load base: 0x30000000, Size: 0x00002710, Max: 0x00002710, ABSOLUTE, UNINIT)

    Exec Addr    Load Addr    Size         Type   Attr      Idx    E Section Name        Object

    0x30000000   0x30000000   0x00002710   Data   RW           25    .ARM.__at_0x30000000  main.o



  Load Region LR$$.ARM.__at_0x38000000 (Base: 0x38000000, Size: 0x00000028, Max: 0x00000028, ABSOLUTE)

    Execution Region ER$$.ARM.__at_0x38000000 (Exec base: 0x38000000, Load base: 0x38000000, Size: 0x00000028, Max: 0x00000028, ABSOLUTE, UNINIT)

    Exec Addr    Load Addr    Size         Type   Attr      Idx    E Section Name        Object

    0x38000000   0x38000000   0x00000028   Data   RW           26    .ARM.__at_0x38000000  main.o


==============================================================================

Image component sizes


      Code (inc. data)   RO Data    RW Data    ZI Data      Debug   Object Name

       348         28          0          0        100       8905   adc.o
       184         12          0          0          0       2991   gpio.o
       320         12          0         52         16       3853   hc595.o
       628         56          0      10044          0      10787   main.o
        36          8        664          0       1024        820   startup_stm32h743xx.o
       196         24          0          8          4      14571   stm32h7xx_hal.o
      2702        140          0          0          0      23974   stm32h7xx_hal_adc.o
       168          4          0          0          0      24554   stm32h7xx_hal_adc_ex.o
       328         32          0          0          0      11772   stm32h7xx_hal_cortex.o
       406         16          0          0          0       6712   stm32h7xx_hal_gpio.o
        32          4          0          0          0       2199   stm32h7xx_hal_msp.o
        72          4          0          0          0      10222   stm32h7xx_hal_pwr_ex.o
      2238         64          0          0          0      10969   stm32h7xx_hal_rcc.o
      4468        248          0          0          0      17395   stm32h7xx_hal_rcc_ex.o
      1406         88          0          0          0      45143   stm32h7xx_hal_tim.o
       146          0          0          0          0      19510   stm32h7xx_hal_tim_ex.o
      1828        146         24          0          0      31774   stm32h7xx_hal_uart.o
       286          8         16          0          0       9591   stm32h7xx_hal_uart_ex.o
       444         40          0          2        236       2459   stm32h7xx_it.o
       180         40         16          8          0       5633   system_stm32h7xx.o
       562         52          0          0        304      10952   tim.o
       260         20          0          0        148       8836   usart.o
         0          0          0      80000          0       3498   xfft.o

    ----------------------------------------------------------------------
     17268       1046        754      90116       1832     287120   Object Totals
         0          0         32          0          0          0   (incl. Generated)
        30          0          2          2          0          0   (incl. Padding)

    ----------------------------------------------------------------------

      Code (inc. data)   RO Data    RW Data    ZI Data      Debug   Library Member Name

         0          0          0          0          0          0   entry.o
         0          0          0          0          0          0   entry10a.o
         0          0          0          0          0          0   entry11a.o
         8          4          0          0          0          0   entry2.o
         4          0          0          0          0          0   entry5.o
         0          0          0          0          0          0   entry7b.o
         0          0          0          0          0          0   entry8b.o
         8          4          0          0          0          0   entry9a.o
        30          0          0          0          0          0   handlers.o
        36          8          0          0          0         68   init.o
         0          0          0          0          0          0   iusefp.o
        30          0          0          0          0         68   llshl.o
        36          0          0          0          0         68   llsshr.o
        32          0          0          0          0         68   llushr.o
        36          0          0          0          0        108   memseta.o
      2258         90          0          0          0        452   printfa.o
         0          0          0          4          0          0   stdout.o
        44          0          0          0          0         80   uidiv.o
        98          0          0          0          0         92   uldiv.o
        48          0          0          0          0         68   cdrcmple.o
       334          0          0          0          0        148   dadd.o
       222          0          0          0          0        100   ddiv.o
       186          0          0          0          0        176   depilogue.o
        48          0          0          0          0         68   dfixul.o
       228          0          0          0          0         96   dmul.o

    ----------------------------------------------------------------------
      3690        106          0          4          0       1660   Library Totals
         4          0          0          0          0          0   (incl. Padding)

    ----------------------------------------------------------------------

      Code (inc. data)   RO Data    RW Data    ZI Data      Debug   Library Name

      2620        106          0          4          0       1004   mc_w.l
      1066          0          0          0          0        656   mf_w.l

    ----------------------------------------------------------------------
      3690        106          0          4          0       1660   Library Totals

    ----------------------------------------------------------------------

==============================================================================


      Code (inc. data)   RO Data    RW Data    ZI Data      Debug   

     20958       1152        754      90120       1832     287832   Grand Totals
     20958       1152        754      90120       1832     287832   ELF Image Totals
     20958       1152        754      90120          0          0   ROM Totals

==============================================================================

    Total RO  Size (Code + RO Data)                21712 (  21.20kB)
    Total RW  Size (RW Data + ZI Data)             91952 (  89.80kB)
    Total ROM Size (Code + RO Data + RW Data)     111832 ( 109.21kB)

==============================================================================

