<html>
<body>
<pre>
<h1>µVision Build Log</h1>
<h2>Tool Versions:</h2>
IDE-Version: ¦ÌVision V5.27.0.0
Copyright (C) 2018 ARM Ltd and ARM Germany GmbH. All rights reserved.
License Information: aa a, aa, LIC=9N0AE-5LEVI-YDXK5-GKK7Z-51IV7-1IPR8
 
Tool Versions:
Toolchain:       MDK-ARM Professional  Version: 5.27.0.0
Toolchain Path:  D:\Keil_v5\ARM\ARMCLANG\Bin
C Compiler:      ArmClang.exe V6.11
Assembler:       Armasm.exe V6.11
Linker/Locator:  ArmLink.exe V6.11
Library Manager: ArmAr.exe V6.11
Hex Converter:   FromElf.exe V6.11
CPU DLL:         SARMCM3.DLL V5.27.0.0
Dialog DLL:      DCM.DLL V1.17.2.0
Target DLL:      ULPL2CM3.dll V1.2.10.0
Dialog DLL:      TCM.DLL V1.36.1.0
 
<h2>Project:</h2>
L:\STM\PPJ\STM2022Summer\2022_7\HTemplate0\MDK-ARM\HTemplate0.uvprojx
Project File Date:  09/30/2022

<h2>Output:</h2>
*** Using Compiler 'V6.11', folder: 'D:\Keil_v5\ARM\ARMCLANG\Bin'
Build target 'HTemplate0'
compiling 9833.c...
compiling adc.c...
compiling dma.c...
compiling fre_cal.c...
compiling stm32h7xx_it.c...
compiling AM.c...
compiling tim.c...
compiling stm32h7xx_hal_msp.c...
compiling UFFT.c...
compiling FM.c...
compiling gpio.c...
compiling AD9854.c...
compiling usart.c...
compiling main.c...
compiling wFFT.c...
compiling lcd.c...
compiling esp8266.c...
linking...
Program Size: Code=44952 RO-data=1140 RW-data=589868 ZI-data=32356  
FromELF: creating hex file...
"HTemplate0\HTemplate0.axf" - 0 Error(s), 0 Warning(s).

<h2>Software Packages used:</h2>

Package Vendor: ARM
                http://www.keil.com/pack/ARM.CMSIS.5.4.0.pack
                ARM.CMSIS.5.4.0
                CMSIS (Cortex Microcontroller Software Interface Standard)
   * Component: CORE Version: 5.1.2

Package Vendor: Keil
                http://www.keil.com/pack/Keil.STM32H7xx_DFP.3.0.0.pack
                Keil.STM32H7xx_DFP.3.0.0
                STMicroelectronics STM32H7 Series Device Support and Examples

<h2>Collection of Component include folders:</h2>
  .\RTE\_HTemplate0
  D:\Keil_v5\ARM\PACK\ARM\CMSIS\5.4.0\CMSIS\Core\Include
  D:\Keil_v5\ARM\PACK\Keil\STM32H7xx_DFP\3.0.0\Drivers\CMSIS\Device\ST\STM32H7xx\Include

<h2>Collection of Component Files used:</h2>

   * Component: ARM::CMSIS:CORE:5.1.2
Build Time Elapsed:  00:00:02
</pre>
</body>
</html>
