<html>
<body>
<pre>
<h1>µVision Build Log</h1>
<h2>Tool Versions:</h2>
IDE-Version: ¦ÌVision V5.27.0.0
Copyright (C) 2018 ARM Ltd and ARM Germany GmbH. All rights reserved.
License Information: aa a, aa, LIC=9N0AE-5LEVI-YDXK5-GKK7Z-51IV7-1IPR8
 
Tool Versions:
Toolchain:       MDK-ARM Professional  Version: 5.27.0.0
Toolchain Path:  D:\Keil_v5\ARM\ARMCLANG\Bin
C Compiler:      ArmClang.exe V6.11
Assembler:       Armasm.exe V6.11
Linker/Locator:  ArmLink.exe V6.11
Library Manager: ArmAr.exe V6.11
Hex Converter:   FromElf.exe V6.11
CPU DLL:         SARMCM3.DLL V5.27.0.0
Dialog DLL:      DCM.DLL V1.17.2.0
Target DLL:      CMSIS_AGDI.dll V1.31.9.0
Dialog DLL:      TCM.DLL V1.36.1.0
 
<h2>Project:</h2>
C:\Users\31362\Desktop\2017-F\PPJ\AD9959_test\MDK-ARM\AD9959_test.uvprojx
Project File Date:  09/25/2022

<h2>Output:</h2>
*** Using Compiler 'V6.11', folder: 'D:\Keil_v5\ARM\ARMCLANG\Bin'
Rebuild target 'AD9959_test'
assembling startup_stm32h743xx.s...
compiling stm32h7xx_hal_hsem.c...
compiling main.c...
compiling tim.c...
compiling gpio.c...
compiling stm32h7xx_hal_gpio.c...
compiling ad9959.c...
compiling stm32h7xx_hal_msp.c...
compiling stm32h7xx_hal_dma_ex.c...
compiling stm32h7xx_it.c...
compiling stm32h7xx_hal_flash.c...
compiling stm32h7xx_hal_cortex.c...
compiling stm32h7xx_hal_rcc.c...
compiling stm32h7xx_hal_flash_ex.c...
compiling stm32h7xx_hal_rcc_ex.c...
compiling stm32h7xx_hal_dma.c...
compiling stm32h7xx_hal_pwr.c...
compiling stm32h7xx_hal_mdma.c...
compiling system_stm32h7xx.c...
compiling stm32h7xx_hal_i2c_ex.c...
compiling stm32h7xx_hal.c...
compiling stm32h7xx_hal_pwr_ex.c...
compiling stm32h7xx_hal_exti.c...
compiling stm32h7xx_hal_tim_ex.c...
compiling stm32h7xx_hal_i2c.c...
compiling stm32h7xx_hal_tim.c...
linking...
Program Size: Code=5748 RO-data=712 RW-data=20 ZI-data=1724  
FromELF: creating hex file...
"AD9959_test\AD9959_test.axf" - 0 Error(s), 0 Warning(s).

<h2>Software Packages used:</h2>

Package Vendor: ARM
                http://www.keil.com/pack/ARM.CMSIS.5.4.0.pack
                ARM.CMSIS.5.4.0
                CMSIS (Cortex Microcontroller Software Interface Standard)
   * Component: CORE Version: 5.1.2

Package Vendor: Keil
                http://www.keil.com/pack/Keil.STM32H7xx_DFP.3.0.0.pack
                Keil.STM32H7xx_DFP.3.0.0
                STMicroelectronics STM32H7 Series Device Support and Examples

<h2>Collection of Component include folders:</h2>
  .\RTE\_AD9959_test
  D:\Keil_v5\ARM\PACK\ARM\CMSIS\5.4.0\CMSIS\Core\Include
  D:\Keil_v5\ARM\PACK\Keil\STM32H7xx_DFP\3.0.0\Drivers\CMSIS\Device\ST\STM32H7xx\Include

<h2>Collection of Component Files used:</h2>

   * Component: ARM::CMSIS:CORE:5.1.2
Build Time Elapsed:  00:00:03
</pre>
</body>
</html>
