Component: ARM Compiler 5.06 update 6 (build 750) Tool: armlink [4d35ed]

==============================================================================

Section Cross References

    main.o(i.clk_init) refers to gpio.o(i.GPIO_setAsPeripheralModuleFunctionOutputPin) for GPIO_setAsPeripheralModuleFunctionOutputPin
    main.o(i.clk_init) refers to cs.o(i.CS_setExternalClockSourceFrequency) for CS_setExternalClockSourceFrequency
    main.o(i.clk_init) refers to pcm.o(i.PCM_setCoreVoltageLevel) for PCM_setCoreVoltageLevel
    main.o(i.clk_init) refers to flash.o(i.FlashCtl_setWaitState) for FlashCtl_setWaitState
    main.o(i.clk_init) refers to cs.o(i.CS_startHFXT) for CS_startHFXT
    main.o(i.clk_init) refers to cs.o(i.CS_initClockSignal) for CS_initClockSignal
    main.o(i.main) refers to arm_rfft_fast_init_f32.o(i.arm_rfft_fast_init_f32) for arm_rfft_fast_init_f32
    main.o(i.main) refers to main.o(i.clk_init) for clk_init
    main.o(i.main) refers to usart.o(i.Usart0tInit) for Usart0tInit
    main.o(i.main) refers to usart.o(i.Usart1tInit) for Usart1tInit
    main.o(i.main) refers to adc.o(i.ADC14Init) for ADC14Init
    main.o(i.main) refers to dma.o(i.DMA_confing) for DMA_confing
    main.o(i.main) refers to my_key.o(i.key_init) for key_init
    main.o(i.main) refers to measure.o(i.calculate_hanning) for calculate_hanning
    main.o(i.main) refers to esp8266.o(i.init_esp8266) for init_esp8266
    main.o(i.main) refers to esp8266.o(i.connect_udp) for connect_udp
    main.o(i.main) refers to measure.o(i.voltage_process) for voltage_process
    main.o(i.main) refers to main.o(.bss) for _1024_fft
    main.o(i.main) refers to my_key.o(.data) for start_flag
    main.o(i.start_DMA) refers to main.o(.data) for dma_flag
    usart.o(i.USART0PutChar) refers to uart.o(i.UART_transmitData) for UART_transmitData
    usart.o(i.USART0PutString) refers to usart.o(i.USART0PutChar) for USART0PutChar
    usart.o(i.USART1PutChar) refers to uart.o(i.UART_transmitData) for UART_transmitData
    usart.o(i.USART1PutString) refers to usart.o(i.USART1PutChar) for USART1PutChar
    usart.o(i.Usart0tInit) refers to usart.o(.constdata) for uartConfig0
    usart.o(i.Usart1tInit) refers to usart.o(.constdata) for uartConfig1
    adc.o(i.ADC14Init) refers to adc14.o(i.ADC14_setResolution) for ADC14_setResolution
    adc.o(i.ADC14Init) refers to adc.o(.data) for upModeConfig
    adc.o(i.Change_Simple_Rate) refers to adc.o(.data) for upModeConfig
    dma.o(i.DMA_INT1_IRQHandler) refers to interrupt.o(i.Interrupt_enableInterrupt) for Interrupt_enableInterrupt
    dma.o(i.DMA_INT1_IRQHandler) refers to dma.o(i.DMA_clearInterruptFlag) for DMA_clearInterruptFlag
    dma.o(i.DMA_INT1_IRQHandler) refers to interrupt.o(i.Interrupt_enableMaster) for Interrupt_enableMaster
    dma.o(i.DMA_INT1_IRQHandler) refers to main.o(.bss) for data_array1
    dma.o(i.DMA_INT1_IRQHandler) refers to main.o(.data) for dma_flag
    dma.o(i.DMA_confing) refers to dma.o(.bss) for controlTable
    dma.o(i.DMA_confing) refers to main.o(.bss) for data_array1
    measure.o(i.amplitude) refers to f2d.o(x$fpl$f2d) for __aeabi_f2d
    measure.o(i.amplitude) refers to pow.o(i.__hardfp_pow) for __hardfp_pow
    measure.o(i.amplitude) refers to daddsub_clz.o(x$fpl$dadd) for __aeabi_dadd
    measure.o(i.amplitude) refers to d2f.o(x$fpl$d2f) for __aeabi_d2f
    measure.o(i.amplitude) refers to main.o(.bss) for voltage_fft
    measure.o(i.calculate_THDx) refers to measure.o(i.find_max_index) for find_max_index
    measure.o(i.calculate_THDx) refers to f2d.o(x$fpl$f2d) for __aeabi_f2d
    measure.o(i.calculate_THDx) refers to sqrt.o(i.__hardfp_sqrt) for __hardfp_sqrt
    measure.o(i.calculate_THDx) refers to sqrtf.o(i.__hardfp_sqrtf) for __hardfp_sqrtf
    measure.o(i.calculate_THDx) refers to ddiv.o(x$fpl$ddiv) for __aeabi_ddiv
    measure.o(i.calculate_THDx) refers to d2f.o(x$fpl$d2f) for __aeabi_d2f
    measure.o(i.calculate_THDx) refers to measure.o(.data) for base_ele
    measure.o(i.calculate_THDx) refers to main.o(.bss) for voltage_fft
    measure.o(i.calculate_hanning) refers to cosf.o(i.__hardfp_cosf) for __hardfp_cosf
    measure.o(i.calculate_hanning) refers to main.o(.bss) for Hanning
    measure.o(i.find_max_index) refers to main.o(.bss) for voltage_fft
    measure.o(i.find_muti) refers to measure.o(i.peek_measure) for peek_measure
    measure.o(i.find_muti) refers to adc.o(i.ADC14Init) for ADC14Init
    measure.o(i.find_muti) refers to main.o(.data) for gears
    measure.o(i.find_muti) refers to measure.o(.data) for voltage_peek
    measure.o(i.get_signal) refers to adc.o(i.Change_Simple_Rate) for Change_Simple_Rate
    measure.o(i.get_signal) refers to main.o(i.start_DMA) for start_DMA
    measure.o(i.get_signal) refers to measure.o(i.inter_data) for inter_data
    measure.o(i.get_signal) refers to measure.o(.data) for signal_fre
    measure.o(i.get_signal) refers to measure.o(.bss) for send_signal
[...]
    i.arm_rfft_64_fast_init_f32              0x00003ec0   Section        0  arm_rfft_fast_init_f32.o(i.arm_rfft_64_fast_init_f32)
    arm_rfft_64_fast_init_f32                0x00003ec1   Thumb Code    40  arm_rfft_fast_init_f32.o(i.arm_rfft_64_fast_init_f32)
    i.arm_rfft_fast_f32                      0x00003eec   Section        0  arm_rfft_fast_f32.o(i.arm_rfft_fast_f32)
    i.arm_rfft_fast_init_f32                 0x00003f30   Section        0  arm_rfft_fast_init_f32.o(i.arm_rfft_fast_init_f32)
    i.calculate_THDx                         0x00003fbc   Section        0  measure.o(i.calculate_THDx)
    calculate_THDx                           0x00003fbd   Thumb Code   772  measure.o(i.calculate_THDx)
    i.calculate_hanning                      0x00004300   Section        0  measure.o(i.calculate_hanning)
    i.clk_init                               0x00004364   Section        0  main.o(i.clk_init)
    i.connect_udp                            0x000043d4   Section        0  esp8266.o(i.connect_udp)
    i.fabs                                   0x00004420   Section        0  fabs.o(i.fabs)
    i.find_max_index                         0x00004438   Section        0  measure.o(i.find_max_index)
    find_max_index                           0x00004439   Thumb Code    64  measure.o(i.find_max_index)
    i.find_muti                              0x0000447c   Section        0  measure.o(i.find_muti)
    find_muti                                0x0000447d   Thumb Code   248  measure.o(i.find_muti)
    i.get_signal                             0x00004594   Section        0  measure.o(i.get_signal)
    get_signal                               0x00004595   Thumb Code   208  measure.o(i.get_signal)
    i.init_esp8266                           0x00004680   Section        0  esp8266.o(i.init_esp8266)
    i.inter_data                             0x000046f8   Section        0  measure.o(i.inter_data)
    inter_data                               0x000046f9   Thumb Code   210  measure.o(i.inter_data)
    i.key_init                               0x000047cc   Section        0  my_key.o(i.key_init)
    i.main                                   0x00004810   Section        0  main.o(i.main)
    i.merge_rfft_f32                         0x00004860   Section        0  arm_rfft_fast_f32.o(i.merge_rfft_f32)
    i.peek_measure                           0x0000491c   Section        0  measure.o(i.peek_measure)
    i.send_THDx                              0x000049d8   Section        0  esp8266.o(i.send_THDx)
    i.send_fft                               0x00004c8c   Section        0  esp8266.o(i.send_fft)
    i.send_point                             0x00004dd0   Section        0  esp8266.o(i.send_point)
    i.sqrt                                   0x00005058   Section        0  sqrt.o(i.sqrt)
    i.stage_rfft_f32                         0x000050c6   Section        0  arm_rfft_fast_f32.o(i.stage_rfft_f32)
    i.start_DMA                              0x000051c8   Section        0  main.o(i.start_DMA)
    i.timer_delay_ms                         0x00005204   Section        0  esp8266.o(i.timer_delay_ms)
    timer_delay_ms                           0x00005205   Thumb Code    20  esp8266.o(i.timer_delay_ms)
    i.voltage_process                        0x00005218   Section        0  measure.o(i.voltage_process)
    locale$$code                             0x00005514   Section       44  lc_numeric_c.o(locale$$code)
    x$fpl$basic                              0x00005540   Section       24  basic.o(x$fpl$basic)
    $v0                                      0x00005540   Number         0  basic.o(x$fpl$basic)
    x$fpl$d2f                                0x00005558   Section       98  d2f.o(x$fpl$d2f)
    $v0                                      0x00005558   Number         0  d2f.o(x$fpl$d2f)
    x$fpl$dadd                               0x000055bc   Section      336  daddsub_clz.o(x$fpl$dadd)
    $v0                                      0x000055bc   Number         0  daddsub_clz.o(x$fpl$dadd)
    _dadd1                                   0x000055cd   Thumb Code     0  daddsub_clz.o(x$fpl$dadd)
    x$fpl$dcheck1                            0x0000570c   Section       16  dcheck1.o(x$fpl$dcheck1)
    $v0                                      0x0000570c   Number         0  dcheck1.o(x$fpl$dcheck1)
    x$fpl$dcmpinf                            0x0000571c   Section       24  dcmpi.o(x$fpl$dcmpinf)
    $v0                                      0x0000571c   Number         0  dcmpi.o(x$fpl$dcmpinf)
    x$fpl$ddiv                               0x00005734   Section      688  ddiv.o(x$fpl$ddiv)
    $v0                                      0x00005734   Number         0  ddiv.o(x$fpl$ddiv)
    ddiv_entry                               0x0000573b   Thumb Code     0  ddiv.o(x$fpl$ddiv)
    x$fpl$dflt                               0x000059e4   Section       46  dflt_clz.o(x$fpl$dflt)
    $v0                                      0x000059e4   Number         0  dflt_clz.o(x$fpl$dflt)
    x$fpl$dleqf                              0x00005a14   Section      120  dleqf.o(x$fpl$dleqf)
    $v0                                      0x00005a14   Number         0  dleqf.o(x$fpl$dleqf)
    x$fpl$dmul                               0x00005a8c   Section      340  dmul.o(x$fpl$dmul)
    $v0                                      0x00005a8c   Number         0  dmul.o(x$fpl$dmul)
    x$fpl$dnaninf                            0x00005be0   Section      156  dnaninf.o(x$fpl$dnaninf)
    $v0                                      0x00005be0   Number         0  dnaninf.o(x$fpl$dnaninf)
    x$fpl$dretinf                            0x00005c7c   Section       12  dretinf.o(x$fpl$dretinf)
    $v0                                      0x00005c7c   Number         0  dretinf.o(x$fpl$dretinf)
    x$fpl$drleqf                             0x00005c88   Section      108  drleqf.o(x$fpl$drleqf)
    $v0                                      0x00005c88   Number         0  drleqf.o(x$fpl$drleqf)
    x$fpl$drsb                               0x00005cf4   Section       22  daddsub_clz.o(x$fpl$drsb)
    $v0                                      0x00005cf4   Number         0  daddsub_clz.o(x$fpl$drsb)
    x$fpl$dsqrt                              0x00005d0c   Section      408  dsqrt_umaal.o(x$fpl$dsqrt)
    $v0                                      0x00005d0c   Number         0  dsqrt_umaal.o(x$fpl$dsqrt)
    x$fpl$dsub                               0x00005ea4   Section      468  daddsub_clz.o(x$fpl$dsub)
    $v0                                      0x00005ea4   Number         0  daddsub_clz.o(x$fpl$dsub)
    _dsub1                                   0x00005eb5   Thumb Code     0  daddsub_clz.o(x$fpl$dsub)
    x$fpl$f2d                                0x00006078   Section       86  f2d.o(x$fpl$f2d)
    $v0                                      0x00006078   Number         0  f2d.o(x$fpl$f2d)
    x$fpl$fnaninf                            0x000060ce   Section      140  fnaninf.o(x$fpl$fnaninf)
    $v0                                      0x000060ce   Number         0  fnaninf.o(x$fpl$fnaninf)
    x$fpl$fpinit                             0x0000615a   Section       10  fpinit.o(x$fpl$fpinit)
    $v0                                      0x0000615a   Number         0  fpinit.o(x$fpl$fpinit)
    x$fpl$fretinf                            0x00006164   Section       10  fretinf.o(x$fpl$fretinf)
    $v0                                      0x00006164   Number         0  fretinf.o(x$fpl$fretinf)
    x$fpl$printf1                            0x0000616e   Section        4  printf1.o(x$fpl$printf1)
    $v0                                      0x0000616e   Number         0  printf1.o(x$fpl$printf1)
    x$fpl$retnan                             0x00006172   Section      100  retnan.o(x$fpl$retnan)
    $v0                                      0x00006172   Number         0  retnan.o(x$fpl$retnan)
    x$fpl$scalbn                             0x000061d6   Section       92  scalbn.o(x$fpl$scalbn)
    $v0                                      0x000061d6   Number         0  scalbn.o(x$fpl$scalbn)
    x$fpl$trapveneer                         0x00006232   Section       48  trapv.o(x$fpl$trapveneer)
    $v0                                      0x00006232   Number         0  trapv.o(x$fpl$trapveneer)
    x$fpl$usenofp                            0x00006262   Section        0  usenofp.o(x$fpl$usenofp)
    .constdata                               0x00006264   Section       72  usart.o(.constdata)
    .constdata                               0x000062ac   Section      144  interrupt.o(.constdata)
    g_pulEnRegs                              0x000062ac   Data           8  interrupt.o(.constdata)
    g_pulDisRegs                             0x000062b4   Data           8  interrupt.o(.constdata)
    g_pulPendRegs                            0x000062bc   Data           8  interrupt.o(.constdata)
    g_pulUnpendRegs                          0x000062c4   Data           8  interrupt.o(.constdata)
    g_pulPriority                            0x000062cc   Data          32  interrupt.o(.constdata)
    g_pulRegs                                0x000062ec   Data          80  interrupt.o(.constdata)
    .constdata                               0x0000633c   Section       17  __printf_flags_wp.o(.constdata)
    maptable                                 0x0000633c   Data          17  __printf_flags_wp.o(.constdata)
    .constdata                               0x00006350   Section      136  pow.o(.constdata)
    bp                                       0x00006350   Data          16  pow.o(.constdata)
    dp_h                                     0x00006360   Data          16  pow.o(.constdata)
    dp_l                                     0x00006370   Data          16  pow.o(.constdata)
    L                                        0x00006380   Data          48  pow.o(.constdata)
    P                                        0x000063b0   Data          40  pow.o(.constdata)
    .constdata                               0x000063d8   Section        8  qnan.o(.constdata)
    .constdata                               0x000063e0   Section       32  rredf.o(.constdata)
    twooverpi                                0x000063e0   Data          32  rredf.o(.constdata)
    .constdata                               0x00006400   Section      148  bigflt0.o(.constdata)
    tenpwrs_x                                0x00006400   Data          60  bigflt0.o(.constdata)
    tenpwrs_i                                0x0000643c   Data          64  bigflt0.o(.constdata)
    locale$$data                             0x0002391c   Section       28  lc_numeric_c.o(locale$$data)
    __lcnum_c_name                           0x00023920   Data           2  lc_numeric_c.o(locale$$data)
    __lcnum_c_start                          0x00023928   Data           0  lc_numeric_c.o(locale$$data)
    __lcnum_c_point                          0x00023934   Data           0  lc_numeric_c.o(locale$$data)
    __lcnum_c_thousands                      0x00023936   Data           0  lc_numeric_c.o(locale$$data)
    __lcnum_c_grouping                       0x00023937   Data           0  lc_numeric_c.o(locale$$data)
    __lcnum_c_end                            0x00023938   Data           0  lc_numeric_c.o(locale$$data)
    .data                                    0x20000000   Section        2  main.o(.data)
    .data                                    0x20000004   Section       40  adc.o(.data)
    .data                                    0x2000002c   Section       43  measure.o(.data)
    range                                    0x20000056   Data           1  measure.o(.data)
    .data                                    0x20000057   Section        1  my_key.o(.data)
    .data                                    0x20000058   Section        8  cs.o(.data)
    hfxtFreq                                 0x20000058   Data           4  cs.o(.data)
    lfxtFreq                                 0x2000005c   Data           4  cs.o(.data)
    .data                                    0x20000060   Section       48  gpio.o(.data)
    GPIO_PORT_TO_BASE                        0x20000060   Data          48  gpio.o(.data)
    .bss                                     0x20000090   Section    18476  main.o(.bss)
    .bss                                     0x20004c00   Section     1024  dma.o(.bss)
    .bss                                     0x20005000   Section      300  measure.o(.bss)
    .bss                                     0x2000512c   Section      512  esp8266.o(.bss)
    tmp_fft_data                             0x2000512c   Data         512  esp8266.o(.bss)
    .bss                                     0x2000532c   Section       96  libspace.o(.bss)
    HEAP                                     0x20005390   Section     2048  startup_msp432p401r_uvision.o(HEAP)
    Heap_Mem                                 0x20005390   Data        2048  startup_msp432p401r_uvision.o(HEAP)
    STACK                                    0x20005b90   Section     2048  startup_msp432p401r_uvision.o(STACK)
    Stack_Mem                                0x20005b90   Data        2048  startup_msp432p401r_uvision.o(STACK)
    __initial_sp                             0x20006390   Data           0  startup_msp432p401r_uvision.o(STACK)

    Global Symbols

    Symbol Name                              Value     Ov Type        Size  Object(Section)

    BuildAttributes$$THM_ISAv4$E$P$D$K$B$S$7EM$VFPi3$EXTD16$VFPS$VFMA$PE$A:L22UL41UL21$X:L11$S22US41US21$IEEE1$IW$USESV6$~STKCKD$USESV7$~SHL$OTIME$ROPI$IEEEX$EBA8$UX$STANDARDLIB$REQ8$PRES8$EABIv2 0x00000000   Number         0  anon$$obj.o ABSOLUTE
    __ARM_use_no_argv                        0x00000000   Number         0  main.o ABSOLUTE
    __Vectors                                0x00000000   Data           4  startup_msp432p401r_uvision.o(RESET)
    _printf_flags                            0x00000000   Number         0  printf_stubs.o ABSOLUTE
    _printf_return_value                     0x00000000   Number         0  printf_stubs.o ABSOLUTE
    _printf_sizespec                         0x00000000   Number         0  printf_stubs.o ABSOLUTE
    _printf_widthprec                        0x00000000   Number         0  printf_stubs.o ABSOLUTE
    __ARM_exceptions_init                     - Undefined Weak Reference
    __alloca_initialize                       - Undefined Weak Reference
    __arm_preinit_                            - Undefined Weak Reference
    __cpp_initialize__aeabi_                  - Undefined Weak Reference
    __cxa_finalize                            - Undefined Weak Reference
    __sigvec_lookup                           - Undefined Weak Reference
    _atexit_init                              - Undefined Weak Reference
    _call_atexit_fns                          - Undefined Weak Reference
    _clock_init                               - Undefined Weak Reference
    _fp_trap_init                             - Undefined Weak Reference
    _fp_trap_shutdown                         - Undefined Weak Reference
    _get_lc_collate                           - Undefined Weak Reference
    _get_lc_ctype                             - Undefined Weak Reference
    _get_lc_monetary                          - Undefined Weak Reference
    _get_lc_time                              - Undefined Weak Reference
    _getenv_init                              - Undefined Weak Reference
    _handle_redirection                       - Undefined Weak Reference
    _init_alloc                               - Undefined Weak Reference
    _init_user_alloc                          - Undefined Weak Reference
    _initio                                   - Undefined Weak Reference
    _printf_post_padding                      - Undefined Weak Reference
    _printf_pre_padding                       - Undefined Weak Reference
    _printf_truncate_signed                   - Undefined Weak Reference
    _printf_truncate_unsigned                 - Undefined Weak Reference
    _rand_init                                - Undefined Weak Reference
    _signal_finish                            - Undefined Weak Reference
    _signal_init                              - Undefined Weak Reference
    _terminate_alloc                          - Undefined Weak Reference
    _terminate_user_alloc                     - Undefined Weak Reference
    _terminateio                              - Undefined Weak Reference
    __Vectors_End                            0x00000144   Data           0  startup_msp432p401r_uvision.o(RESET)
    __Vectors_Size                           0x00000144   Number         0  startup_msp432p401r_uvision.o ABSOLUTE
    __main                                   0x00000145   Thumb Code     8  __main.o(!!!main)
    __scatterload                            0x0000014d   Thumb Code     0  __scatter.o(!!!scatter)
    __scatterload_rt2                        0x0000014d   Thumb Code    44  __scatter.o(!!!scatter)
    __scatterload_rt2_thumb_only             0x0000014d   Thumb Code     0  __scatter.o(!!!scatter)
    __scatterload_null                       0x0000015b   Thumb Code     0  __scatter.o(!!!scatter)
    __scatterload_copy                       0x00000181   Thumb Code    26  __scatter_copy.o(!!handler_copy)
    __scatterload_zeroinit                   0x0000019d   Thumb Code    28  __scatter_zi.o(!!handler_zi)
    _printf_f                                0x000001b9   Thumb Code     0  _printf_f.o(.ARM.Collect$$_printf_percent$$00000003)
    _printf_percent                          0x000001b9   Thumb Code     0  _printf_percent.o(.ARM.Collect$$_printf_percent$$00000000)
    _printf_d                                0x000001bf   Thumb Code     0  _printf_d.o(.ARM.Collect$$_printf_percent$$00000009)
    _printf_percent_end                      0x000001c5   Thumb Code     0  _printf_percent_end.o(.ARM.Collect$$_printf_percent$$00000017)
    __rt_lib_init                            0x000001c9   Thumb Code     0  libinit.o(.ARM.Collect$$libinit$$00000000)
    __rt_lib_init_fp_1                       0x000001cb   Thumb Code     0  libinit2.o(.ARM.Collect$$libinit$$00000001)
    __rt_lib_init_heap_1                     0x000001cf   Thumb Code     0  libinit2.o(.ARM.Collect$$libinit$$0000000A)
    __rt_lib_init_lc_common                  0x000001cf   Thumb Code     0  libinit2.o(.ARM.Collect$$libinit$$0000000F)
    __rt_lib_init_preinit_1                  0x000001cf   Thumb Code     0  libinit2.o(.ARM.Collect$$libinit$$00000004)
    __rt_lib_init_rand_1                     0x000001cf   Thumb Code     0  libinit2.o(.ARM.Collect$$libinit$$0000000E)
    __rt_lib_init_user_alloc_1               0x000001cf   Thumb Code     0  libinit2.o(.ARM.Collect$$libinit$$0000000C)
    __rt_lib_init_lc_collate_1               0x000001d5   Thumb Code     0  libinit2.o(.ARM.Collect$$libinit$$00000011)
    __rt_lib_init_lc_ctype_1                 0x000001d5   Thumb Code     0  libinit2.o(.ARM.Collect$$libinit$$00000013)
    __rt_lib_init_lc_monetary_1              0x000001d5   Thumb Code     0  libinit2.o(.ARM.Collect$$libinit$$00000015)
    __rt_lib_init_lc_numeric_2               0x000001d5   Thumb Code     0  libinit2.o(.ARM.Collect$$libinit$$00000016)
    __rt_lib_init_alloca_1                   0x000001df   Thumb Code     0  libinit2.o(.ARM.Collect$$libinit$$0000002E)
    __rt_lib_init_argv_1                     0x000001df   Thumb Code     0  libinit2.o(.ARM.Collect$$libinit$$0000002C)
    __rt_lib_init_atexit_1                   0x000001df   Thumb Code     0  libinit2.o(.ARM.Collect$$libinit$$0000001B)
    __rt_lib_init_clock_1                    0x000001df   Thumb Code     0  libinit2.o(.ARM.Collect$$libinit$$00000021)
    __rt_lib_init_cpp_1                      0x000001df   Thumb Code     0  libinit2.o(.ARM.Collect$$libinit$$00000032)
    __rt_lib_init_exceptions_1               0x000001df   Thumb Code     0  libinit2.o(.ARM.Collect$$libinit$$00000030)
    __rt_lib_init_fp_trap_1                  0x000001df   Thumb Code     0  libinit2.o(.ARM.Collect$$libinit$$0000001F)
    __rt_lib_init_getenv_1                   0x000001df   Thumb Code     0  libinit2.o(.ARM.Collect$$libinit$$00000023)
    __rt_lib_init_lc_numeric_1               0x000001df   Thumb Code     0  libinit2.o(.ARM.Collect$$libinit$$00000017)
    __rt_lib_init_lc_time_1                  0x000001df   Thumb Code     0  libinit2.o(.ARM.Collect$$libinit$$00000019)
    __rt_lib_init_return                     0x000001df   Thumb Code     0  libinit2.o(.ARM.Collect$$libinit$$00000033)
    __rt_lib_init_signal_1                   0x000001df   Thumb Code     0  libinit2.o(.ARM.Collect$$libinit$$0000001D)
    __rt_lib_init_stdio_1                    0x000001df   Thumb Code     0  libinit2.o(.ARM.Collect$$libinit$$00000025)
    __rt_lib_shutdown                        0x000001e1   Thumb Code     0  libshutdown.o(.ARM.Collect$$libshutdown$$00000000)
    __rt_lib_shutdown_cpp_1                  0x000001e3   Thumb Code     0  libshutdown2.o(.ARM.Collect$$libshutdown$$00000002)
    __rt_lib_shutdown_fp_trap_1              0x000001e3   Thumb Code     0  libshutdown2.o(.ARM.Collect$$libshutdown$$00000007)
    __rt_lib_shutdown_heap_1                 0x000001e3   Thumb Code     0  libshutdown2.o(.ARM.Collect$$libshutdown$$0000000F)
    __rt_lib_shutdown_return                 0x000001e3   Thumb Code     0  libshutdown2.o(.ARM.Collect$$libshutdown$$00000010)
    __rt_lib_shutdown_signal_1               0x000001e3   Thumb Code     0  libshutdown2.o(.ARM.Collect$$libshutdown$$0000000A)
    __rt_lib_shutdown_stdio_1                0x000001e3   Thumb Code     0  libshutdown2.o(.ARM.Collect$$libshutdown$$00000004)
    __rt_lib_shutdown_user_alloc_1           0x000001e3   Thumb Code     0  libshutdown2.o(.ARM.Collect$$libshutdown$$0000000C)
    __rt_entry                               0x000001e5   Thumb Code     0  __rtentry.o(.ARM.Collect$$rtentry$$00000000)
    __rt_entry_presh_1                       0x000001e5   Thumb Code     0  __rtentry2.o(.ARM.Collect$$rtentry$$00000002)
    __rt_entry_sh                            0x000001e5   Thumb Code     0  __rtentry4.o(.ARM.Collect$$rtentry$$00000004)
    __rt_entry_li                            0x000001eb   Thumb Code     0  __rtentry2.o(.ARM.Collect$$rtentry$$0000000A)
    __rt_entry_postsh_1                      0x000001eb   Thumb Code     0  __rtentry2.o(.ARM.Collect$$rtentry$$00000009)
    __rt_entry_main                          0x000001ef   Thumb Code     0  __rtentry2.o(.ARM.Collect$$rtentry$$0000000D)
    __rt_entry_postli_1                      0x000001ef   Thumb Code     0  __rtentry2.o(.ARM.Collect$$rtentry$$0000000C)
    __rt_exit                                0x000001f7   Thumb Code     0  rtexit.o(.ARM.Collect$$rtexit$$00000000)
    __rt_exit_ls                             0x000001f9   Thumb Code     0  rtexit2.o(.ARM.Collect$$rtexit$$00000003)
    __rt_exit_prels_1                        0x000001f9   Thumb Code     0  rtexit2.o(.ARM.Collect$$rtexit$$00000002)
    __rt_exit_exit                           0x000001fd   Thumb Code     0  rtexit2.o(.ARM.Collect$$rtexit$$00000004)
    CPU_cpsid                                0x00000205   Thumb Code     8  cpu.o(.emb_text)
    CPU_primask                              0x0000020d   Thumb Code     6  cpu.o(.emb_text)
    CPU_cpsie                                0x00000213   Thumb Code     8  cpu.o(.emb_text)
    CPU_wfi                                  0x0000021b   Thumb Code     4  cpu.o(.emb_text)
    CPU_basepriSet                           0x0000021f   Thumb Code     6  cpu.o(.emb_text)
    CPU_basepriGet                           0x00000225   Thumb Code     6  cpu.o(.emb_text)
    Reset_Handler                            0x0000022d   Thumb Code     8  startup_msp432p401r_uvision.o(.text)
    NMI_Handler                              0x00000235   Thumb Code     2  startup_msp432p401r_uvision.o(.text)
    HardFault_Handler                        0x00000237   Thumb Code     2  startup_msp432p401r_uvision.o(.text)
    MemManage_Handler                        0x00000239   Thumb Code     2  startup_msp432p401r_uvision.o(.text)
    BusFault_Handler                         0x0000023b   Thumb Code     2  startup_msp432p401r_uvision.o(.text)
    UsageFault_Handler                       0x0000023d   Thumb Code     2  startup_msp432p401r_uvision.o(.text)
    SVC_Handler                              0x0000023f   Thumb Code     2  startup_msp432p401r_uvision.o(.text)
    DebugMon_Handler                         0x00000241   Thumb Code     2  startup_msp432p401r_uvision.o(.text)
    PendSV_Handler                           0x00000243   Thumb Code     2  startup_msp432p401r_uvision.o(.text)
    SysTick_Handler                          0x00000245   Thumb Code     2  startup_msp432p401r_uvision.o(.text)
    ADC14_IRQHandler                         0x00000247   Thumb Code     0  startup_msp432p401r_uvision.o(.text)
    AES256_IRQHandler                        0x00000247   Thumb Code     0  startup_msp432p401r_uvision.o(.text)
    COMP_E0_IRQHandler                       0x00000247   Thumb Code     0  startup_msp432p401r_uvision.o(.text)
    COMP_E1_IRQHandler                       0x00000247   Thumb Code     0  startup_msp432p401r_uvision.o(.text)
    CS_IRQHandler                            0x00000247   Thumb Code     0  startup_msp432p401r_uvision.o(.text)
    DMA_ERR_IRQHandler                       0x00000247   Thumb Code     0  startup_msp432p401r_uvision.o(.text)
    DMA_INT0_IRQHandler                      0x00000247   Thumb Code     0  startup_msp432p401r_uvision.o(.text)
    DMA_INT2_IRQHandler                      0x00000247   Thumb Code     0  startup_msp432p401r_uvision.o(.text)
    DMA_INT3_IRQHandler                      0x00000247   Thumb Code     0  startup_msp432p401r_uvision.o(.text)
    EUSCIA0_IRQHandler                       0x00000247   Thumb Code     0  startup_msp432p401r_uvision.o(.text)
    EUSCIA1_IRQHandler                       0x00000247   Thumb Code     0  startup_msp432p401r_uvision.o(.text)
    EUSCIA2_IRQHandler                       0x00000247   Thumb Code     0  startup_msp432p401r_uvision.o(.text)
    EUSCIA3_IRQHandler                       0x00000247   Thumb Code     0  startup_msp432p401r_uvision.o(.text)
    EUSCIB0_IRQHandler                       0x00000247   Thumb Code     0  startup_msp432p401r_uvision.o(.text)
    EUSCIB1_IRQHandler                       0x00000247   Thumb Code     0  startup_msp432p401r_uvision.o(.text)
    EUSCIB2_IRQHandler                       0x00000247   Thumb Code     0  startup_msp432p401r_uvision.o(.text)
    EUSCIB3_IRQHandler                       0x00000247   Thumb Code     0  startup_msp432p401r_uvision.o(.text)
    FLCTL_IRQHandler                         0x00000247   Thumb Code     0  startup_msp432p401r_uvision.o(.text)
    FPU_IRQHandler                           0x00000247   Thumb Code     0  startup_msp432p401r_uvision.o(.text)
    PCM_IRQHandler                           0x00000247   Thumb Code     0  startup_msp432p401r_uvision.o(.text)
    PORT2_IRQHandler                         0x00000247   Thumb Code     0  startup_msp432p401r_uvision.o(.text)
    PORT3_IRQHandler                         0x00000247   Thumb Code     0  startup_msp432p401r_uvision.o(.text)
    PORT4_IRQHandler                         0x00000247   Thumb Code     0  startup_msp432p401r_uvision.o(.text)
    PORT5_IRQHandler                         0x00000247   Thumb Code     0  startup_msp432p401r_uvision.o(.text)
    PORT6_IRQHandler                         0x00000247   Thumb Code     0  startup_msp432p401r_uvision.o(.text)
    PSS_IRQHandler                           0x00000247   Thumb Code     0  startup_msp432p401r_uvision.o(.text)
    RTC_C_IRQHandler                         0x00000247   Thumb Code     0  startup_msp432p401r_uvision.o(.text)
    T32_INT1_IRQHandler                      0x00000247   Thumb Code     0  startup_msp432p401r_uvision.o(.text)
    T32_INT2_IRQHandler                      0x00000247   Thumb Code     0  startup_msp432p401r_uvision.o(.text)
    T32_INTC_IRQHandler                      0x00000247   Thumb Code     0  startup_msp432p401r_uvision.o(.text)
    TA0_0_IRQHandler                         0x00000247   Thumb Code     0  startup_msp432p401r_uvision.o(.text)
    TA0_N_IRQHandler                         0x00000247   Thumb Code     0  startup_msp432p401r_uvision.o(.text)
    TA1_0_IRQHandler                         0x00000247   Thumb Code     0  startup_msp432p401r_uvision.o(.text)
    TA1_N_IRQHandler                         0x00000247   Thumb Code     0  startup_msp432p401r_uvision.o(.text)
    TA2_0_IRQHandler                         0x00000247   Thumb Code     0  startup_msp432p401r_uvision.o(.text)
    TA2_N_IRQHandler                         0x00000247   Thumb Code     0  startup_msp432p401r_uvision.o(.text)
    TA3_0_IRQHandler                         0x00000247   Thumb Code     0  startup_msp432p401r_uvision.o(.text)
    TA3_N_IRQHandler                         0x00000247   Thumb Code     0  startup_msp432p401r_uvision.o(.text)
    WDT_A_IRQHandler                         0x00000247   Thumb Code     0  startup_msp432p401r_uvision.o(.text)
    __user_initial_stackheap                 0x00000249   Thumb Code    10  startup_msp432p401r_uvision.o(.text)
    __2sprintf                               0x0000026d   Thumb Code    34  noretval__2sprintf.o(.text)
    _printf_int_dec                          0x00000295   Thumb Code   104  _printf_dec.o(.text)
    __printf                                 0x0000030d   Thumb Code   308  __printf_flags_wp.o(.text)
    __aeabi_memclr4                          0x00000445   Thumb Code     0  rt_memclr_w.o(.text)
    __aeabi_memclr8                          0x00000445   Thumb Code     0  rt_memclr_w.o(.text)
    __rt_memclr_w                            0x00000445   Thumb Code    78  rt_memclr_w.o(.text)
    _memset_w                                0x00000449   Thumb Code     0  rt_memclr_w.o(.text)
    __use_two_region_memory                  0x00000493   Thumb Code     2  heapauxi.o(.text)
    __rt_heap_escrow$2region                 0x00000495   Thumb Code     2  heapauxi.o(.text)
    __rt_heap_expand$2region                 0x00000497   Thumb Code     2  heapauxi.o(.text)
    __read_errno                             0x00000499   Thumb Code    10  _rserrno.o(.text)
    __set_errno                              0x000004a3   Thumb Code    12  _rserrno.o(.text)
    _printf_int_common                       0x000004af   Thumb Code   178  _printf_intcommon.o(.text)
    __lib_sel_fp_printf                      0x00000561   Thumb Code     2  _printf_fp_dec.o(.text)
    _printf_fp_dec_real                      0x00000713   Thumb Code   620  _printf_fp_dec.o(.text)
    _printf_char_common                      0x0000098b   Thumb Code    32  _printf_char_common.o(.text)
    _sputc                                   0x000009b1   Thumb Code    10  _sputc.o(.text)
    __rt_locale                              0x000009bd   Thumb Code     8  rt_locale_intlibspace.o(.text)
    __aeabi_errno_addr                       0x000009c5   Thumb Code     8  rt_errno_addr_intlibspace.o(.text)
    __errno$intlibspace                      0x000009c5   Thumb Code     0  rt_errno_addr_intlibspace.o(.text)
    __rt_errno_addr$intlibspace              0x000009c5   Thumb Code     0  rt_errno_addr_intlibspace.o(.text)
    _ll_udiv10                               0x000009cd   Thumb Code   138  lludiv10.o(.text)
    _printf_fp_infnan                        0x00000a59   Thumb Code   112  _printf_fp_infnan.o(.text)
    _btod_etento                             0x00000ad9   Thumb Code   224  bigflt0.o(.text)
    __user_libspace                          0x00000bbd   Thumb Code     8  libspace.o(.text)
    __user_perproc_libspace                  0x00000bbd   Thumb Code     0  libspace.o(.text)
    __user_perthread_libspace                0x00000bbd   Thumb Code     0  libspace.o(.text)
    __user_setup_stackheap                   0x00000bc5   Thumb Code    74  sys_stackheap_outer.o(.text)
    exit                                     0x00000c0f   Thumb Code    18  exit.o(.text)
    strcmp                                   0x00000c21   Thumb Code   128  strcmpv7m.o(.text)
    _sys_exit                                0x00000ca1   Thumb Code     8  sys_exit.o(.text)
    __I$use$semihosting                      0x00000cad   Thumb Code     0  use_no_semi.o(.text)
    __use_no_semihosting_swi                 0x00000cad   Thumb Code     2  use_no_semi.o(.text)
    __semihosting_library_function           0x00000caf   Thumb Code     0  indicate_semi.o(.text)
    arm_bitreversal_32                       0x00000cb1   Thumb Code    68  arm_bitreversal2.o(.text.arm_bitreversal_32)
    arm_cfft_f32                             0x00000cf5   Thumb Code   224  arm_cfft_f32.o(.text.arm_cfft_f32)
    arm_cfft_init_f32                        0x00000dd5   Thumb Code   180  arm_cfft_init_f32.o(.text.arm_cfft_init_f32)
    arm_cfft_radix8by2_f32                   0x00000e89   Thumb Code   408  arm_cfft_f32.o(.text.arm_cfft_radix8by2_f32)
    arm_cfft_radix8by4_f32                   0x00001021   Thumb Code  1020  arm_cfft_f32.o(.text.arm_cfft_radix8by4_f32)
    arm_radix8_butterfly_f32                 0x0000141d   Thumb Code  1458  arm_cfft_radix8_f32.o(.text.arm_radix8_butterfly_f32)
    _btod_d2e                                0x000019cf   Thumb Code    62  btod.o(CL$$btod_d2e)
    _d2e_denorm_low                          0x00001a0d   Thumb Code    70  btod.o(CL$$btod_d2e_denorm_low)
    _d2e_norm_op1                            0x00001a53   Thumb Code    96  btod.o(CL$$btod_d2e_norm_op1)
    __btod_div_common                        0x00001ab3   Thumb Code   696  btod.o(CL$$btod_div_common)
    _e2e                                     0x00001deb   Thumb Code   220  btod.o(CL$$btod_e2e)
    _btod_ediv                               0x00001ec7   Thumb Code    42  btod.o(CL$$btod_ediv)
    _btod_emul                               0x00001ef1   Thumb Code    42  btod.o(CL$$btod_emul)
    __btod_mult_common                       0x00001f1b   Thumb Code   580  btod.o(CL$$btod_mult_common)
    ADC14Init                                0x00002161   Thumb Code   242  adc.o(i.ADC14Init)
    ADC14_setResolution                      0x00002261   Thumb Code    14  adc14.o(i.ADC14_setResolution)
    CS_initClockSignal                       0x00002275   Thumb Code   222  cs.o(i.CS_initClockSignal)
    CS_setExternalClockSourceFrequency       0x00002371   Thumb Code     8  cs.o(i.CS_setExternalClockSourceFrequency)
    CS_startHFXT                             0x0000237d   Thumb Code     6  cs.o(i.CS_startHFXT)
    CS_startHFXTWithTimeout                  0x00002385   Thumb Code   262  cs.o(i.CS_startHFXTWithTimeout)
    Change_Simple_Rate                       0x000024c9   Thumb Code    74  adc.o(i.Change_Simple_Rate)
    DMA_INT1_IRQHandler                      0x00002525   Thumb Code    62  dma.o(i.DMA_INT1_IRQHandler)
    DMA_clearInterruptFlag                   0x00002579   Thumb Code    20  dma.o(i.DMA_clearInterruptFlag)
    DMA_confing                              0x00002591   Thumb Code   124  dma.o(i.DMA_confing)
    FlashCtl_setWaitState                    0x00002621   Thumb Code    38  flash.o(i.FlashCtl_setWaitState)
    GPIO_setAsPeripheralModuleFunctionOutputPin 0x0000264d   Thumb Code    68  gpio.o(i.GPIO_setAsPeripheralModuleFunctionOutputPin)
    Interrupt_enableInterrupt                0x00002695   Thumb Code    92  interrupt.o(i.Interrupt_enableInterrupt)
    Interrupt_enableMaster                   0x000026f9   Thumb Code    14  interrupt.o(i.Interrupt_enableMaster)
    PCM_getCoreVoltageLevel                  0x00002709   Thumb Code    70  pcm.o(i.PCM_getCoreVoltageLevel)
    PCM_getPowerMode                         0x00002755   Thumb Code    62  pcm.o(i.PCM_getPowerMode)
    PCM_setCoreVoltageLevel                  0x00002799   Thumb Code     8  pcm.o(i.PCM_setCoreVoltageLevel)
    PORT1_IRQHandler                         0x000027a1   Thumb Code    40  my_key.o(i.PORT1_IRQHandler)
    SysCtl_disableNMISource                  0x000027d1   Thumb Code    12  sysctl.o(i.SysCtl_disableNMISource)
    SysCtl_enableNMISource                   0x000027e1   Thumb Code    10  sysctl.o(i.SysCtl_enableNMISource)
    SysCtl_getNMISourceStatus                0x000027f1   Thumb Code     6  sysctl.o(i.SysCtl_getNMISourceStatus)
    SystemInit                               0x000027fd   Thumb Code    86  system_msp432p401r.o(i.SystemInit)
    UART_transmitData                        0x00002869   Thumb Code    24  uart.o(i.UART_transmitData)
    USART0PutChar                            0x00002881   Thumb Code    14  usart.o(i.USART0PutChar)
    USART0PutString                          0x00002895   Thumb Code    22  usart.o(i.USART0PutString)
    USART1PutChar                            0x000028ad   Thumb Code    14  usart.o(i.USART1PutChar)
    USART1PutString                          0x000028c1   Thumb Code    22  usart.o(i.USART1PutString)
    Usart0tInit                              0x000028d9   Thumb Code    44  usart.o(i.Usart0tInit)
    Usart1tInit                              0x00002911   Thumb Code    44  usart.o(i.Usart1tInit)
    __ARM_fpclassify                         0x00002949   Thumb Code    48  fpclassify.o(i.__ARM_fpclassify)
    __hardfp_cosf                            0x00002b5d   Thumb Code   280  cosf.o(i.__hardfp_cosf)
    __hardfp_pow                             0x00002cb1   Thumb Code  3072  pow.o(i.__hardfp_pow)
    __hardfp_sqrt                            0x00003901   Thumb Code   122  sqrt.o(i.__hardfp_sqrt)
    __hardfp_sqrtf                           0x0000397b   Thumb Code    58  sqrtf.o(i.__hardfp_sqrtf)
    __kernel_poly                            0x000039b5   Thumb Code   248  poly.o(i.__kernel_poly)
    __mathlib_dbl_divzero                    0x00003ab1   Thumb Code    28  dunder.o(i.__mathlib_dbl_divzero)
    __mathlib_dbl_infnan2                    0x00003ae1   Thumb Code    20  dunder.o(i.__mathlib_dbl_infnan2)
    __mathlib_dbl_invalid                    0x00003af9   Thumb Code    24  dunder.o(i.__mathlib_dbl_invalid)
    __mathlib_dbl_overflow                   0x00003b19   Thumb Code    24  dunder.o(i.__mathlib_dbl_overflow)
    __mathlib_dbl_underflow                  0x00003b39   Thumb Code    24  dunder.o(i.__mathlib_dbl_underflow)
    __mathlib_flt_infnan                     0x00003b59   Thumb Code     6  funder.o(i.__mathlib_flt_infnan)
    __mathlib_flt_invalid                    0x00003b61   Thumb Code    10  funder.o(i.__mathlib_flt_invalid)
    __mathlib_rredf2                         0x00003b71   Thumb Code   316  rredf.o(i.__mathlib_rredf2)
    _is_digit                                0x00003cc5   Thumb Code    14  __printf_wp.o(i._is_digit)
    arm_rfft_fast_f32                        0x00003eed   Thumb Code    66  arm_rfft_fast_f32.o(i.arm_rfft_fast_f32)
    arm_rfft_fast_init_f32                   0x00003f31   Thumb Code   108  arm_rfft_fast_init_f32.o(i.arm_rfft_fast_init_f32)
    calculate_hanning                        0x00004301   Thumb Code    88  measure.o(i.calculate_hanning)
    clk_init                                 0x00004365   Thumb Code   106  main.o(i.clk_init)
    connect_udp                              0x000043d5   Thumb Code    34  esp8266.o(i.connect_udp)
    fabs                                     0x00004421   Thumb Code    24  fabs.o(i.fabs)
    init_esp8266                             0x00004681   Thumb Code    46  esp8266.o(i.init_esp8266)
    key_init                                 0x000047cd   Thumb Code    58  my_key.o(i.key_init)
    main                                     0x00004811   Thumb Code    70  main.o(i.main)
    merge_rfft_f32                           0x00004861   Thumb Code   188  arm_rfft_fast_f32.o(i.merge_rfft_f32)
    peek_measure                             0x0000491d   Thumb Code   168  measure.o(i.peek_measure)
    send_THDx                                0x000049d9   Thumb Code   548  esp8266.o(i.send_THDx)
    send_fft                                 0x00004c8d   Thumb Code   278  esp8266.o(i.send_fft)
    send_point                               0x00004dd1   Thumb Code   514  esp8266.o(i.send_point)
    sqrt                                     0x00005059   Thumb Code   110  sqrt.o(i.sqrt)
    stage_rfft_f32                           0x000050c7   Thumb Code   258  arm_rfft_fast_f32.o(i.stage_rfft_f32)
    start_DMA                                0x000051c9   Thumb Code    50  main.o(i.start_DMA)
    voltage_process                          0x00005219   Thumb Code   650  measure.o(i.voltage_process)
    _get_lc_numeric                          0x00005515   Thumb Code    44  lc_numeric_c.o(locale$$code)
    __aeabi_dneg                             0x00005541   Thumb Code     0  basic.o(x$fpl$basic)
    _dneg                                    0x00005541   Thumb Code     6  basic.o(x$fpl$basic)
    __aeabi_fneg                             0x00005547   Thumb Code     0  basic.o(x$fpl$basic)
    _fneg                                    0x00005547   Thumb Code     6  basic.o(x$fpl$basic)
    _dabs                                    0x0000554d   Thumb Code     6  basic.o(x$fpl$basic)
    _fabs                                    0x00005553   Thumb Code     6  basic.o(x$fpl$basic)
    __aeabi_d2f                              0x00005559   Thumb Code     0  d2f.o(x$fpl$d2f)
    _d2f                                     0x00005559   Thumb Code    98  d2f.o(x$fpl$d2f)
    __aeabi_dadd                             0x000055bd   Thumb Code     0  daddsub_clz.o(x$fpl$dadd)
    _dadd                                    0x000055bd   Thumb Code   332  daddsub_clz.o(x$fpl$dadd)
    __fpl_dcheck_NaN1                        0x0000570d   Thumb Code    10  dcheck1.o(x$fpl$dcheck1)
    __fpl_dcmp_Inf                           0x0000571d   Thumb Code    24  dcmpi.o(x$fpl$dcmpinf)
    __aeabi_ddiv                             0x00005735   Thumb Code     0  ddiv.o(x$fpl$ddiv)
    _ddiv                                    0x00005735   Thumb Code   552  ddiv.o(x$fpl$ddiv)
    __aeabi_i2d                              0x000059e5   Thumb Code     0  dflt_clz.o(x$fpl$dflt)
    _dflt                                    0x000059e5   Thumb Code    46  dflt_clz.o(x$fpl$dflt)
    __aeabi_cdcmple                          0x00005a15   Thumb Code     0  dleqf.o(x$fpl$dleqf)
    _dcmple                                  0x00005a15   Thumb Code   120  dleqf.o(x$fpl$dleqf)
    __fpl_dcmple_InfNaN                      0x00005a77   Thumb Code     0  dleqf.o(x$fpl$dleqf)
    __aeabi_dmul                             0x00005a8d   Thumb Code     0  dmul.o(x$fpl$dmul)
    _dmul                                    0x00005a8d   Thumb Code   332  dmul.o(x$fpl$dmul)
    __fpl_dnaninf                            0x00005be1   Thumb Code   156  dnaninf.o(x$fpl$dnaninf)
    __fpl_dretinf                            0x00005c7d   Thumb Code    12  dretinf.o(x$fpl$dretinf)
    __aeabi_cdrcmple                         0x00005c89   Thumb Code     0  drleqf.o(x$fpl$drleqf)
    _drcmple                                 0x00005c89   Thumb Code   108  drleqf.o(x$fpl$drleqf)
    __aeabi_drsub                            0x00005cf5   Thumb Code     0  daddsub_clz.o(x$fpl$drsb)
    _drsb                                    0x00005cf5   Thumb Code    22  daddsub_clz.o(x$fpl$drsb)
    _dsqrt                                   0x00005d0d   Thumb Code   404  dsqrt_umaal.o(x$fpl$dsqrt)
    __aeabi_dsub                             0x00005ea5   Thumb Code     0  daddsub_clz.o(x$fpl$dsub)
    _dsub                                    0x00005ea5   Thumb Code   464  daddsub_clz.o(x$fpl$dsub)
    __aeabi_f2d                              0x00006079   Thumb Code     0  f2d.o(x$fpl$f2d)
    _f2d                                     0x00006079   Thumb Code    86  f2d.o(x$fpl$f2d)
    __fpl_fnaninf                            0x000060cf   Thumb Code   140  fnaninf.o(x$fpl$fnaninf)
    _fp_init                                 0x0000615b   Thumb Code    10  fpinit.o(x$fpl$fpinit)
    __fplib_config_fpu_vfp                   0x00006163   Thumb Code     0  fpinit.o(x$fpl$fpinit)
    __fplib_config_pureend_doubles           0x00006163   Thumb Code     0  fpinit.o(x$fpl$fpinit)
    __fpl_fretinf                            0x00006165   Thumb Code    10  fretinf.o(x$fpl$fretinf)
    _printf_fp_dec                           0x0000616f   Thumb Code     4  printf1.o(x$fpl$printf1)
    __fpl_return_NaN                         0x00006173   Thumb Code   100  retnan.o(x$fpl$retnan)
    __ARM_scalbn                             0x000061d7   Thumb Code    92  scalbn.o(x$fpl$scalbn)
    __fpl_cmpreturn                          0x00006233   Thumb Code    48  trapv.o(x$fpl$trapveneer)
    __I$use$fp                               0x00006262   Number         0  usenofp.o(x$fpl$usenofp)
    uartConfig0                              0x00006264   Data          36  usart.o(.constdata)
    uartConfig1                              0x00006288   Data          36  usart.o(.constdata)
    __mathlib_zero                           0x000063d8   Data           8  qnan.o(.constdata)
    armBitRevIndexTable1024                  0x00006494   Data        3600  arm_common_tables.o(.rodata.armBitRevIndexTable1024)
    armBitRevIndexTable128                   0x000072a4   Data         416  arm_common_tables.o(.rodata.armBitRevIndexTable128)
    armBitRevIndexTable16                    0x00007444   Data          40  arm_common_tables.o(.rodata.armBitRevIndexTable16)
    armBitRevIndexTable2048                  0x0000746c   Data        7616  arm_common_tables.o(.rodata.armBitRevIndexTable2048)
    armBitRevIndexTable256                   0x0000922c   Data         880  arm_common_tables.o(.rodata.armBitRevIndexTable256)
    armBitRevIndexTable32                    0x0000959c   Data          96  arm_common_tables.o(.rodata.armBitRevIndexTable32)
    armBitRevIndexTable4096                  0x000095fc   Data        8064  arm_common_tables.o(.rodata.armBitRevIndexTable4096)
    armBitRevIndexTable512                   0x0000b57c   Data         896  arm_common_tables.o(.rodata.armBitRevIndexTable512)
    armBitRevIndexTable64                    0x0000b8fc   Data         112  arm_common_tables.o(.rodata.armBitRevIndexTable64)
    arm_cfft_sR_f32_len1024                  0x0000b96c   Data          16  arm_const_structs.o(.rodata.arm_cfft_sR_f32_len1024)
    arm_cfft_sR_f32_len128                   0x0000b97c   Data          16  arm_const_structs.o(.rodata.arm_cfft_sR_f32_len128)
    arm_cfft_sR_f32_len16                    0x0000b98c   Data          16  arm_const_structs.o(.rodata.arm_cfft_sR_f32_len16)
    arm_cfft_sR_f32_len2048                  0x0000b99c   Data          16  arm_const_structs.o(.rodata.arm_cfft_sR_f32_len2048)
    arm_cfft_sR_f32_len256                   0x0000b9ac   Data          16  arm_const_structs.o(.rodata.arm_cfft_sR_f32_len256)
    arm_cfft_sR_f32_len32                    0x0000b9bc   Data          16  arm_const_structs.o(.rodata.arm_cfft_sR_f32_len32)
    arm_cfft_sR_f32_len4096                  0x0000b9cc   Data          16  arm_const_structs.o(.rodata.arm_cfft_sR_f32_len4096)
    arm_cfft_sR_f32_len512                   0x0000b9dc   Data          16  arm_const_structs.o(.rodata.arm_cfft_sR_f32_len512)
    arm_cfft_sR_f32_len64                    0x0000b9ec   Data          16  arm_const_structs.o(.rodata.arm_cfft_sR_f32_len64)
    twiddleCoef_1024                         0x0000b9fc   Data        8192  arm_common_tables.o(.rodata.twiddleCoef_1024)
    twiddleCoef_128                          0x0000d9fc   Data        1024  arm_common_tables.o(.rodata.twiddleCoef_128)
    twiddleCoef_16                           0x0000ddfc   Data         128  arm_common_tables.o(.rodata.twiddleCoef_16)
    twiddleCoef_2048                         0x0000de7c   Data       16384  arm_common_tables.o(.rodata.twiddleCoef_2048)
    twiddleCoef_256                          0x00011e7c   Data        2048  arm_common_tables.o(.rodata.twiddleCoef_256)
    twiddleCoef_32                           0x0001267c   Data         256  arm_common_tables.o(.rodata.twiddleCoef_32)
    twiddleCoef_4096                         0x0001277c   Data       32768  arm_common_tables.o(.rodata.twiddleCoef_4096)
    twiddleCoef_512                          0x0001a77c   Data        4096  arm_common_tables.o(.rodata.twiddleCoef_512)
    twiddleCoef_64                           0x0001b77c   Data         512  arm_common_tables.o(.rodata.twiddleCoef_64)
    twiddleCoef_rfft_1024                    0x0001b97c   Data        4096  arm_common_tables.o(.rodata.twiddleCoef_rfft_1024)
    twiddleCoef_rfft_128                     0x0001c97c   Data         512  arm_common_tables.o(.rodata.twiddleCoef_rfft_128)
    twiddleCoef_rfft_2048                    0x0001cb7c   Data        8192  arm_common_tables.o(.rodata.twiddleCoef_rfft_2048)
    twiddleCoef_rfft_256                     0x0001eb7c   Data        1024  arm_common_tables.o(.rodata.twiddleCoef_rfft_256)
    twiddleCoef_rfft_32                      0x0001ef7c   Data         128  arm_common_tables.o(.rodata.twiddleCoef_rfft_32)
    twiddleCoef_rfft_4096                    0x0001effc   Data       16384  arm_common_tables.o(.rodata.twiddleCoef_rfft_4096)
    twiddleCoef_rfft_512                     0x00022ffc   Data        2048  arm_common_tables.o(.rodata.twiddleCoef_rfft_512)
    twiddleCoef_rfft_64                      0x000237fc   Data         256  arm_common_tables.o(.rodata.twiddleCoef_rfft_64)
    Region$$Table$$Base                      0x000238fc   Number         0  anon$$obj.o(Region$$Table)
    Region$$Table$$Limit                     0x0002391c   Number         0  anon$$obj.o(Region$$Table)
    dma_flag                                 0x20000000   Data           1  main.o(.data)
    gears                                    0x20000001   Data           1  main.o(.data)
    upModeConfig                             0x20000004   Data          24  adc.o(.data)
    compareConfig                            0x2000001c   Data          16  adc.o(.data)
    final_index                              0x2000002c   Data           4  measure.o(.data)
    signal_fre                               0x20000030   Data           4  measure.o(.data)
    base_ele                                 0x20000034   Data           4  measure.o(.data)
    two_ele                                  0x20000038   Data           4  measure.o(.data)
    three_ele                                0x2000003c   Data           4  measure.o(.data)
    four_ele                                 0x20000040   Data           4  measure.o(.data)
    five_ele                                 0x20000044   Data           4  measure.o(.data)
    THDx                                     0x20000048   Data           4  measure.o(.data)
    fre_index2                               0x2000004c   Data           4  measure.o(.data)
    voltage_peek                             0x20000050   Data           4  measure.o(.data)
    period_point                             0x20000054   Data           2  measure.o(.data)
    start_flag                               0x20000057   Data           1  my_key.o(.data)
    _1024_fft                                0x20000090   Data          24  main.o(.bss)
    Hanning                                  0x200000a8   Data        4096  main.o(.bss)
    data_array1                              0x200010a8   Data        2048  main.o(.bss)
    voltage_real                             0x200018a8   Data        4096  main.o(.bss)
    voltage_before_fft                       0x200028a8   Data        4096  main.o(.bss)
    voltage_fft                              0x200038a8   Data        4096  main.o(.bss)
    string                                   0x200048a8   Data          20  main.o(.bss)
    controlTable                             0x20004c00   Data        1024  dma.o(.bss)
    send_signal                              0x20005000   Data         300  measure.o(.bss)
    __libspace_start                         0x2000532c   Data          96  libspace.o(.bss)
    __temporary_stack_top$libspace           0x2000538c   Data           0  libspace.o(.bss)



==============================================================================

Memory Map of the image

  Image Entry point : 0x00000145

  Load Region LR_IROM1 (Base: 0x00000000, Size: 0x000239c8, Max: 0x00040000, ABSOLUTE)

    Execution Region ER_IROM1 (Exec base: 0x00000000, Load base: 0x00000000, Size: 0x00023938, Max: 0x00040000, ABSOLUTE)

    Exec Addr    Load Addr    Size         Type   Attr      Idx    E Section Name        Object

    0x00000000   0x00000000   0x00000144   Data   RO          652    RESET               startup_msp432p401r_uvision.o
    0x00000144   0x00000144   0x00000008   Code   RO         1592  * !!!main             c_w.l(__main.o)
    0x0000014c   0x0000014c   0x00000034   Code   RO         1951    !!!scatter          c_w.l(__scatter.o)
    0x00000180   0x00000180   0x0000001a   Code   RO         1953    !!handler_copy      c_w.l(__scatter_copy.o)
    0x0000019a   0x0000019a   0x00000002   PAD
    0x0000019c   0x0000019c   0x0000001c   Code   RO         1955    !!handler_zi        c_w.l(__scatter_zi.o)
    0x000001b8   0x000001b8   0x00000000   Code   RO         1587    .ARM.Collect$$_printf_percent$$00000000  c_w.l(_printf_percent.o)
    0x000001b8   0x000001b8   0x00000006   Code   RO         1586    .ARM.Collect$$_printf_percent$$00000003  c_w.l(_printf_f.o)
    0x000001be   0x000001be   0x00000006   Code   RO         1585    .ARM.Collect$$_printf_percent$$00000009  c_w.l(_printf_d.o)
    0x000001c4   0x000001c4   0x00000004   Code   RO         1671    .ARM.Collect$$_printf_percent$$00000017  c_w.l(_printf_percent_end.o)
    0x000001c8   0x000001c8   0x00000002   Code   RO         1820    .ARM.Collect$$libinit$$00000000  c_w.l(libinit.o)
    0x000001ca   0x000001ca   0x00000004   Code   RO         1821    .ARM.Collect$$libinit$$00000001  c_w.l(libinit2.o)
    0x000001ce   0x000001ce   0x00000000   Code   RO         1824    .ARM.Collect$$libinit$$00000004  c_w.l(libinit2.o)
    0x000001ce   0x000001ce   0x00000000   Code   RO         1827    .ARM.Collect$$libinit$$0000000A  c_w.l(libinit2.o)
    0x000001ce   0x000001ce   0x00000000   Code   RO         1829    .ARM.Collect$$libinit$$0000000C  c_w.l(libinit2.o)
    0x000001ce   0x000001ce   0x00000000   Code   RO         1831    .ARM.Collect$$libinit$$0000000E  c_w.l(libinit2.o)
    0x000001ce   0x000001ce   0x00000006   Code   RO         1832    .ARM.Collect$$libinit$$0000000F  c_w.l(libinit2.o)
    0x000001d4   0x000001d4   0x00000000   Code   RO         1834    .ARM.Collect$$libinit$$00000011  c_w.l(libinit2.o)
    0x000001d4   0x000001d4   0x00000000   Code   RO         1836    .ARM.Collect$$libinit$$00000013  c_w.l(libinit2.o)
    0x000001d4   0x000001d4   0x00000000   Code   RO         1838    .ARM.Collect$$libinit$$00000015  c_w.l(libinit2.o)
    0x000001d4   0x000001d4   0x0000000a   Code   RO         1839    .ARM.Collect$$libinit$$00000016  c_w.l(libinit2.o)
    0x000001de   0x000001de   0x00000000   Code   RO         1840    .ARM.Collect$$libinit$$00000017  c_w.l(libinit2.o)
    0x000001de   0x000001de   0x00000000   Code   RO         1842    .ARM.Collect$$libinit$$00000019  c_w.l(libinit2.o)
    0x000001de   0x000001de   0x00000000   Code   RO         1844    .ARM.Collect$$libinit$$0000001B  c_w.l(libinit2.o)
    0x000001de   0x000001de   0x00000000   Code   RO         1846    .ARM.Collect$$libinit$$0000001D  c_w.l(libinit2.o)
    0x000001de   0x000001de   0x00000000   Code   RO         1848    .ARM.Collect$$libinit$$0000001F  c_w.l(libinit2.o)
    0x000001de   0x000001de   0x00000000   Code   RO         1850    .ARM.Collect$$libinit$$00000021  c_w.l(libinit2.o)
    0x000001de   0x000001de   0x00000000   Code   RO         1852    .ARM.Collect$$libinit$$00000023  c_w.l(libinit2.o)
    0x000001de   0x000001de   0x00000000   Code   RO         1854    .ARM.Collect$$libinit$$00000025  c_w.l(libinit2.o)
    0x000001de   0x000001de   0x00000000   Code   RO         1858    .ARM.Collect$$libinit$$0000002C  c_w.l(libinit2.o)
    0x000001de   0x000001de   0x00000000   Code   RO         1860    .ARM.Collect$$libinit$$0000002E  c_w.l(libinit2.o)
    0x000001de   0x000001de   0x00000000   Code   RO         1862    .ARM.Collect$$libinit$$00000030  c_w.l(libinit2.o)
    0x000001de   0x000001de   0x00000000   Code   RO         1864    .ARM.Collect$$libinit$$00000032  c_w.l(libinit2.o)
    0x000001de   0x000001de   0x00000002   Code   RO         1865    .ARM.Collect$$libinit$$00000033  c_w.l(libinit2.o)
    0x000001e0   0x000001e0   0x00000002   Code   RO         1899    .ARM.Collect$$libshutdown$$00000000  c_w.l(libshutdown.o)
    0x000001e2   0x000001e2   0x00000000   Code   RO         1910    .ARM.Collect$$libshutdown$$00000002  c_w.l(libshutdown2.o)
    0x000001e2   0x000001e2   0x00000000   Code   RO         1912    .ARM.Collect$$libshutdown$$00000004  c_w.l(libshutdown2.o)
    0x000001e2   0x000001e2   0x00000000   Code   RO         1915    .ARM.Collect$$libshutdown$$00000007  c_w.l(libshutdown2.o)
    0x000001e2   0x000001e2   0x00000000   Code   RO         1918    .ARM.Collect$$libshutdown$$0000000A  c_w.l(libshutdown2.o)
    0x000001e2   0x000001e2   0x00000000   Code   RO         1920    .ARM.Collect$$libshutdown$$0000000C  c_w.l(libshutdown2.o)
    0x000001e2   0x000001e2   0x00000000   Code   RO         1923    .ARM.Collect$$libshutdown$$0000000F  c_w.l(libshutdown2.o)
    0x000001e2   0x000001e2   0x00000002   Code   RO         1924    .ARM.Collect$$libshutdown$$00000010  c_w.l(libshutdown2.o)
    0x000001e4   0x000001e4   0x00000000   Code   RO         1660    .ARM.Collect$$rtentry$$00000000  c_w.l(__rtentry.o)
    0x000001e4   0x000001e4   0x00000000   Code   RO         1742    .ARM.Collect$$rtentry$$00000002  c_w.l(__rtentry2.o)
    0x000001e4   0x000001e4   0x00000006   Code   RO         1754    .ARM.Collect$$rtentry$$00000004  c_w.l(__rtentry4.o)
    0x000001ea   0x000001ea   0x00000000   Code   RO         1744    .ARM.Collect$$rtentry$$00000009  c_w.l(__rtentry2.o)
    0x000001ea   0x000001ea   0x00000004   Code   RO         1745    .ARM.Collect$$rtentry$$0000000A  c_w.l(__rtentry2.o)
    0x000001ee   0x000001ee   0x00000000   Code   RO         1747    .ARM.Collect$$rtentry$$0000000C  c_w.l(__rtentry2.o)
    0x000001ee   0x000001ee   0x00000008   Code   RO         1748    .ARM.Collect$$rtentry$$0000000D  c_w.l(__rtentry2.o)
    0x000001f6   0x000001f6   0x00000002   Code   RO         1868    .ARM.Collect$$rtexit$$00000000  c_w.l(rtexit.o)
    0x000001f8   0x000001f8   0x00000000   Code   RO         1877    .ARM.Collect$$rtexit$$00000002  c_w.l(rtexit2.o)
    0x000001f8   0x000001f8   0x00000004   Code   RO         1878    .ARM.Collect$$rtexit$$00000003  c_w.l(rtexit2.o)
    0x000001fc   0x000001fc   0x00000006   Code   RO         1879    .ARM.Collect$$rtexit$$00000004  c_w.l(rtexit2.o)
    0x00000202   0x00000202   0x00000002   PAD
    0x00000204   0x00000204   0x00000026   Code   RO         1338    .emb_text           msp432p4xx_driverlib.lib(cpu.o)
    0x0000022a   0x0000022a   0x00000002   PAD
    0x0000022c   0x0000022c   0x00000040   Code   RO          653    .text               startup_msp432p401r_uvision.o
    0x0000026c   0x0000026c   0x00000028   Code   RO         1559    .text               c_w.l(noretval__2sprintf.o)
    0x00000294   0x00000294   0x00000078   Code   RO         1563    .text               c_w.l(_printf_dec.o)
    0x0000030c   0x0000030c   0x00000138   Code   RO         1577    .text               c_w.l(__printf_flags_wp.o)
    0x00000444   0x00000444   0x0000004e   Code   RO         1588    .text               c_w.l(rt_memclr_w.o)
    0x00000492   0x00000492   0x00000006   Code   RO         1590    .text               c_w.l(heapauxi.o)
    0x00000498   0x00000498   0x00000016   Code   RO         1661    .text               c_w.l(_rserrno.o)
    0x000004ae   0x000004ae   0x000000b2   Code   RO         1663    .text               c_w.l(_printf_intcommon.o)
    0x00000560   0x00000560   0x0000041e   Code   RO         1665    .text               c_w.l(_printf_fp_dec.o)
    0x0000097e   0x0000097e   0x00000002   PAD
    0x00000980   0x00000980   0x00000030   Code   RO         1667    .text               c_w.l(_printf_char_common.o)
    0x000009b0   0x000009b0   0x0000000a   Code   RO         1669    .text               c_w.l(_sputc.o)
    0x000009ba   0x000009ba   0x00000002   PAD
    0x000009bc   0x000009bc   0x00000008   Code   RO         1759    .text               c_w.l(rt_locale_intlibspace.o)
    0x000009c4   0x000009c4   0x00000008   Code   RO         1764    .text               c_w.l(rt_errno_addr_intlibspace.o)
    0x000009cc   0x000009cc   0x0000008a   Code   RO         1766    .text               c_w.l(lludiv10.o)
    0x00000a56   0x00000a56   0x00000002   PAD
    0x00000a58   0x00000a58   0x00000080   Code   RO         1768    .text               c_w.l(_printf_fp_infnan.o)
    0x00000ad8   0x00000ad8   0x000000e4   Code   RO         1772    .text               c_w.l(bigflt0.o)
    0x00000bbc   0x00000bbc   0x00000008   Code   RO         1806    .text               c_w.l(libspace.o)
    0x00000bc4   0x00000bc4   0x0000004a   Code   RO         1809    .text               c_w.l(sys_stackheap_outer.o)
    0x00000c0e   0x00000c0e   0x00000012   Code   RO         1811    .text               c_w.l(exit.o)
    0x00000c20   0x00000c20   0x00000080   Code   RO         1813    .text               c_w.l(strcmpv7m.o)
    0x00000ca0   0x00000ca0   0x0000000c   Code   RO         1889    .text               c_w.l(sys_exit.o)
    0x00000cac   0x00000cac   0x00000002   Code   RO         1900    .text               c_w.l(use_no_semi.o)
    0x00000cae   0x00000cae   0x00000000   Code   RO         1902    .text               c_w.l(indicate_semi.o)
    0x00000cae   0x00000cae   0x00000002   PAD
    0x00000cb0   0x00000cb0   0x00000044   Code   RO         1460    .text.arm_bitreversal_32  arm_cortexM4lf_math.lib(arm_bitreversal2.o)
    0x00000cf4   0x00000cf4   0x000000e0   Code   RO         1197    .text.arm_cfft_f32  arm_cortexM4lf_math.lib(arm_cfft_f32.o)
    0x00000dd4   0x00000dd4   0x000000b4   Code   RO         1207    .text.arm_cfft_init_f32  arm_cortexM4lf_math.lib(arm_cfft_init_f32.o)
    0x00000e88   0x00000e88   0x00000198   Code   RO         1193    .text.arm_cfft_radix8by2_f32  arm_cortexM4lf_math.lib(arm_cfft_f32.o)
    0x00001020   0x00001020   0x000003fc   Code   RO         1195    .text.arm_cfft_radix8by4_f32  arm_cortexM4lf_math.lib(arm_cfft_f32.o)
    0x0000141c   0x0000141c   0x000005b2   Code   RO         1472    .text.arm_radix8_butterfly_f32  arm_cortexM4lf_math.lib(arm_cfft_radix8_f32.o)
    0x000019ce   0x000019ce   0x0000003e   Code   RO         1775    CL$$btod_d2e        c_w.l(btod.o)
    0x00001a0c   0x00001a0c   0x00000046   Code   RO         1777    CL$$btod_d2e_denorm_low  c_w.l(btod.o)
    0x00001a52   0x00001a52   0x00000060   Code   RO         1776    CL$$btod_d2e_norm_op1  c_w.l(btod.o)
    0x00001ab2   0x00001ab2   0x00000338   Code   RO         1785    CL$$btod_div_common  c_w.l(btod.o)
    0x00001dea   0x00001dea   0x000000dc   Code   RO         1782    CL$$btod_e2e        c_w.l(btod.o)
    0x00001ec6   0x00001ec6   0x0000002a   Code   RO         1779    CL$$btod_ediv       c_w.l(btod.o)
    0x00001ef0   0x00001ef0   0x0000002a   Code   RO         1778    CL$$btod_emul       c_w.l(btod.o)
    0x00001f1a   0x00001f1a   0x00000244   Code   RO         1784    CL$$btod_mult_common  c_w.l(btod.o)
    0x0000215e   0x0000215e   0x00000002   PAD
    0x00002160   0x00002160   0x00000100   Code   RO          315    i.ADC14Init         adc.o
    0x00002260   0x00002260   0x00000014   Code   RO          723    i.ADC14_setResolution  msp432p4xx_driverlib.lib(adc14.o)
    0x00002274   0x00002274   0x000000fc   Code   RO          788    i.CS_initClockSignal  msp432p4xx_driverlib.lib(cs.o)
    0x00002370   0x00002370   0x0000000c   Code   RO          794    i.CS_setExternalClockSourceFrequency  msp432p4xx_driverlib.lib(cs.o)
    0x0000237c   0x0000237c   0x00000006   Code   RO          797    i.CS_startHFXT      msp432p4xx_driverlib.lib(cs.o)
    0x00002382   0x00002382   0x00000002   PAD
    0x00002384   0x00002384   0x00000144   Code   RO          798    i.CS_startHFXTWithTimeout  msp432p4xx_driverlib.lib(cs.o)
    0x000024c8   0x000024c8   0x0000005c   Code   RO          316    i.Change_Simple_Rate  adc.o
    0x00002524   0x00002524   0x00000054   Code   RO          348    i.DMA_INT1_IRQHandler  dma.o
    0x00002578   0x00002578   0x00000018   Code   RO          847    i.DMA_clearInterruptFlag  msp432p4xx_driverlib.lib(dma.o)
    0x00002590   0x00002590   0x00000090   Code   RO          349    i.DMA_confing       dma.o
    0x00002620   0x00002620   0x0000002c   Code   RO          930    i.FlashCtl_setWaitState  msp432p4xx_driverlib.lib(flash.o)
    0x0000264c   0x0000264c   0x00000048   Code   RO          998    i.GPIO_setAsPeripheralModuleFunctionOutputPin  msp432p4xx_driverlib.lib(gpio.o)
    0x00002694   0x00002694   0x00000064   Code   RO         1037    i.Interrupt_enableInterrupt  msp432p4xx_driverlib.lib(interrupt.o)
    0x000026f8   0x000026f8   0x0000000e   Code   RO         1038    i.Interrupt_enableMaster  msp432p4xx_driverlib.lib(interrupt.o)
    0x00002706   0x00002706   0x00000002   PAD
    0x00002708   0x00002708   0x0000004c   Code   RO         1086    i.PCM_getCoreVoltageLevel  msp432p4xx_driverlib.lib(pcm.o)
    0x00002754   0x00002754   0x00000044   Code   RO         1089    i.PCM_getPowerMode  msp432p4xx_driverlib.lib(pcm.o)
    0x00002798   0x00002798   0x00000008   Code   RO         1098    i.PCM_setCoreVoltageLevel  msp432p4xx_driverlib.lib(pcm.o)
    0x000027a0   0x000027a0   0x00000030   Code   RO          513    i.PORT1_IRQHandler  my_key.o
    0x000027d0   0x000027d0   0x00000010   Code   RO         1395    i.SysCtl_disableNMISource  msp432p4xx_driverlib.lib(sysctl.o)
    0x000027e0   0x000027e0   0x00000010   Code   RO         1400    i.SysCtl_enableNMISource  msp432p4xx_driverlib.lib(sysctl.o)
    0x000027f0   0x000027f0   0x0000000c   Code   RO         1405    i.SysCtl_getNMISourceStatus  msp432p4xx_driverlib.lib(sysctl.o)
    0x000027fc   0x000027fc   0x0000006c   Code   RO          661    i.SystemInit        system_msp432p401r.o
    0x00002868   0x00002868   0x00000018   Code   RO         1167    i.UART_transmitData  msp432p4xx_driverlib.lib(uart.o)
    0x00002880   0x00002880   0x00000014   Code   RO          258    i.USART0PutChar     usart.o
    0x00002894   0x00002894   0x00000016   Code   RO          259    i.USART0PutString   usart.o
    0x000028aa   0x000028aa   0x00000002   PAD
    0x000028ac   0x000028ac   0x00000014   Code   RO          260    i.USART1PutChar     usart.o
    0x000028c0   0x000028c0   0x00000016   Code   RO          261    i.USART1PutString   usart.o
    0x000028d6   0x000028d6   0x00000002   PAD
    0x000028d8   0x000028d8   0x00000038   Code   RO          262    i.Usart0tInit       usart.o
    0x00002910   0x00002910   0x00000038   Code   RO          263    i.Usart1tInit       usart.o
    0x00002948   0x00002948   0x00000030   Code   RO         1719    i.__ARM_fpclassify  m_wm.l(fpclassify.o)
    0x00002978   0x00002978   0x00000100   Code   RO         1109    i.__PCM_setCoreVoltageLevelAdvanced  msp432p4xx_driverlib.lib(pcm.o)
    0x00002a78   0x00002a78   0x000000e4   Code   RO         1110    i.__PCM_setPowerModeAdvanced  msp432p4xx_driverlib.lib(pcm.o)
    0x00002b5c   0x00002b5c   0x00000150   Code   RO         1610    i.__hardfp_cosf     m_wm.l(cosf.o)
    0x00002cac   0x00002cac   0x00000004   PAD
    0x00002cb0   0x00002cb0   0x00000c50   Code   RO         1622    i.__hardfp_pow      m_wm.l(pow.o)
    0x00003900   0x00003900   0x0000007a   Code   RO         1636    i.__hardfp_sqrt     m_wm.l(sqrt.o)
    0x0000397a   0x0000397a   0x0000003a   Code   RO         1648    i.__hardfp_sqrtf    m_wm.l(sqrtf.o)
    0x000039b4   0x000039b4   0x000000f8   Code   RO         1735    i.__kernel_poly     m_wm.l(poly.o)
    0x00003aac   0x00003aac   0x00000004   PAD
    0x00003ab0   0x00003ab0   0x00000030   Code   RO         1699    i.__mathlib_dbl_divzero  m_wm.l(dunder.o)
    0x00003ae0   0x00003ae0   0x00000014   Code   RO         1701    i.__mathlib_dbl_infnan2  m_wm.l(dunder.o)
    0x00003af4   0x00003af4   0x00000004   PAD
    0x00003af8   0x00003af8   0x00000020   Code   RO         1702    i.__mathlib_dbl_invalid  m_wm.l(dunder.o)
    0x00003b18   0x00003b18   0x00000020   Code   RO         1703    i.__mathlib_dbl_overflow  m_wm.l(dunder.o)
    0x00003b38   0x00003b38   0x00000020   Code   RO         1705    i.__mathlib_dbl_underflow  m_wm.l(dunder.o)
    0x00003b58   0x00003b58   0x00000006   Code   RO         1722    i.__mathlib_flt_infnan  m_wm.l(funder.o)
    0x00003b5e   0x00003b5e   0x00000002   PAD
    0x00003b60   0x00003b60   0x00000010   Code   RO         1724    i.__mathlib_flt_invalid  m_wm.l(funder.o)
    0x00003b70   0x00003b70   0x00000154   Code   RO         1738    i.__mathlib_rredf2  m_wm.l(rredf.o)
    0x00003cc4   0x00003cc4   0x0000000e   Code   RO         1575    i._is_digit         c_w.l(__printf_wp.o)
    0x00003cd2   0x00003cd2   0x00000002   PAD
    0x00003cd4   0x00003cd4   0x000000a4   Code   RO          385    i.amplitude         measure.o
    0x00003d78   0x00003d78   0x00000030   Code   RO          585    i.arm_rfft_1024_fast_init_f32  arm_rfft_fast_init_f32.o
    0x00003da8   0x00003da8   0x0000002c   Code   RO          586    i.arm_rfft_128_fast_init_f32  arm_rfft_fast_init_f32.o
    0x00003dd4   0x00003dd4   0x00000030   Code   RO          587    i.arm_rfft_2048_fast_init_f32  arm_rfft_fast_init_f32.o
    0x00003e04   0x00003e04   0x00000030   Code   RO          588    i.arm_rfft_256_fast_init_f32  arm_rfft_fast_init_f32.o
    0x00003e34   0x00003e34   0x0000002c   Code   RO          589    i.arm_rfft_32_fast_init_f32  arm_rfft_fast_init_f32.o
    0x00003e60   0x00003e60   0x00000030   Code   RO          590    i.arm_rfft_4096_fast_init_f32  arm_rfft_fast_init_f32.o
    0x00003e90   0x00003e90   0x00000030   Code   RO          591    i.arm_rfft_512_fast_init_f32  arm_rfft_fast_init_f32.o
    0x00003ec0   0x00003ec0   0x0000002c   Code   RO          592    i.arm_rfft_64_fast_init_f32  arm_rfft_fast_init_f32.o
    0x00003eec   0x00003eec   0x00000042   Code   RO          549    i.arm_rfft_fast_f32  arm_rfft_fast_f32.o
    0x00003f2e   0x00003f2e   0x00000002   PAD
    0x00003f30   0x00003f30   0x0000008c   Code   RO          593    i.arm_rfft_fast_init_f32  arm_rfft_fast_init_f32.o
    0x00003fbc   0x00003fbc   0x00000344   Code   RO          386    i.calculate_THDx    measure.o
    0x00004300   0x00004300   0x00000064   Code   RO          387    i.calculate_hanning  measure.o
    0x00004364   0x00004364   0x00000070   Code   RO            4    i.clk_init          main.o
    0x000043d4   0x000043d4   0x0000004c   Code   RO          458    i.connect_udp       esp8266.o
    0x00004420   0x00004420   0x00000018   Code   RO         1715    i.fabs              m_wm.l(fabs.o)
    0x00004438   0x00004438   0x00000044   Code   RO          388    i.find_max_index    measure.o
    0x0000447c   0x0000447c   0x00000118   Code   RO          389    i.find_muti         measure.o
    0x00004594   0x00004594   0x000000ec   Code   RO          390    i.get_signal        measure.o
    0x00004680   0x00004680   0x00000078   Code   RO          459    i.init_esp8266      esp8266.o
    0x000046f8   0x000046f8   0x000000d2   Code   RO          391    i.inter_data        measure.o
    0x000047ca   0x000047ca   0x00000002   PAD
    0x000047cc   0x000047cc   0x00000044   Code   RO          514    i.key_init          my_key.o
    0x00004810   0x00004810   0x00000050   Code   RO            5    i.main              main.o
    0x00004860   0x00004860   0x000000bc   Code   RO          550    i.merge_rfft_f32    arm_rfft_fast_f32.o
    0x0000491c   0x0000491c   0x000000bc   Code   RO          392    i.peek_measure      measure.o
    0x000049d8   0x000049d8   0x000002b4   Code   RO          460    i.send_THDx         esp8266.o
    0x00004c8c   0x00004c8c   0x00000144   Code   RO          461    i.send_fft          esp8266.o
    0x00004dd0   0x00004dd0   0x00000288   Code   RO          462    i.send_point        esp8266.o
    0x00005058   0x00005058   0x0000006e   Code   RO         1638    i.sqrt              m_wm.l(sqrt.o)
    0x000050c6   0x000050c6   0x00000102   Code   RO          551    i.stage_rfft_f32    arm_rfft_fast_f32.o
    0x000051c8   0x000051c8   0x0000003c   Code   RO            6    i.start_DMA         main.o
    0x00005204   0x00005204   0x00000014   Code   RO          463    i.timer_delay_ms    esp8266.o
    0x00005218   0x00005218   0x000002fc   Code   RO          393    i.voltage_process   measure.o
    0x00005514   0x00005514   0x0000002c   Code   RO         1798    locale$$code        c_w.l(lc_numeric_c.o)
    0x00005540   0x00005540   0x00000018   Code   RO         1672    x$fpl$basic         fz_wm.l(basic.o)
    0x00005558   0x00005558   0x00000062   Code   RO         1594    x$fpl$d2f           fz_wm.l(d2f.o)
    0x000055ba   0x000055ba   0x00000002   PAD
    0x000055bc   0x000055bc   0x00000150   Code   RO         1596    x$fpl$dadd          fz_wm.l(daddsub_clz.o)
    0x0000570c   0x0000570c   0x00000010   Code   RO         1800    x$fpl$dcheck1       fz_wm.l(dcheck1.o)
    0x0000571c   0x0000571c   0x00000018   Code   RO         1802    x$fpl$dcmpinf       fz_wm.l(dcmpi.o)
    0x00005734   0x00005734   0x000002b0   Code   RO         1603    x$fpl$ddiv          fz_wm.l(ddiv.o)
    0x000059e4   0x000059e4   0x0000002e   Code   RO         1675    x$fpl$dflt          fz_wm.l(dflt_clz.o)
    0x00005a12   0x00005a12   0x00000002   PAD
    0x00005a14   0x00005a14   0x00000078   Code   RO         1680    x$fpl$dleqf         fz_wm.l(dleqf.o)
    0x00005a8c   0x00005a8c   0x00000154   Code   RO         1682    x$fpl$dmul          fz_wm.l(dmul.o)
    0x00005be0   0x00005be0   0x0000009c   Code   RO         1684    x$fpl$dnaninf       fz_wm.l(dnaninf.o)
    0x00005c7c   0x00005c7c   0x0000000c   Code   RO         1686    x$fpl$dretinf       fz_wm.l(dretinf.o)
    0x00005c88   0x00005c88   0x0000006c   Code   RO         1688    x$fpl$drleqf        fz_wm.l(drleqf.o)
    0x00005cf4   0x00005cf4   0x00000016   Code   RO         1597    x$fpl$drsb          fz_wm.l(daddsub_clz.o)
    0x00005d0a   0x00005d0a   0x00000002   PAD
    0x00005d0c   0x00005d0c   0x00000198   Code   RO         1690    x$fpl$dsqrt         fz_wm.l(dsqrt_umaal.o)
    0x00005ea4   0x00005ea4   0x000001d4   Code   RO         1598    x$fpl$dsub          fz_wm.l(daddsub_clz.o)
    0x00006078   0x00006078   0x00000056   Code   RO         1606    x$fpl$f2d           fz_wm.l(f2d.o)
    0x000060ce   0x000060ce   0x0000008c   Code   RO         1692    x$fpl$fnaninf       fz_wm.l(fnaninf.o)
    0x0000615a   0x0000615a   0x0000000a   Code   RO         1872    x$fpl$fpinit        fz_wm.l(fpinit.o)
    0x00006164   0x00006164   0x0000000a   Code   RO         1694    x$fpl$fretinf       fz_wm.l(fretinf.o)
    0x0000616e   0x0000616e   0x00000004   Code   RO         1608    x$fpl$printf1       fz_wm.l(printf1.o)
    0x00006172   0x00006172   0x00000064   Code   RO         1866    x$fpl$retnan        fz_wm.l(retnan.o)
    0x000061d6   0x000061d6   0x0000005c   Code   RO         1696    x$fpl$scalbn        fz_wm.l(scalbn.o)
    0x00006232   0x00006232   0x00000030   Code   RO         1874    x$fpl$trapveneer    fz_wm.l(trapv.o)
    0x00006262   0x00006262   0x00000000   Code   RO         1698    x$fpl$usenofp       fz_wm.l(usenofp.o)
    0x00006262   0x00006262   0x00000002   PAD
    0x00006264   0x00006264   0x00000048   Data   RO          264    .constdata          usart.o
    0x000062ac   0x000062ac   0x00000090   Data   RO         1053    .constdata          msp432p4xx_driverlib.lib(interrupt.o)
    0x0000633c   0x0000633c   0x00000011   Data   RO         1578    .constdata          c_w.l(__printf_flags_wp.o)
    0x0000634d   0x0000634d   0x00000003   PAD
    0x00006350   0x00006350   0x00000088   Data   RO         1625    .constdata          m_wm.l(pow.o)
    0x000063d8   0x000063d8   0x00000008   Data   RO         1737    .constdata          m_wm.l(qnan.o)
    0x000063e0   0x000063e0   0x00000020   Data   RO         1739    .constdata          m_wm.l(rredf.o)
    0x00006400   0x00006400   0x00000094   Data   RO         1773    .constdata          c_w.l(bigflt0.o)
    0x00006494   0x00006494   0x00000e10   Data   RO         1268    .rodata.armBitRevIndexTable1024  arm_cortexM4lf_math.lib(arm_common_tables.o)
    0x000072a4   0x000072a4   0x000001a0   Data   RO         1265    .rodata.armBitRevIndexTable128  arm_cortexM4lf_math.lib(arm_common_tables.o)
    0x00007444   0x00007444   0x00000028   Data   RO         1262    .rodata.armBitRevIndexTable16  arm_cortexM4lf_math.lib(arm_common_tables.o)
    0x0000746c   0x0000746c   0x00001dc0   Data   RO         1269    .rodata.armBitRevIndexTable2048  arm_cortexM4lf_math.lib(arm_common_tables.o)
    0x0000922c   0x0000922c   0x00000370   Data   RO         1266    .rodata.armBitRevIndexTable256  arm_cortexM4lf_math.lib(arm_common_tables.o)
    0x0000959c   0x0000959c   0x00000060   Data   RO         1263    .rodata.armBitRevIndexTable32  arm_cortexM4lf_math.lib(arm_common_tables.o)
    0x000095fc   0x000095fc   0x00001f80   Data   RO         1270    .rodata.armBitRevIndexTable4096  arm_cortexM4lf_math.lib(arm_common_tables.o)
    0x0000b57c   0x0000b57c   0x00000380   Data   RO         1267    .rodata.armBitRevIndexTable512  arm_cortexM4lf_math.lib(arm_common_tables.o)
    0x0000b8fc   0x0000b8fc   0x00000070   Data   RO         1264    .rodata.armBitRevIndexTable64  arm_cortexM4lf_math.lib(arm_common_tables.o)
    0x0000b96c   0x0000b96c   0x00000010   Data   RO         1496    .rodata.arm_cfft_sR_f32_len1024  arm_cortexM4lf_math.lib(arm_const_structs.o)
    0x0000b97c   0x0000b97c   0x00000010   Data   RO         1493    .rodata.arm_cfft_sR_f32_len128  arm_cortexM4lf_math.lib(arm_const_structs.o)
    0x0000b98c   0x0000b98c   0x00000010   Data   RO         1490    .rodata.arm_cfft_sR_f32_len16  arm_cortexM4lf_math.lib(arm_const_structs.o)
    0x0000b99c   0x0000b99c   0x00000010   Data   RO         1497    .rodata.arm_cfft_sR_f32_len2048  arm_cortexM4lf_math.lib(arm_const_structs.o)
    0x0000b9ac   0x0000b9ac   0x00000010   Data   RO         1494    .rodata.arm_cfft_sR_f32_len256  arm_cortexM4lf_math.lib(arm_const_structs.o)
    0x0000b9bc   0x0000b9bc   0x00000010   Data   RO         1491    .rodata.arm_cfft_sR_f32_len32  arm_cortexM4lf_math.lib(arm_const_structs.o)
    0x0000b9cc   0x0000b9cc   0x00000010   Data   RO         1498    .rodata.arm_cfft_sR_f32_len4096  arm_cortexM4lf_math.lib(arm_const_structs.o)
    0x0000b9dc   0x0000b9dc   0x00000010   Data   RO         1495    .rodata.arm_cfft_sR_f32_len512  arm_cortexM4lf_math.lib(arm_const_structs.o)
    0x0000b9ec   0x0000b9ec   0x00000010   Data   RO         1492    .rodata.arm_cfft_sR_f32_len64  arm_cortexM4lf_math.lib(arm_const_structs.o)
    0x0000b9fc   0x0000b9fc   0x00002000   Data   RO         1232    .rodata.twiddleCoef_1024  arm_cortexM4lf_math.lib(arm_common_tables.o)
    0x0000d9fc   0x0000d9fc   0x00000400   Data   RO         1229    .rodata.twiddleCoef_128  arm_cortexM4lf_math.lib(arm_common_tables.o)
    0x0000ddfc   0x0000ddfc   0x00000080   Data   RO         1226    .rodata.twiddleCoef_16  arm_cortexM4lf_math.lib(arm_common_tables.o)
    0x0000de7c   0x0000de7c   0x00004000   Data   RO         1233    .rodata.twiddleCoef_2048  arm_cortexM4lf_math.lib(arm_common_tables.o)
    0x00011e7c   0x00011e7c   0x00000800   Data   RO         1230    .rodata.twiddleCoef_256  arm_cortexM4lf_math.lib(arm_common_tables.o)
    0x0001267c   0x0001267c   0x00000100   Data   RO         1227    .rodata.twiddleCoef_32  arm_cortexM4lf_math.lib(arm_common_tables.o)
    0x0001277c   0x0001277c   0x00008000   Data   RO         1234    .rodata.twiddleCoef_4096  arm_cortexM4lf_math.lib(arm_common_tables.o)
    0x0001a77c   0x0001a77c   0x00001000   Data   RO         1231    .rodata.twiddleCoef_512  arm_cortexM4lf_math.lib(arm_common_tables.o)
    0x0001b77c   0x0001b77c   0x00000200   Data   RO         1228    .rodata.twiddleCoef_64  arm_cortexM4lf_math.lib(arm_common_tables.o)
    0x0001b97c   0x0001b97c   0x00001000   Data   RO         1293    .rodata.twiddleCoef_rfft_1024  arm_cortexM4lf_math.lib(arm_common_tables.o)
    0x0001c97c   0x0001c97c   0x00000200   Data   RO         1290    .rodata.twiddleCoef_rfft_128  arm_cortexM4lf_math.lib(arm_common_tables.o)
    0x0001cb7c   0x0001cb7c   0x00002000   Data   RO         1294    .rodata.twiddleCoef_rfft_2048  arm_cortexM4lf_math.lib(arm_common_tables.o)
    0x0001eb7c   0x0001eb7c   0x00000400   Data   RO         1291    .rodata.twiddleCoef_rfft_256  arm_cortexM4lf_math.lib(arm_common_tables.o)
    0x0001ef7c   0x0001ef7c   0x00000080   Data   RO         1288    .rodata.twiddleCoef_rfft_32  arm_cortexM4lf_math.lib(arm_common_tables.o)
    0x0001effc   0x0001effc   0x00004000   Data   RO         1295    .rodata.twiddleCoef_rfft_4096  arm_cortexM4lf_math.lib(arm_common_tables.o)
    0x00022ffc   0x00022ffc   0x00000800   Data   RO         1292    .rodata.twiddleCoef_rfft_512  arm_cortexM4lf_math.lib(arm_common_tables.o)
    0x000237fc   0x000237fc   0x00000100   Data   RO         1289    .rodata.twiddleCoef_rfft_64  arm_cortexM4lf_math.lib(arm_common_tables.o)
    0x000238fc   0x000238fc   0x00000020   Data   RO         1949    Region$$Table       anon$$obj.o
    0x0002391c   0x0002391c   0x0000001c   Data   RO         1797    locale$$data        c_w.l(lc_numeric_c.o)


    Execution Region RW_IRAM1 (Exec base: 0x20000000, Load base: 0x00023938, Size: 0x00006390, Max: 0x00010000, ABSOLUTE)

    Exec Addr    Load Addr    Size         Type   Attr      Idx    E Section Name        Object

    0x20000000   0x00023938   0x00000002   Data   RW            8    .data               main.o
    0x20000002   0x0002393a   0x00000002   PAD
    0x20000004   0x0002393c   0x00000028   Data   RW          317    .data               adc.o
    0x2000002c   0x00023964   0x0000002b   Data   RW          395    .data               measure.o
    0x20000057   0x0002398f   0x00000001   Data   RW          515    .data               my_key.o
    0x20000058   0x00023990   0x00000008   Data   RW          804    .data               msp432p4xx_driverlib.lib(cs.o)
    0x20000060   0x00023998   0x00000030   Data   RW         1006    .data               msp432p4xx_driverlib.lib(gpio.o)
    0x20000090        -       0x0000482c   Zero   RW            7    .bss                main.o
    0x200048bc   0x000239c8   0x00000344   PAD
    0x20004c00        -       0x00000400   Zero   RW          350    .bss                dma.o
    0x20005000        -       0x0000012c   Zero   RW          394    .bss                measure.o
    0x2000512c        -       0x00000200   Zero   RW          464    .bss                esp8266.o
    0x2000532c        -       0x00000060   Zero   RW         1807    .bss                c_w.l(libspace.o)
    0x2000538c   0x000239c8   0x00000004   PAD
    0x20005390        -       0x00000800   Zero   RW          651    HEAP                startup_msp432p401r_uvision.o
    0x20005b90        -       0x00000800   Zero   RW          650    STACK               startup_msp432p401r_uvision.o



  Load Region LR_IROM2 (Base: 0x00200000, Size: 0x00000000, Max: 0x00004000, ABSOLUTE)

    Execution Region ER_IROM2 (Exec base: 0x00200000, Load base: 0x00200000, Size: 0x00000000, Max: 0x00004000, ABSOLUTE)

    **** No section assigned to this execution region ****


==============================================================================

Image component sizes


      Code (inc. data)   RO Data    RW Data    ZI Data      Debug   Object Name

       348         32          0         40          0       1674   adc.o
       512          0          0          0          0       3486   arm_rfft_fast_f32.o
       512         66          0          0          0       7373   arm_rfft_fast_init_f32.o
       228         42          0          0       1024       1850   dma.o
      1880        440          0          0        512       5117   esp8266.o
       252         26          0          2      18476      33784   main.o
      2846        286          0         43        300       8037   measure.o
       116         18          0          1          0       1619   my_key.o
        64         26        324          0       4096        944   startup_msp432p401r_uvision.o
       108         22          0          0          0        561   system_msp432p401r.o
         0          0          0          0          0       1490   systeminit.o
       196         36         72          0          0       3926   usart.o

    ----------------------------------------------------------------------
      7070        994        428         88      25244      69861   Object Totals
         0          0         32          0          0          0   (incl. Generated)
         8          0          0          2        836          0   (incl. Padding)

    ----------------------------------------------------------------------

      Code (inc. data)   RO Data    RW Data    ZI Data      Debug   Library Member Name

        68          0          0          0          0       1792   arm_bitreversal2.o
      1652          0          0          0          0       7236   arm_cfft_f32.o
       180          0          0          0          0       1283   arm_cfft_init_f32.o
      1458          4          0          0          0       5452   arm_cfft_radix8_f32.o
         0          0     119768          0          0       6294   arm_common_tables.o
         0          0        144          0          0       4820   arm_const_structs.o
         8          0          0          0          0         68   __main.o
       312          4         17          0          0         92   __printf_flags_wp.o
        14          0          0          0          0         68   __printf_wp.o
         0          0          0          0          0          0   __rtentry.o
        12          0          0          0          0          0   __rtentry2.o
         6          0          0          0          0          0   __rtentry4.o
        52          8          0          0          0          0   __scatter.o
        26          0          0          0          0          0   __scatter_copy.o
        28          0          0          0          0          0   __scatter_zi.o
        48          6          0          0          0         96   _printf_char_common.o
         6          0          0          0          0          0   _printf_d.o
       120         16          0          0          0         92   _printf_dec.o
         6          0          0          0          0          0   _printf_f.o
      1054          0          0          0          0        216   _printf_fp_dec.o
       128         16          0          0          0         84   _printf_fp_infnan.o
       178          0          0          0          0         88   _printf_intcommon.o
         0          0          0          0          0          0   _printf_percent.o
         4          0          0          0          0          0   _printf_percent_end.o
        22          0          0          0          0        100   _rserrno.o
        10          0          0          0          0         68   _sputc.o
       228          4        148          0          0         96   bigflt0.o
      1936        128          0          0          0        672   btod.o
        18          0          0          0          0         80   exit.o
         6          0          0          0          0        152   heapauxi.o
         0          0          0          0          0          0   indicate_semi.o
        44         10         28          0          0         76   lc_numeric_c.o
         2          0          0          0          0          0   libinit.o
        22          0          0          0          0          0   libinit2.o
         2          0          0          0          0          0   libshutdown.o
         2          0          0          0          0          0   libshutdown2.o
         8          4          0          0         96         68   libspace.o
       138          0          0          0          0         80   lludiv10.o
        40          6          0          0          0         84   noretval__2sprintf.o
         8          4          0          0          0         68   rt_errno_addr_intlibspace.o
         8          4          0          0          0         68   rt_locale_intlibspace.o
        78          0          0          0          0         80   rt_memclr_w.o
         2          0          0          0          0          0   rtexit.o
        10          0          0          0          0          0   rtexit2.o
       128          0          0          0          0         68   strcmpv7m.o
        12          4          0          0          0         68   sys_exit.o
        74          0          0          0          0         80   sys_stackheap_outer.o
         2          0          0          0          0         68   use_no_semi.o
        24          0          0          0          0        164   basic.o
        98          4          0          0          0        140   d2f.o
       826         16          0          0          0        492   daddsub_clz.o
        16          4          0          0          0        116   dcheck1.o
        24          0          0          0          0        116   dcmpi.o
       688        140          0          0          0        256   ddiv.o
        46          0          0          0          0        116   dflt_clz.o
       120          4          0          0          0        140   dleqf.o
       340         12          0          0          0        152   dmul.o
       156          4          0          0          0        140   dnaninf.o
        12          0          0          0          0        116   dretinf.o
       108          0          0          0          0        128   drleqf.o
       408         56          0          0          0        168   dsqrt_umaal.o
        86          4          0          0          0        132   f2d.o
       140          4          0          0          0        132   fnaninf.o
        10          0          0          0          0        116   fpinit.o
        10          0          0          0          0        116   fretinf.o
         4          0          0          0          0        116   printf1.o
       100          0          0          0          0        116   retnan.o
        92          0          0          0          0        116   scalbn.o
        48          0          0          0          0        116   trapv.o
         0          0          0          0          0          0   usenofp.o
       336         56          0          0          0        136   cosf.o
       164         44          0          0          0        620   dunder.o
        24          0          0          0          0        124   fabs.o
        48          0          0          0          0        124   fpclassify.o
        22          6          0          0          0        232   funder.o
       248          0          0          0          0        152   poly.o
      3152        296        136          0          0        352   pow.o
         0          0          8          0          0          0   qnan.o
       340         24         32          0          0        160   rredf.o
       232          0          0          0          0        296   sqrt.o
        58          0          0          0          0        136   sqrtf.o
        20          6          0          0          0        116   adc14.o
        38          0          0          0          0        196   cpu.o
       594         96          0          8          0        500   cs.o
        24          4          0          0          0        116   dma.o
        44          6          0          0          0        116   flash.o
        72          4          0         48          0        116   gpio.o
       114          8        144          0          0        240   interrupt.o
       636        114          0          0          0        636   pcm.o
        44         16          0          0          0        348   sysctl.o
        24          0          0          0          0        116   uart.o

    ----------------------------------------------------------------------
     17794       1150     120428         56        100      37693   Library Totals
        44          4          3          0          4          0   (incl. Padding)

    ----------------------------------------------------------------------

      Code (inc. data)   RO Data    RW Data    ZI Data      Debug   Library Name

      3358          4     119912          0          0      26877   arm_cortexM4lf_math.lib
      4802        214        193          0         96       2780   c_w.l
      3356        248          0          0          0       3204   fz_wm.l
      4624        426        176          0          0       2332   m_wm.l
      1610        254        144         56          0       2500   msp432p4xx_driverlib.lib

    ----------------------------------------------------------------------
     17794       1150     120428         56        100      37693   Library Totals

    ----------------------------------------------------------------------

==============================================================================


      Code (inc. data)   RO Data    RW Data    ZI Data      Debug   

     24864       2144     120856        144      25344      96698   Grand Totals
     24864       2144     120856        144      25344      96698   ELF Image Totals
     24864       2144     120856        144          0          0   ROM Totals

==============================================================================

    Total RO  Size (Code + RO Data)               145720 ( 142.30kB)
    Total RW  Size (RW Data + ZI Data)             25488 (  24.89kB)
    Total ROM Size (Code + RO Data + RW Data)     145864 ( 142.45kB)

==============================================================================

